ARM Linker, 5.03 [Build 76] [MDK-ARM Professional]

==============================================================================

Section Cross References

    startup.o(STACK) refers (Special) to heapauxi.o(.text) for __use_two_region_memory
    startup.o(HEAP) refers (Special) to heapauxi.o(.text) for __use_two_region_memory
    startup.o(RESET) refers (Special) to heapauxi.o(.text) for __use_two_region_memory
    startup.o(RESET) refers to startup.o(STACK) for StackMem
    startup.o(RESET) refers to os_asm.o(.text) for SysTick_Handler
    startup.o(RESET) refers to uart.o(i.UART0_Handler) for UART0_Handler
    startup.o(RESET) refers to adc.o(i.ADC0Seq2_Handler) for ADC0Seq2_Handler
    startup.o(RESET) refers to adc.o(i.Timer1A_Handler) for Timer1A_Handler
    startup.o(RESET) refers to timer2.o(i.Timer2A_Handler) for Timer2A_Handler
    startup.o(RESET) refers to timer2.o(i.GPIOPortF_Handler) for GPIOPortF_Handler
    startup.o(RESET) refers to timer2.o(i.Timer3A_Handler) for Timer3A_Handler
    startup.o(RESET) refers to os.o(i.Timer5A_Handler) for Timer5A_Handler
    startup.o(RESET) refers to __main.o(!!!main) for __main
    startup.o(.text) refers (Special) to heapauxi.o(.text) for __use_two_region_memory
    startup.o(.text) refers to startup.o(HEAP) for HeapMem
    startup.o(.text) refers to startup.o(STACK) for StackMem
    pid_stm32.o(.text) refers to lab2.o(.data) for IntTerm
    lab2.o(i.BackgroundThread1c) refers to os.o(i.OS_Signal) for OS_Signal
    lab2.o(i.BackgroundThread1c) refers to lab2.o(.data) for Count1
    lab2.o(i.BackgroundThread1c) refers to lab2.o(.bss) for Readyc
    lab2.o(i.BackgroundThread1d) refers to os.o(i.OS_bSignal) for OS_bSignal
    lab2.o(i.BackgroundThread1d) refers to lab2.o(.data) for i
    lab2.o(i.BackgroundThread1d) refers to lab2.o(.bss) for Readyd
    lab2.o(i.BackgroundThread5c) refers to os.o(i.OS_AddThread) for OS_AddThread
    lab2.o(i.BackgroundThread5c) refers to lab2.o(i.Thread4c) for Thread4c
    lab2.o(i.BackgroundThread5c) refers to lab2.o(.data) for NumCreated
    lab2.o(i.BackgroundThread5d) refers to os.o(i.OS_AddThread) for OS_AddThread
    lab2.o(i.BackgroundThread5d) refers to lab2.o(i.Thread4d) for Thread4d
    lab2.o(i.BackgroundThread5d) refers to lab2.o(.data) for NumCreated
    lab2.o(i.BackgroundThread8Producer) refers to os.o(i.OS_Fifo_Put) for OS_Fifo_Put
    lab2.o(i.BackgroundThread8Producer) refers to lab2.o(.data) for Count1
    lab2.o(i.ButtonWork) refers to os.o(i.OS_Id) for OS_Id
    lab2.o(i.ButtonWork) refers to st7735.o(i.ST7735_Message) for ST7735_Message
    lab2.o(i.ButtonWork) refers to os.o(i.OS_Sleep) for OS_Sleep
    lab2.o(i.ButtonWork) refers to os.o(i.OS_Kill) for OS_Kill
    lab2.o(i.ButtonWork) refers to lab2.o(.data) for NumCreated
    lab2.o(i.Consumer) refers to os.o(i.OS_Id) for OS_Id
    lab2.o(i.Consumer) refers to adc.o(i.ADC_Collect) for ADC_Collect
    lab2.o(i.Consumer) refers to os.o(i.OS_AddThread) for OS_AddThread
    lab2.o(i.Consumer) refers to os.o(i.OS_Fifo_Get) for OS_Fifo_Get
    lab2.o(i.Consumer) refers to cr4_fft_64_stm32.o(.text) for cr4_fft_64_stm32
    lab2.o(i.Consumer) refers to os.o(i.OS_MailBox_Send) for OS_MailBox_Send
    lab2.o(i.Consumer) refers to os.o(i.OS_Kill) for OS_Kill
    lab2.o(i.Consumer) refers to lab2.o(i.Producer) for Producer
    lab2.o(i.Consumer) refers to lab2.o(i.Display) for Display
    lab2.o(i.Consumer) refers to lab2.o(.data) for NumCreated
    lab2.o(i.Consumer) refers to lab2.o(.bss) for x
    lab2.o(i.ConsumerThread8) refers to os.o(i.OS_Fifo_Get) for OS_Fifo_Get
    lab2.o(i.ConsumerThread8) refers to lab2.o(.data) for Count2
    lab2.o(i.DAS) refers to adc.o(i.ADC_In) for ADC_In
    lab2.o(i.DAS) refers to os.o(i.OS_Time) for OS_Time
    lab2.o(i.DAS) refers to lab2.o(i.Filter) for Filter
    lab2.o(i.DAS) refers to os.o(i.OS_TimeDifference) for OS_TimeDifference
    lab2.o(i.DAS) refers to lab2.o(.data) for NumSamples
    lab2.o(i.DAS) refers to lab2.o(.bss) for JitterHistogram
    lab2.o(i.Display) refers to st7735.o(i.ST7735_Message) for ST7735_Message
    lab2.o(i.Display) refers to os.o(i.OS_MailBox_Recv) for OS_MailBox_Recv
    lab2.o(i.Display) refers to os.o(i.OS_Kill) for OS_Kill
    lab2.o(i.Display) refers to lab2.o(.data) for NumSamples
    lab2.o(i.FillerThread8) refers to lab2.o(.data) for Count3
    lab2.o(i.Filter) refers to lab2.o(.data) for n
    lab2.o(i.Filter) refers to lab2.o(.bss) for x
    lab2.o(i.Interpreter) refers to interpreter.o(i.Interpret) for Interpret
    lab2.o(i.Jitter) refers to os.o(i.OS_Time) for OS_Time
    lab2.o(i.Jitter) refers to uart.o(i.UART_OutString) for UART_OutString
    lab2.o(i.Jitter) refers to uart.o(i.UART_OutUDec) for UART_OutUDec
    lab2.o(i.Jitter) refers to lab2.o(.data) for newTime
    lab2.o(i.OutputThread) refers to uart.o(i.UART_OutString) for UART_OutString
    lab2.o(i.OutputThread) refers to os.o(i.OS_Sleep) for OS_Sleep
[...]
    sys_command.o(.text) refers (Special) to use_no_semi.o(.text) for __I$use$semihosting
    sys_command.o(.text) refers (Special) to indicate_semi.o(.text) for __semihosting_library_function
    defsig_rtmem_outer.o(.text) refers to defsig_rtmem_inner.o(.text) for __rt_SIGRTMEM_inner
    defsig_rtmem_outer.o(.text) refers to defsig_exit.o(.text) for __sig_exit
    defsig_rtmem_formal.o(.text) refers to rt_raise.o(.text) for __rt_raise
    rt_raise.o(.text) refers to __raise.o(.text) for __raise
    rt_raise.o(.text) refers to sys_exit.o(.text) for _sys_exit
    defsig_exit.o(.text) refers to sys_exit.o(.text) for _sys_exit
    defsig_rtmem_inner.o(.text) refers to defsig_general.o(.text) for __default_signal_display
    __raise.o(.text) refers to defsig.o(CL$$defsig) for __default_signal_handler
    defsig_general.o(.text) refers to sys_wrch.o(.text) for _ttywrch
    sys_wrch.o(.text) refers (Special) to use_no_semi.o(.text) for __I$use$semihosting
    sys_wrch.o(.text) refers (Special) to indicate_semi.o(.text) for __semihosting_library_function
    defsig.o(CL$$defsig) refers to defsig_rtmem_inner.o(.text) for __rt_SIGRTMEM_inner
    defsig_abrt_inner.o(.text) refers to defsig_general.o(.text) for __default_signal_display
    defsig_fpe_inner.o(.text) refers to defsig_general.o(.text) for __default_signal_display
    defsig_rtred_inner.o(.text) refers to defsig_general.o(.text) for __default_signal_display
    defsig_stak_inner.o(.text) refers to defsig_general.o(.text) for __default_signal_display
    defsig_pvfn_inner.o(.text) refers to defsig_general.o(.text) for __default_signal_display
    defsig_cppl_inner.o(.text) refers to defsig_general.o(.text) for __default_signal_display
    defsig_segv_inner.o(.text) refers to defsig_general.o(.text) for __default_signal_display
    defsig_other.o(.text) refers to defsig_general.o(.text) for __default_signal_display


==============================================================================

Removing Unused input sections from the image.

    Removing lab2.o(i.BackgroundThread1c), (28 bytes).
    Removing lab2.o(i.BackgroundThread1d), (56 bytes).
    Removing lab2.o(i.BackgroundThread5c), (32 bytes).
    Removing lab2.o(i.BackgroundThread5d), (32 bytes).
    Removing lab2.o(i.BackgroundThread8Producer), (44 bytes).
    Removing lab2.o(i.ConsumerThread8), (76 bytes).
    Removing lab2.o(i.FillerThread8), (24 bytes).
    Removing lab2.o(i.Jitter), (84 bytes).
    Removing lab2.o(i.OutputThread), (220 bytes).
    Removing lab2.o(i.PseudoWork), (32 bytes).
    Removing lab2.o(i.Signal1), (40 bytes).
    Removing lab2.o(i.Signal2), (40 bytes).
    Removing lab2.o(i.Signal3), (48 bytes).
    Removing lab2.o(i.TaskA), (44 bytes).
    Removing lab2.o(i.TaskB), (44 bytes).
    Removing lab2.o(i.Testmain8), (136 bytes).
    Removing lab2.o(i.Thread1), (44 bytes).
    Removing lab2.o(i.Thread1b), (48 bytes).
    Removing lab2.o(i.Thread2), (44 bytes).
    Removing lab2.o(i.Thread2b), (48 bytes).
    Removing lab2.o(i.Thread2c), (104 bytes).
    Removing lab2.o(i.Thread2d), (52 bytes).
    Removing lab2.o(i.Thread3), (44 bytes).
    Removing lab2.o(i.Thread3b), (40 bytes).
    Removing lab2.o(i.Thread3c), (24 bytes).
    Removing lab2.o(i.Thread3d), (24 bytes).
    Removing lab2.o(i.Thread4c), (44 bytes).
    Removing lab2.o(i.Thread4d), (40 bytes).
    Removing lab2.o(i.Thread5c), (60 bytes).
    Removing lab2.o(i.Thread6), (40 bytes).
    Removing lab2.o(i.Thread7), (80 bytes).
    Removing lab2.o(i.Thread8), (20 bytes).
    Removing lab2.o(i.Wait1), (28 bytes).
    Removing lab2.o(i.Wait2), (28 bytes).
    Removing lab2.o(i.Wait3), (28 bytes).
    Removing lab2.o(i.add), (20 bytes).
    Removing lab2.o(i.testmain1), (112 bytes).
    Removing lab2.o(i.testmain2), (108 bytes).
    Removing lab2.o(i.testmain3), (132 bytes).
    Removing lab2.o(i.testmain4), (140 bytes).
    Removing lab2.o(i.testmain5), (120 bytes).
    Removing lab2.o(i.testmain6), (292 bytes).
    Removing lab2.o(i.testmain7), (56 bytes).
    Removing lab2.o(.constdata), (4 bytes).
    Removing fifo.o(i.getFifoSize), (12 bytes).
    Removing st7735.o(i.Output_Color), (12 bytes).
    Removing st7735.o(i.Output_Init), (16 bytes).
    Removing st7735.o(i.Output_Off), (8 bytes).
    Removing st7735.o(i.Output_On), (8 bytes).
    Removing st7735.o(i.ST7735_Color565), (24 bytes).
    Removing st7735.o(i.ST7735_DrawBitmap), (288 bytes).
    Removing st7735.o(i.ST7735_DrawChar), (268 bytes).
    Removing st7735.o(i.ST7735_DrawFastVLine), (124 bytes).
    Removing st7735.o(i.ST7735_InitB), (40 bytes).
    Removing st7735.o(i.ST7735_InvertDisplay), (22 bytes).
    Removing st7735.o(i.ST7735_OutChar), (212 bytes).
    Removing st7735.o(i.ST7735_OutString), (24 bytes).
    Removing st7735.o(i.ST7735_PlotBar), (88 bytes).
    Removing st7735.o(i.ST7735_PlotClear), (92 bytes).
    Removing st7735.o(i.ST7735_PlotLine), (264 bytes).
    Removing st7735.o(i.ST7735_PlotNext), (32 bytes).
    Removing st7735.o(i.ST7735_PlotNextErase), (64 bytes).
    Removing st7735.o(i.ST7735_PlotPoint), (152 bytes).
    Removing st7735.o(i.ST7735_PlotPoints), (172 bytes).
    Removing st7735.o(i.ST7735_PlotdBfs), (60 bytes).
    Removing st7735.o(i.ST7735_SetTextColor), (12 bytes).
    Removing st7735.o(i.ST7735_SwapColor), (18 bytes).
    Removing st7735.o(i.ferror), (8 bytes).
    Removing st7735.o(i.fgetc), (6 bytes).
    Removing st7735.o(i.fputc), (16 bytes).
    Removing os.o(i.OS_EnableInterrupts), (8 bytes).
    Removing os.o(i.OS_Fifo_Size), (4 bytes).
    Removing os.o(i.OS_MsTime), (20 bytes).
    Removing uart.o(i.UART_InCharNonBlock), (20 bytes).
    Removing uart.o(i.UART_InUDec), (76 bytes).
    Removing uart.o(i.UART_InUHex), (108 bytes).
    Removing uart.o(i.UART_OutUHex), (52 bytes).
    Removing systickints.o(i.SysTick_Init), (64 bytes).
    Removing timer2.o(i.Timer4_Handler), (24 bytes).

79 unused section(s) (total 5222 bytes) removed from the image.

==============================================================================

Image Symbol Table

    Local Symbols

    Symbol Name                              Value     Ov Type        Size  Object(Section)

    RESET                                    0x00000000   Section      644  startup.o(RESET)
    ../clib/angel/boardlib.s                 0x00000000   Number         0  boardinit3.o ABSOLUTE
    ../clib/angel/boardlib.s                 0x00000000   Number         0  boardinit2.o ABSOLUTE
    ../clib/angel/boardlib.s                 0x00000000   Number         0  boardinit1.o ABSOLUTE
    ../clib/angel/boardlib.s                 0x00000000   Number         0  boardshut.o ABSOLUTE
    ../clib/angel/handlers.s                 0x00000000   Number         0  __scatter_copy.o ABSOLUTE
    ../clib/angel/handlers.s                 0x00000000   Number         0  __scatter_zi.o ABSOLUTE
    ../clib/angel/kernel.s                   0x00000000   Number         0  rtentry4.o ABSOLUTE
    ../clib/angel/kernel.s                   0x00000000   Number         0  rtexit2.o ABSOLUTE
    ../clib/angel/kernel.s                   0x00000000   Number         0  rtexit.o ABSOLUTE
    ../clib/angel/kernel.s                   0x00000000   Number         0  rtentry2.o ABSOLUTE
    ../clib/angel/kernel.s                   0x00000000   Number         0  rtentry.o ABSOLUTE
    ../clib/angel/rt.s                       0x00000000   Number         0  rt_raise.o ABSOLUTE
    ../clib/angel/scatter.s                  0x00000000   Number         0  __scatter.o ABSOLUTE
    ../clib/angel/startup.s                  0x00000000   Number         0  __main.o ABSOLUTE
    ../clib/angel/sys.s                      0x00000000   Number         0  libspace.o ABSOLUTE
    ../clib/angel/sys.s                      0x00000000   Number         0  indicate_semi.o ABSOLUTE
    ../clib/angel/sys.s                      0x00000000   Number         0  sys_stackheap_outer.o ABSOLUTE
    ../clib/angel/sys.s                      0x00000000   Number         0  use_no_semi.o ABSOLUTE
    ../clib/angel/sysapp.c                   0x00000000   Number         0  sys_wrch.o ABSOLUTE
    ../clib/angel/sysapp.c                   0x00000000   Number         0  sys_exit.o ABSOLUTE
    ../clib/angel/sysapp.c                   0x00000000   Number         0  sys_command.o ABSOLUTE
    ../clib/armsys.c                         0x00000000   Number         0  argv_veneer.o ABSOLUTE
    ../clib/armsys.c                         0x00000000   Number         0  argv_veneer.o ABSOLUTE
    ../clib/armsys.c                         0x00000000   Number         0  _get_argv_nomalloc.o ABSOLUTE
    ../clib/armsys.c                         0x00000000   Number         0  no_argv.o ABSOLUTE
    ../clib/heapalloc.c                      0x00000000   Number         0  hrguard.o ABSOLUTE
    ../clib/heapaux.c                        0x00000000   Number         0  heapauxi.o ABSOLUTE
    ../clib/libinit.s                        0x00000000   Number         0  libinit.o ABSOLUTE
    ../clib/libinit.s                        0x00000000   Number         0  libshutdown.o ABSOLUTE
    ../clib/libinit.s                        0x00000000   Number         0  libshutdown2.o ABSOLUTE
    ../clib/libinit.s                        0x00000000   Number         0  libinit2.o ABSOLUTE
    ../clib/signal.c                         0x00000000   Number         0  defsig_exit.o ABSOLUTE
    ../clib/signal.c                         0x00000000   Number         0  defsig_rtmem_formal.o ABSOLUTE
    ../clib/signal.c                         0x00000000   Number         0  defsig_rtmem_outer.o ABSOLUTE
    ../clib/signal.c                         0x00000000   Number         0  defsig_fpe_inner.o ABSOLUTE
    ../clib/signal.c                         0x00000000   Number         0  defsig_other.o ABSOLUTE
    ../clib/signal.c                         0x00000000   Number         0  defsig_segv_inner.o ABSOLUTE
    ../clib/signal.c                         0x00000000   Number         0  defsig_cppl_inner.o ABSOLUTE
    ../clib/signal.c                         0x00000000   Number         0  defsig_pvfn_inner.o ABSOLUTE
    ../clib/signal.c                         0x00000000   Number         0  defsig_stak_inner.o ABSOLUTE
    ../clib/signal.c                         0x00000000   Number         0  defsig_rtred_inner.o ABSOLUTE
    ../clib/signal.c                         0x00000000   Number         0  defsig_abrt_inner.o ABSOLUTE
    ../clib/signal.c                         0x00000000   Number         0  defsig_general.o ABSOLUTE
    ../clib/signal.c                         0x00000000   Number         0  __raise.o ABSOLUTE
    ../clib/signal.c                         0x00000000   Number         0  defsig_rtmem_inner.o ABSOLUTE
    ../clib/signal.s                         0x00000000   Number         0  defsig.o ABSOLUTE
    ../clib/stdlib.c                         0x00000000   Number         0  exit.o ABSOLUTE
    ../fplib/fpinit.s                        0x00000000   Number         0  fpinit.o ABSOLUTE
    ADC.c                                    0x00000000   Number         0  adc.o ABSOLUTE
    FIFO.c                                   0x00000000   Number         0  fifo.o ABSOLUTE
    OS.c                                     0x00000000   Number         0  os.o ABSOLUTE
    OS_asm.s                                 0x00000000   Number         0  os_asm.o ABSOLUTE
    PID_stm32.s                              0x00000000   Number         0  pid_stm32.o ABSOLUTE
    PLL.c                                    0x00000000   Number         0  pll.o ABSOLUTE
    ST7735.c                                 0x00000000   Number         0  st7735.o ABSOLUTE
    SysTickInts.c                            0x00000000   Number         0  systickints.o ABSOLUTE
    Timer2.c                                 0x00000000   Number         0  timer2.o ABSOLUTE
    UART.c                                   0x00000000   Number         0  uart.o ABSOLUTE
    cr4_fft_64_stm32.s                       0x00000000   Number         0  cr4_fft_64_stm32.o ABSOLUTE
    dc.s                                     0x00000000   Number         0  dc.o ABSOLUTE
    interpreter.c                            0x00000000   Number         0  interpreter.o ABSOLUTE
    lab2.c                                   0x00000000   Number         0  lab2.o ABSOLUTE
    startup.s                                0x00000000   Number         0  startup.o ABSOLUTE
    !!!main                                  0x00000284   Section        8  __main.o(!!!main)
    !!!scatter                               0x0000028c   Section       52  __scatter.o(!!!scatter)
    !!handler_copy                           0x000002c0   Section       26  __scatter_copy.o(!!handler_copy)
    !!handler_zi                             0x000002dc   Section       28  __scatter_zi.o(!!handler_zi)
    .ARM.Collect$$libinit$$00000000          0x000002f8   Section        2  libinit.o(.ARM.Collect$$libinit$$00000000)
    .ARM.Collect$$libinit$$00000002          0x000002fa   Section        0  libinit2.o(.ARM.Collect$$libinit$$00000002)
    .ARM.Collect$$libinit$$00000008          0x000002fa   Section        0  libinit2.o(.ARM.Collect$$libinit$$00000008)
    .ARM.Collect$$libinit$$0000000A          0x000002fa   Section        0  libinit2.o(.ARM.Collect$$libinit$$0000000A)
    .ARM.Collect$$libinit$$0000000C          0x000002fa   Section        0  libinit2.o(.ARM.Collect$$libinit$$0000000C)
    .ARM.Collect$$libinit$$0000000F          0x000002fa   Section        0  libinit2.o(.ARM.Collect$$libinit$$0000000F)
    .ARM.Collect$$libinit$$00000011          0x000002fa   Section        0  libinit2.o(.ARM.Collect$$libinit$$00000011)
    .ARM.Collect$$libinit$$00000013          0x000002fa   Section        0  libinit2.o(.ARM.Collect$$libinit$$00000013)
    .ARM.Collect$$libinit$$00000015          0x000002fa   Section        0  libinit2.o(.ARM.Collect$$libinit$$00000015)
    .ARM.Collect$$libinit$$00000017          0x000002fa   Section        0  libinit2.o(.ARM.Collect$$libinit$$00000017)
    .ARM.Collect$$libinit$$00000019          0x000002fa   Section        0  libinit2.o(.ARM.Collect$$libinit$$00000019)
    .ARM.Collect$$libinit$$0000001B          0x000002fa   Section        0  libinit2.o(.ARM.Collect$$libinit$$0000001B)
    .ARM.Collect$$libinit$$0000001D          0x000002fa   Section        0  libinit2.o(.ARM.Collect$$libinit$$0000001D)
    .ARM.Collect$$libinit$$0000001F          0x000002fa   Section        0  libinit2.o(.ARM.Collect$$libinit$$0000001F)
    .ARM.Collect$$libinit$$00000021          0x000002fa   Section        0  libinit2.o(.ARM.Collect$$libinit$$00000021)
    .ARM.Collect$$libinit$$00000023          0x000002fa   Section        0  libinit2.o(.ARM.Collect$$libinit$$00000023)
    .ARM.Collect$$libinit$$0000002A          0x000002fa   Section        0  libinit2.o(.ARM.Collect$$libinit$$0000002A)
    .ARM.Collect$$libinit$$0000002C          0x000002fa   Section        0  libinit2.o(.ARM.Collect$$libinit$$0000002C)
    .ARM.Collect$$libinit$$0000002E          0x000002fa   Section        0  libinit2.o(.ARM.Collect$$libinit$$0000002E)
    .ARM.Collect$$libinit$$00000030          0x000002fa   Section        0  libinit2.o(.ARM.Collect$$libinit$$00000030)
    .ARM.Collect$$libinit$$00000031          0x000002fa   Section        2  libinit2.o(.ARM.Collect$$libinit$$00000031)
    .ARM.Collect$$libshutdown$$00000000      0x000002fc   Section        2  libshutdown.o(.ARM.Collect$$libshutdown$$00000000)
    .ARM.Collect$$libshutdown$$00000003      0x000002fe   Section        0  libshutdown2.o(.ARM.Collect$$libshutdown$$00000003)
    .ARM.Collect$$libshutdown$$00000006      0x000002fe   Section        0  libshutdown2.o(.ARM.Collect$$libshutdown$$00000006)
    .ARM.Collect$$libshutdown$$00000009      0x000002fe   Section        0  libshutdown2.o(.ARM.Collect$$libshutdown$$00000009)
    .ARM.Collect$$libshutdown$$0000000B      0x000002fe   Section        0  libshutdown2.o(.ARM.Collect$$libshutdown$$0000000B)
    .ARM.Collect$$libshutdown$$0000000E      0x000002fe   Section        0  libshutdown2.o(.ARM.Collect$$libshutdown$$0000000E)
    .ARM.Collect$$libshutdown$$0000000F      0x000002fe   Section        2  libshutdown2.o(.ARM.Collect$$libshutdown$$0000000F)
    .ARM.Collect$$rtentry$$00000000          0x00000300   Section        0  rtentry.o(.ARM.Collect$$rtentry$$00000000)
    .ARM.Collect$$rtentry$$00000002          0x00000300   Section        0  rtentry2.o(.ARM.Collect$$rtentry$$00000002)
    .ARM.Collect$$rtentry$$00000004          0x00000300   Section        6  rtentry4.o(.ARM.Collect$$rtentry$$00000004)
    .ARM.Collect$$rtentry$$00000009          0x00000306   Section        0  rtentry2.o(.ARM.Collect$$rtentry$$00000009)
    .ARM.Collect$$rtentry$$0000000A          0x00000306   Section        4  rtentry2.o(.ARM.Collect$$rtentry$$0000000A)
    .ARM.Collect$$rtentry$$0000000C          0x0000030a   Section        0  rtentry2.o(.ARM.Collect$$rtentry$$0000000C)
    .ARM.Collect$$rtentry$$0000000D          0x0000030a   Section        8  rtentry2.o(.ARM.Collect$$rtentry$$0000000D)
    .ARM.Collect$$rtexit$$00000000           0x00000312   Section        2  rtexit.o(.ARM.Collect$$rtexit$$00000000)
    .ARM.Collect$$rtexit$$00000002           0x00000314   Section        0  rtexit2.o(.ARM.Collect$$rtexit$$00000002)
    .ARM.Collect$$rtexit$$00000003           0x00000314   Section        4  rtexit2.o(.ARM.Collect$$rtexit$$00000003)
    .ARM.Collect$$rtexit$$00000004           0x00000318   Section        6  rtexit2.o(.ARM.Collect$$rtexit$$00000004)
    .text                                    0x00000320   Section       48  startup.o(.text)
    .text                                    0x00000350   Section      718  cr4_fft_64_stm32.o(.text)
    .text                                    0x00000620   Section       72  pid_stm32.o(.text)
    .text                                    0x00000668   Section      104  os_asm.o(.text)
    .text                                    0x000006d0   Section        0  heapauxi.o(.text)
    .text                                    0x000006d6   Section       74  sys_stackheap_outer.o(.text)
    .text                                    0x00000720   Section        0  exit.o(.text)
    .text                                    0x0000072c   Section        8  libspace.o(.text)
    .text                                    0x00000734   Section        0  sys_exit.o(.text)
    .text                                    0x00000740   Section        2  use_no_semi.o(.text)
    .text                                    0x00000742   Section        0  indicate_semi.o(.text)
    i.ADC0Seq2_Handler                       0x00000744   Section        0  adc.o(i.ADC0Seq2_Handler)
    i.ADC0_InitTimer0ATriggerSeq2            0x000007c0   Section        0  adc.o(i.ADC0_InitTimer0ATriggerSeq2)
    i.ADCS_Interpret                         0x00000c04   Section        0  interpreter.o(i.ADCS_Interpret)
    i.ADC_Collect                            0x00000ca8   Section        0  adc.o(i.ADC_Collect)
    i.ADC_In                                 0x00000df8   Section        0  adc.o(i.ADC_In)
    i.ADC_Init                               0x00000e24   Section        0  adc.o(i.ADC_Init)
    i.Array_to_number                        0x00000f0c   Section        0  interpreter.o(i.Array_to_number)
    i.ButtonWork                             0x00000f44   Section        0  lab2.o(i.ButtonWork)
    i.Consumer                               0x00001008   Section        0  lab2.o(i.Consumer)
    i.DAS                                    0x0000109c   Section        0  lab2.o(i.DAS)
    i.Delay1ms                               0x00001164   Section        0  st7735.o(i.Delay1ms)
    i.Display                                0x00001184   Section        0  lab2.o(i.Display)
    i.Fifo_Get                               0x000011f0   Section        0  fifo.o(i.Fifo_Get)
    i.Fifo_Init                              0x00001240   Section        0  fifo.o(i.Fifo_Init)
    i.Fifo_Put                               0x00001280   Section        0  fifo.o(i.Fifo_Put)
    i.Filter                                 0x000012c4   Section        0  lab2.o(i.Filter)
    i.GPIOArm                                0x0000138c   Section        0  timer2.o(i.GPIOArm)
    GPIOArm                                  0x0000138d   Thumb Code    48  timer2.o(i.GPIOArm)
    i.GPIOArm2                               0x000013c8   Section        0  timer2.o(i.GPIOArm2)
    GPIOArm2                                 0x000013c9   Thumb Code    48  timer2.o(i.GPIOArm2)
    i.GPIOPortF_Handler                      0x00001404   Section        0  timer2.o(i.GPIOPortF_Handler)
    i.Interpret                              0x0000141c   Section        0  interpreter.o(i.Interpret)
    i.Interpreter                            0x0000146c   Section        0  lab2.o(i.Interpreter)
    i.LCD_Interpret                          0x00001474   Section        0  interpreter.o(i.LCD_Interpret)
    i.NLO                                    0x00001568   Section        0  uart.o(i.NLO)
    i.OS_AddPeriodicThread                   0x00001588   Section        0  os.o(i.OS_AddPeriodicThread)
    i.OS_AddSW1Task                          0x0000159e   Section        0  os.o(i.OS_AddSW1Task)
    i.OS_AddSW2Task                          0x000015be   Section        0  os.o(i.OS_AddSW2Task)
    i.OS_AddThread                           0x000015e0   Section        0  os.o(i.OS_AddThread)
    i.OS_ClearMsTime                         0x00001730   Section        0  os.o(i.OS_ClearMsTime)
    i.OS_DisableInterrupts                   0x0000173c   Section        0  os.o(i.OS_DisableInterrupts)
    i.OS_Fifo_Get                            0x00001744   Section        0  os.o(i.OS_Fifo_Get)
    i.OS_Fifo_Init                           0x0000175e   Section        0  os.o(i.OS_Fifo_Init)
    i.OS_Fifo_Put                            0x00001768   Section        0  os.o(i.OS_Fifo_Put)
    i.OS_Id                                  0x0000177c   Section        0  os.o(i.OS_Id)
    i.OS_Init                                0x00001788   Section        0  os.o(i.OS_Init)
    i.OS_InitSemaphore                       0x0000181c   Section        0  os.o(i.OS_InitSemaphore)
    i.OS_Kill                                0x00001828   Section        0  os.o(i.OS_Kill)
    i.OS_Launch                              0x000018c4   Section        0  os.o(i.OS_Launch)
    i.OS_MailBox_Init                        0x000018ec   Section        0  os.o(i.OS_MailBox_Init)
    i.OS_MailBox_Recv                        0x00001914   Section        0  os.o(i.OS_MailBox_Recv)
    i.OS_MailBox_Send                        0x00001938   Section        0  os.o(i.OS_MailBox_Send)
    i.OS_Signal                              0x0000195c   Section        0  os.o(i.OS_Signal)
    i.OS_Sleep                               0x000019fc   Section        0  os.o(i.OS_Sleep)
    i.OS_Suspend                             0x00001af0   Section        0  os.o(i.OS_Suspend)
    i.OS_Time                                0x00001b08   Section        0  os.o(i.OS_Time)
    i.OS_TimeDifference                      0x00001b18   Section        0  os.o(i.OS_TimeDifference)
    i.OS_Wait                                0x00001b20   Section        0  os.o(i.OS_Wait)
    i.OS_bSignal                             0x00001c94   Section        0  os.o(i.OS_bSignal)
    i.OS_bWait                               0x00001d34   Section        0  os.o(i.OS_bWait)
    i.Output_Clear                           0x00001ea0   Section        0  st7735.o(i.Output_Clear)
    i.PID                                    0x00001eac   Section        0  lab2.o(i.PID)
    i.PLL_Init                               0x00001f28   Section        0  pll.o(i.PLL_Init)
    i.PortE_Init                             0x00001fa4   Section        0  lab2.o(i.PortE_Init)
    i.Producer                               0x0000200c   Section        0  lab2.o(i.Producer)
    i.ST7735_DrawCharS                       0x00002040   Section        0  st7735.o(i.ST7735_DrawCharS)
    i.ST7735_DrawFastHLine                   0x00002134   Section        0  st7735.o(i.ST7735_DrawFastHLine)
    i.ST7735_DrawPixel                       0x000021b0   Section        0  st7735.o(i.ST7735_DrawPixel)
    i.ST7735_DrawString                      0x000021f8   Section        0  st7735.o(i.ST7735_DrawString)
    i.ST7735_FillRect                        0x00002250   Section        0  st7735.o(i.ST7735_FillRect)
    i.ST7735_FillScreen                      0x000022fc   Section        0  st7735.o(i.ST7735_FillScreen)
    i.ST7735_InitR                           0x00002320   Section        0  st7735.o(i.ST7735_InitR)
    i.ST7735_Message                         0x0000239c   Section        0  st7735.o(i.ST7735_Message)
    i.ST7735_OutUDec                         0x0000242c   Section        0  st7735.o(i.ST7735_OutUDec)
    i.ST7735_SetCursor                       0x000024b8   Section        0  st7735.o(i.ST7735_SetCursor)
    i.ST7735_SetRotation                     0x000024d8   Section        0  st7735.o(i.ST7735_SetRotation)
    i.SW1Push                                0x000025ac   Section        0  lab2.o(i.SW1Push)
    i.SW2Push                                0x000025d4   Section        0  lab2.o(i.SW2Push)
    i.SetInitialStack                        0x000025fc   Section        0  os.o(i.SetInitialStack)
    i.Switch_Init                            0x000027ac   Section        0  timer2.o(i.Switch_Init)
    i.Switch_Init2                           0x00002860   Section        0  timer2.o(i.Switch_Init2)
    i.Timer1A_Handler                        0x00002928   Section        0  adc.o(i.Timer1A_Handler)
    i.Timer2A_Handler                        0x00002968   Section        0  timer2.o(i.Timer2A_Handler)
    i.Timer2_Init                            0x000029dc   Section        0  timer2.o(i.Timer2_Init)
    i.Timer3A_Handler                        0x00002a5c   Section        0  timer2.o(i.Timer3A_Handler)
    i.Timer3Arm                              0x00002ac4   Section        0  timer2.o(i.Timer3Arm)
    Timer3Arm                                0x00002ac5   Thumb Code    58  timer2.o(i.Timer3Arm)
    i.Timer3_Init                            0x00002b10   Section        0  timer2.o(i.Timer3_Init)
    i.Timer5A_Handler                        0x00002b60   Section        0  os.o(i.Timer5A_Handler)
    i.UART0_Handler                          0x00002c54   Section        0  uart.o(i.UART0_Handler)
    i.UART_InChar                            0x00002cac   Section        0  uart.o(i.UART_InChar)
    i.UART_InString                          0x00002cc0   Section        0  uart.o(i.UART_InString)
    i.UART_Init                              0x00002d08   Section        0  uart.o(i.UART_Init)
    i.UART_Interpret                         0x00002dd4   Section        0  interpreter.o(i.UART_Interpret)
    i.UART_OutChar                           0x00002f30   Section        0  uart.o(i.UART_OutChar)
    i.UART_OutString                         0x00002f64   Section        0  uart.o(i.UART_OutString)
    i.UART_OutUDec                           0x00002f7c   Section        0  uart.o(i.UART_OutUDec)
    i.UART_compare                           0x00002fa6   Section        0  interpreter.o(i.UART_compare)
    i.UART_invalid_command                   0x00002ff4   Section        0  interpreter.o(i.UART_invalid_command)
    i.URxFifo_Init                           0x0000301c   Section        0  uart.o(i.URxFifo_Init)
    i.URxFifo_Put                            0x00003040   Section        0  uart.o(i.URxFifo_Put)
    i.URxFifo_Size                           0x0000307c   Section        0  uart.o(i.URxFifo_Size)
    i.UTxFifo_Get                            0x00003090   Section        0  uart.o(i.UTxFifo_Get)
    i.UTxFifo_Init                           0x000030cc   Section        0  uart.o(i.UTxFifo_Init)
    i.UTxFifo_Put                            0x000030f0   Section        0  uart.o(i.UTxFifo_Put)
    i.UTxFifo_Size                           0x0000312c   Section        0  uart.o(i.UTxFifo_Size)
    i.UUUTxFifo_Get                          0x00003140   Section        0  uart.o(i.UUUTxFifo_Get)
    i.commandList                            0x0000317c   Section        0  st7735.o(i.commandList)
    commandList                              0x0000317d   Thumb Code    86  st7735.o(i.commandList)
    i.commonInit                             0x000031d4   Section        0  st7735.o(i.commonInit)
    commonInit                               0x000031d5   Thumb Code   340  st7735.o(i.commonInit)
    i.copyHardwareToSoftware                 0x00003358   Section        0  uart.o(i.copyHardwareToSoftware)
    copyHardwareToSoftware                   0x00003359   Thumb Code    36  uart.o(i.copyHardwareToSoftware)
    i.copySoftwareToHardware                 0x00003380   Section        0  uart.o(i.copySoftwareToHardware)
    copySoftwareToHardware                   0x00003381   Thumb Code    38  uart.o(i.copySoftwareToHardware)
    i.fillmessage                            0x000033ac   Section        0  st7735.o(i.fillmessage)
    i.lights                                 0x000033f4   Section        0  interpreter.o(i.lights)
    i.main                                   0x00003578   Section        0  lab2.o(i.main)
    i.menu                                   0x00003648   Section        0  interpreter.o(i.menu)
    i.pushColor                              0x00003754   Section        0  st7735.o(i.pushColor)
    pushColor                                0x00003755   Thumb Code    18  st7735.o(i.pushColor)
    i.setAddrWindow                          0x00003768   Section        0  st7735.o(i.setAddrWindow)
    setAddrWindow                            0x00003769   Thumb Code   106  st7735.o(i.setAddrWindow)
    i.writecommand                           0x000037dc   Section        0  st7735.o(i.writecommand)
    writecommand                             0x000037dd   Thumb Code    40  st7735.o(i.writecommand)
    i.writedata                              0x0000380c   Section        0  st7735.o(i.writedata)
    writedata                                0x0000380d   Thumb Code    24  st7735.o(i.writedata)
    .constdata                               0x0000382c   Section      258  interpreter.o(.constdata)
    .constdata                               0x0000392e   Section     2018  st7735.o(.constdata)
    Font                                     0x0000392e   Data        1275  st7735.o(.constdata)
    Bcmd                                     0x00003e29   Data         103  st7735.o(.constdata)
    Rcmd1                                    0x00003e90   Data          59  st7735.o(.constdata)
    Rcmd2green                               0x00003ecb   Data          13  st7735.o(.constdata)
    Rcmd2red                                 0x00003ed8   Data          13  st7735.o(.constdata)
    Rcmd3                                    0x00003ee5   Data          43  st7735.o(.constdata)
    .data                                    0x20000000   Section      144  lab2.o(.data)
    n                                        0x20000004   Data           4  lab2.o(.data)
    LastTime                                 0x20000008   Data           4  lab2.o(.data)
    i                                        0x2000000c   Data           4  lab2.o(.data)
    result                                   0x20000010   Data           4  lab2.o(.data)
    prevTime                                 0x20000070   Data           4  lab2.o(.data)
    .data                                    0x20000090   Section        8  interpreter.o(.data)
    .data                                    0x20000098   Section       12  fifo.o(.data)
    .data                                    0x200000a4   Section       44  st7735.o(.data)
    _width                                   0x200000ae   Data           2  st7735.o(.data)
    _height                                  0x200000b0   Data           2  st7735.o(.data)
    ColStart                                 0x200000b8   Data           1  st7735.o(.data)
    RowStart                                 0x200000b9   Data           1  st7735.o(.data)
    Rotation                                 0x200000ba   Data           1  st7735.o(.data)
    TabColor                                 0x200000bb   Data           1  st7735.o(.data)
    .data                                    0x200000d0   Section       12  adc.o(.data)
    .data                                    0x200000dc   Section       24  os.o(.data)
    .data                                    0x200000f4   Section       16  uart.o(.data)
    .data                                    0x20000104   Section       24  timer2.o(.data)
    .bss                                     0x2000011c   Section      852  lab2.o(.bss)
    x                                        0x2000021c   Data          24  lab2.o(.bss)
    y                                        0x20000234   Data          24  lab2.o(.bss)
    .bss                                     0x20000470   Section       64  interpreter.o(.bss)
    .bss                                     0x200004b0   Section      512  fifo.o(.bss)
    Fifo                                     0x200004b0   Data         512  fifo.o(.bss)
    .bss                                     0x200006b0   Section       12  st7735.o(.bss)
    .bss                                     0x200006bc   Section    28844  os.o(.bss)
    .bss                                     0x20007768   Section      128  uart.o(.bss)
    RxFifo                                   0x20007768   Data          64  uart.o(.bss)
    TxFifo                                   0x200077a8   Data          64  uart.o(.bss)
    .bss                                     0x200077e8   Section       96  libspace.o(.bss)
    HEAP                                     0x20007848   Section        0  startup.o(HEAP)
    STACK                                    0x20007848   Section     1024  startup.o(STACK)
    HeapMem                                  0x20007848   Data           0  startup.o(HEAP)
    StackMem                                 0x20007848   Data           0  startup.o(STACK)

    Global Symbols

    Symbol Name                              Value     Ov Type        Size  Object(Section)

    BuildAttributes$$THM_ISAv4$E$P$D$K$B$S$7EM$PE$A:L22UL41UL21$X:L11$S22US41US21$IEEE1$IW$USESV6$~STKCKD$USESV7$~SHL$OSPACE$ROPI$EBA8$UX$STANDARDLIB$REQ8$EABIv2 0x00000000   Number         0  anon$$obj.o ABSOLUTE
    __ARM_use_no_argv                        0x00000000   Number         0  lab2.o ABSOLUTE
    __Vectors                                0x00000000   Data           0  startup.o(RESET)
    __ARM_exceptions_init                     - Undefined Weak Reference
    __alloca_initialize                       - Undefined Weak Reference
    __cpp_initialize__aeabi_                  - Undefined Weak Reference
    __cxa_finalize                            - Undefined Weak Reference
    __rt_locale                               - Undefined Weak Reference
    __sigvec_lookup                           - Undefined Weak Reference
    _atexit_init                              - Undefined Weak Reference
    _call_atexit_fns                          - Undefined Weak Reference
    _clock_init                               - Undefined Weak Reference
    _fp_trap_init                             - Undefined Weak Reference
    _fp_trap_shutdown                         - Undefined Weak Reference
    _get_lc_collate                           - Undefined Weak Reference
    _get_lc_ctype                             - Undefined Weak Reference
    _get_lc_monetary                          - Undefined Weak Reference
    _get_lc_numeric                           - Undefined Weak Reference
    _get_lc_time                              - Undefined Weak Reference
    _getenv_init                              - Undefined Weak Reference
    _handle_redirection                       - Undefined Weak Reference
    _init_alloc                               - Undefined Weak Reference
    _init_user_alloc                          - Undefined Weak Reference
    _initio                                   - Undefined Weak Reference
    _rand_init                                - Undefined Weak Reference
    _signal_finish                            - Undefined Weak Reference
    _signal_init                              - Undefined Weak Reference
    _terminate_alloc                          - Undefined Weak Reference
    _terminate_user_alloc                     - Undefined Weak Reference
    _terminateio                              - Undefined Weak Reference
    Reset_Handler                            0x0000026d   Thumb Code     0  startup.o(RESET)
    NMI_Handler                              0x00000271   Thumb Code     2  startup.o(RESET)
    HardFault_Handler                        0x00000273   Thumb Code     2  startup.o(RESET)
    MemManage_Handler                        0x00000275   Thumb Code     2  startup.o(RESET)
    BusFault_Handler                         0x00000277   Thumb Code     2  startup.o(RESET)
    UsageFault_Handler                       0x00000279   Thumb Code     2  startup.o(RESET)
    SVC_Handler                              0x0000027b   Thumb Code     2  startup.o(RESET)
    DebugMon_Handler                         0x0000027d   Thumb Code     2  startup.o(RESET)
    PendSV_Handler                           0x0000027f   Thumb Code     2  startup.o(RESET)
    ADC0Seq0_Handler                         0x00000283   Thumb Code     0  startup.o(RESET)
    ADC0Seq1_Handler                         0x00000283   Thumb Code     0  startup.o(RESET)
    ADC0Seq3_Handler                         0x00000283   Thumb Code     0  startup.o(RESET)
    ADC1Seq0_Handler                         0x00000283   Thumb Code     0  startup.o(RESET)
    ADC1Seq1_Handler                         0x00000283   Thumb Code     0  startup.o(RESET)
    ADC1Seq2_Handler                         0x00000283   Thumb Code     0  startup.o(RESET)
    ADC1Seq3_Handler                         0x00000283   Thumb Code     0  startup.o(RESET)
    CAN0_Handler                             0x00000283   Thumb Code     0  startup.o(RESET)
    CAN1_Handler                             0x00000283   Thumb Code     0  startup.o(RESET)
    CAN2_Handler                             0x00000283   Thumb Code     0  startup.o(RESET)
    Comp0_Handler                            0x00000283   Thumb Code     0  startup.o(RESET)
    Comp1_Handler                            0x00000283   Thumb Code     0  startup.o(RESET)
    Comp2_Handler                            0x00000283   Thumb Code     0  startup.o(RESET)
    Ethernet_Handler                         0x00000283   Thumb Code     0  startup.o(RESET)
    ExtBus_Handler                           0x00000283   Thumb Code     0  startup.o(RESET)
    FPU_Handler                              0x00000283   Thumb Code     0  startup.o(RESET)
    Fan0_Handler                             0x00000283   Thumb Code     0  startup.o(RESET)
    FlashCtl_Handler                         0x00000283   Thumb Code     0  startup.o(RESET)
    GPIOPortA_Handler                        0x00000283   Thumb Code     0  startup.o(RESET)
    GPIOPortB_Handler                        0x00000283   Thumb Code     0  startup.o(RESET)
    GPIOPortC_Handler                        0x00000283   Thumb Code     0  startup.o(RESET)
    GPIOPortD_Handler                        0x00000283   Thumb Code     0  startup.o(RESET)
    GPIOPortE_Handler                        0x00000283   Thumb Code     0  startup.o(RESET)
    GPIOPortG_Handler                        0x00000283   Thumb Code     0  startup.o(RESET)
    GPIOPortH_Handler                        0x00000283   Thumb Code     0  startup.o(RESET)
    GPIOPortJ_Handler                        0x00000283   Thumb Code     0  startup.o(RESET)
    GPIOPortK_Handler                        0x00000283   Thumb Code     0  startup.o(RESET)
    GPIOPortL_Handler                        0x00000283   Thumb Code     0  startup.o(RESET)
    GPIOPortM_Handler                        0x00000283   Thumb Code     0  startup.o(RESET)
    GPIOPortN_Handler                        0x00000283   Thumb Code     0  startup.o(RESET)
    GPIOPortP1_Handler                       0x00000283   Thumb Code     0  startup.o(RESET)
    GPIOPortP2_Handler                       0x00000283   Thumb Code     0  startup.o(RESET)
    GPIOPortP3_Handler                       0x00000283   Thumb Code     0  startup.o(RESET)
    GPIOPortP4_Handler                       0x00000283   Thumb Code     0  startup.o(RESET)
    GPIOPortP5_Handler                       0x00000283   Thumb Code     0  startup.o(RESET)
    GPIOPortP6_Handler                       0x00000283   Thumb Code     0  startup.o(RESET)
    GPIOPortP7_Handler                       0x00000283   Thumb Code     0  startup.o(RESET)
    GPIOPortP_Handler                        0x00000283   Thumb Code     0  startup.o(RESET)
    GPIOPortQ1_Handler                       0x00000283   Thumb Code     0  startup.o(RESET)
    GPIOPortQ2_Handler                       0x00000283   Thumb Code     0  startup.o(RESET)
    GPIOPortQ3_Handler                       0x00000283   Thumb Code     0  startup.o(RESET)
    GPIOPortQ4_Handler                       0x00000283   Thumb Code     0  startup.o(RESET)
    GPIOPortQ5_Handler                       0x00000283   Thumb Code     0  startup.o(RESET)
    GPIOPortQ6_Handler                       0x00000283   Thumb Code     0  startup.o(RESET)
    GPIOPortQ7_Handler                       0x00000283   Thumb Code     0  startup.o(RESET)
    GPIOPortQ_Handler                        0x00000283   Thumb Code     0  startup.o(RESET)
    GPIOPortR_Handler                        0x00000283   Thumb Code     0  startup.o(RESET)
    GPIOPortS_Handler                        0x00000283   Thumb Code     0  startup.o(RESET)
    Hibernate_Handler                        0x00000283   Thumb Code     0  startup.o(RESET)
    I2C0_Handler                             0x00000283   Thumb Code     0  startup.o(RESET)
    I2C1_Handler                             0x00000283   Thumb Code     0  startup.o(RESET)
    I2C2_Handler                             0x00000283   Thumb Code     0  startup.o(RESET)
    I2C3_Handler                             0x00000283   Thumb Code     0  startup.o(RESET)
    I2C4_Handler                             0x00000283   Thumb Code     0  startup.o(RESET)
    I2C5_Handler                             0x00000283   Thumb Code     0  startup.o(RESET)
    I2S0_Handler                             0x00000283   Thumb Code     0  startup.o(RESET)
    LPC0_Handler                             0x00000283   Thumb Code     0  startup.o(RESET)
    PECI0_Handler                            0x00000283   Thumb Code     0  startup.o(RESET)
    PWM0Fault_Handler                        0x00000283   Thumb Code     0  startup.o(RESET)
    PWM0Generator0_Handler                   0x00000283   Thumb Code     0  startup.o(RESET)
    PWM0Generator1_Handler                   0x00000283   Thumb Code     0  startup.o(RESET)
    PWM0Generator2_Handler                   0x00000283   Thumb Code     0  startup.o(RESET)
    PWM0Generator3_Handler                   0x00000283   Thumb Code     0  startup.o(RESET)
    PWM1Fault_Handler                        0x00000283   Thumb Code     0  startup.o(RESET)
    PWM1Generator0_Handler                   0x00000283   Thumb Code     0  startup.o(RESET)
    PWM1Generator1_Handler                   0x00000283   Thumb Code     0  startup.o(RESET)
    PWM1Generator2_Handler                   0x00000283   Thumb Code     0  startup.o(RESET)
    PWM1Generator3_Handler                   0x00000283   Thumb Code     0  startup.o(RESET)
    Quadrature0_Handler                      0x00000283   Thumb Code     0  startup.o(RESET)
    Quadrature1_Handler                      0x00000283   Thumb Code     0  startup.o(RESET)
    Quadrature2_Handler                      0x00000283   Thumb Code     0  startup.o(RESET)
    SSI0_Handler                             0x00000283   Thumb Code     0  startup.o(RESET)
    SSI1_Handler                             0x00000283   Thumb Code     0  startup.o(RESET)
    SSI2_Handler                             0x00000283   Thumb Code     0  startup.o(RESET)
    SSI3_Handler                             0x00000283   Thumb Code     0  startup.o(RESET)
    SysCtl_Handler                           0x00000283   Thumb Code     0  startup.o(RESET)
    Timer0A_Handler                          0x00000283   Thumb Code     0  startup.o(RESET)
    Timer0B_Handler                          0x00000283   Thumb Code     0  startup.o(RESET)
    Timer1B_Handler                          0x00000283   Thumb Code     0  startup.o(RESET)
    Timer2B_Handler                          0x00000283   Thumb Code     0  startup.o(RESET)
    Timer3B_Handler                          0x00000283   Thumb Code     0  startup.o(RESET)
    Timer4A_Handler                          0x00000283   Thumb Code     0  startup.o(RESET)
    Timer4B_Handler                          0x00000283   Thumb Code     0  startup.o(RESET)
    Timer5B_Handler                          0x00000283   Thumb Code     0  startup.o(RESET)
    UART1_Handler                            0x00000283   Thumb Code     0  startup.o(RESET)
    UART2_Handler                            0x00000283   Thumb Code     0  startup.o(RESET)
    UART3_Handler                            0x00000283   Thumb Code     0  startup.o(RESET)
    UART4_Handler                            0x00000283   Thumb Code     0  startup.o(RESET)
    UART5_Handler                            0x00000283   Thumb Code     0  startup.o(RESET)
    UART6_Handler                            0x00000283   Thumb Code     0  startup.o(RESET)
    UART7_Handler                            0x00000283   Thumb Code     0  startup.o(RESET)
    USB0_Handler                             0x00000283   Thumb Code     0  startup.o(RESET)
    WDT_Handler                              0x00000283   Thumb Code     0  startup.o(RESET)
    WideTimer0A_Handler                      0x00000283   Thumb Code     0  startup.o(RESET)
    WideTimer0B_Handler                      0x00000283   Thumb Code     0  startup.o(RESET)
    WideTimer1A_Handler                      0x00000283   Thumb Code     0  startup.o(RESET)
    WideTimer1B_Handler                      0x00000283   Thumb Code     0  startup.o(RESET)
    WideTimer2A_Handler                      0x00000283   Thumb Code     0  startup.o(RESET)
    WideTimer2B_Handler                      0x00000283   Thumb Code     0  startup.o(RESET)
    WideTimer3A_Handler                      0x00000283   Thumb Code     0  startup.o(RESET)
    WideTimer3B_Handler                      0x00000283   Thumb Code     0  startup.o(RESET)
    WideTimer4A_Handler                      0x00000283   Thumb Code     0  startup.o(RESET)
    WideTimer4B_Handler                      0x00000283   Thumb Code     0  startup.o(RESET)
    WideTimer5A_Handler                      0x00000283   Thumb Code     0  startup.o(RESET)
    WideTimer5B_Handler                      0x00000283   Thumb Code     0  startup.o(RESET)
    uDMA_Error                               0x00000283   Thumb Code     0  startup.o(RESET)
    uDMA_Handler                             0x00000283   Thumb Code     0  startup.o(RESET)
    __main                                   0x00000285   Thumb Code     8  __main.o(!!!main)
    __scatterload                            0x0000028d   Thumb Code     0  __scatter.o(!!!scatter)
    __scatterload_rt2                        0x0000028d   Thumb Code    44  __scatter.o(!!!scatter)
    __scatterload_rt2_thumb_only             0x0000028d   Thumb Code     0  __scatter.o(!!!scatter)
    __scatterload_null                       0x0000029b   Thumb Code     0  __scatter.o(!!!scatter)
    __scatterload_copy                       0x000002c1   Thumb Code    26  __scatter_copy.o(!!handler_copy)
    __scatterload_zeroinit                   0x000002dd   Thumb Code    28  __scatter_zi.o(!!handler_zi)
    __rt_lib_init                            0x000002f9   Thumb Code     0  libinit.o(.ARM.Collect$$libinit$$00000000)
    __rt_lib_init_alloca_1                   0x000002fb   Thumb Code     0  libinit2.o(.ARM.Collect$$libinit$$0000002C)
    __rt_lib_init_argv_1                     0x000002fb   Thumb Code     0  libinit2.o(.ARM.Collect$$libinit$$0000002A)
    __rt_lib_init_atexit_1                   0x000002fb   Thumb Code     0  libinit2.o(.ARM.Collect$$libinit$$00000019)
    __rt_lib_init_clock_1                    0x000002fb   Thumb Code     0  libinit2.o(.ARM.Collect$$libinit$$0000001F)
    __rt_lib_init_cpp_1                      0x000002fb   Thumb Code     0  libinit2.o(.ARM.Collect$$libinit$$00000030)
    __rt_lib_init_exceptions_1               0x000002fb   Thumb Code     0  libinit2.o(.ARM.Collect$$libinit$$0000002E)
    __rt_lib_init_fp_1                       0x000002fb   Thumb Code     0  libinit2.o(.ARM.Collect$$libinit$$00000002)
    __rt_lib_init_fp_trap_1                  0x000002fb   Thumb Code     0  libinit2.o(.ARM.Collect$$libinit$$0000001D)
    __rt_lib_init_getenv_1                   0x000002fb   Thumb Code     0  libinit2.o(.ARM.Collect$$libinit$$00000021)
    __rt_lib_init_heap_1                     0x000002fb   Thumb Code     0  libinit2.o(.ARM.Collect$$libinit$$00000008)
    __rt_lib_init_lc_collate_1               0x000002fb   Thumb Code     0  libinit2.o(.ARM.Collect$$libinit$$0000000F)
    __rt_lib_init_lc_ctype_1                 0x000002fb   Thumb Code     0  libinit2.o(.ARM.Collect$$libinit$$00000011)
    __rt_lib_init_lc_monetary_1              0x000002fb   Thumb Code     0  libinit2.o(.ARM.Collect$$libinit$$00000013)
    __rt_lib_init_lc_numeric_1               0x000002fb   Thumb Code     0  libinit2.o(.ARM.Collect$$libinit$$00000015)
    __rt_lib_init_lc_time_1                  0x000002fb   Thumb Code     0  libinit2.o(.ARM.Collect$$libinit$$00000017)
    __rt_lib_init_rand_1                     0x000002fb   Thumb Code     0  libinit2.o(.ARM.Collect$$libinit$$0000000C)
    __rt_lib_init_return                     0x000002fb   Thumb Code     0  libinit2.o(.ARM.Collect$$libinit$$00000031)
    __rt_lib_init_signal_1                   0x000002fb   Thumb Code     0  libinit2.o(.ARM.Collect$$libinit$$0000001B)
    __rt_lib_init_stdio_1                    0x000002fb   Thumb Code     0  libinit2.o(.ARM.Collect$$libinit$$00000023)
    __rt_lib_init_user_alloc_1               0x000002fb   Thumb Code     0  libinit2.o(.ARM.Collect$$libinit$$0000000A)
    __rt_lib_shutdown                        0x000002fd   Thumb Code     0  libshutdown.o(.ARM.Collect$$libshutdown$$00000000)
    __rt_lib_shutdown_fp_trap_1              0x000002ff   Thumb Code     0  libshutdown2.o(.ARM.Collect$$libshutdown$$00000006)
    __rt_lib_shutdown_heap_1                 0x000002ff   Thumb Code     0  libshutdown2.o(.ARM.Collect$$libshutdown$$0000000E)
    __rt_lib_shutdown_return                 0x000002ff   Thumb Code     0  libshutdown2.o(.ARM.Collect$$libshutdown$$0000000F)
    __rt_lib_shutdown_signal_1               0x000002ff   Thumb Code     0  libshutdown2.o(.ARM.Collect$$libshutdown$$00000009)
    __rt_lib_shutdown_stdio_1                0x000002ff   Thumb Code     0  libshutdown2.o(.ARM.Collect$$libshutdown$$00000003)
    __rt_lib_shutdown_user_alloc_1           0x000002ff   Thumb Code     0  libshutdown2.o(.ARM.Collect$$libshutdown$$0000000B)
    __rt_entry                               0x00000301   Thumb Code     0  rtentry.o(.ARM.Collect$$rtentry$$00000000)
    __rt_entry_presh_1                       0x00000301   Thumb Code     0  rtentry2.o(.ARM.Collect$$rtentry$$00000002)
    __rt_entry_sh                            0x00000301   Thumb Code     0  rtentry4.o(.ARM.Collect$$rtentry$$00000004)
    __rt_entry_li                            0x00000307   Thumb Code     0  rtentry2.o(.ARM.Collect$$rtentry$$0000000A)
    __rt_entry_postsh_1                      0x00000307   Thumb Code     0  rtentry2.o(.ARM.Collect$$rtentry$$00000009)
    __rt_entry_main                          0x0000030b   Thumb Code     0  rtentry2.o(.ARM.Collect$$rtentry$$0000000D)
    __rt_entry_postli_1                      0x0000030b   Thumb Code     0  rtentry2.o(.ARM.Collect$$rtentry$$0000000C)
    __rt_exit                                0x00000313   Thumb Code     0  rtexit.o(.ARM.Collect$$rtexit$$00000000)
    __rt_exit_ls                             0x00000315   Thumb Code     0  rtexit2.o(.ARM.Collect$$rtexit$$00000003)
    __rt_exit_prels_1                        0x00000315   Thumb Code     0  rtexit2.o(.ARM.Collect$$rtexit$$00000002)
    __rt_exit_exit                           0x00000319   Thumb Code     0  rtexit2.o(.ARM.Collect$$rtexit$$00000004)
    DisableInterrupts                        0x00000321   Thumb Code     0  startup.o(.text)
    EnableInterrupts                         0x00000325   Thumb Code     0  startup.o(.text)
    StartCritical                            0x00000329   Thumb Code     0  startup.o(.text)
    EndCritical                              0x00000331   Thumb Code     0  startup.o(.text)
    WaitForInterrupt                         0x00000337   Thumb Code     0  startup.o(.text)
    __user_initial_stackheap                 0x0000033b   Thumb Code     0  startup.o(.text)
    cr4_fft_64_stm32                         0x00000351   Thumb Code     0  cr4_fft_64_stm32.o(.text)
    PID_stm32                                0x00000621   Thumb Code     0  pid_stm32.o(.text)
    StartOS                                  0x00000669   Thumb Code     2  os_asm.o(.text)
    SysTick_Handler                          0x00000689   Thumb Code     0  os_asm.o(.text)
    __use_two_region_memory                  0x000006d1   Thumb Code     2  heapauxi.o(.text)
    __rt_heap_escrow$2region                 0x000006d3   Thumb Code     2  heapauxi.o(.text)
    __rt_heap_expand$2region                 0x000006d5   Thumb Code     2  heapauxi.o(.text)
    __user_setup_stackheap                   0x000006d7   Thumb Code    74  sys_stackheap_outer.o(.text)
    exit                                     0x00000721   Thumb Code    12  exit.o(.text)
    __user_libspace                          0x0000072d   Thumb Code     8  libspace.o(.text)
    __user_perproc_libspace                  0x0000072d   Thumb Code     0  libspace.o(.text)
    __user_perthread_libspace                0x0000072d   Thumb Code     0  libspace.o(.text)
    _sys_exit                                0x00000735   Thumb Code     8  sys_exit.o(.text)
    __I$use$semihosting                      0x00000741   Thumb Code     0  use_no_semi.o(.text)
    __use_no_semihosting_swi                 0x00000741   Thumb Code     2  use_no_semi.o(.text)
    __semihosting_library_function           0x00000743   Thumb Code     0  indicate_semi.o(.text)
    ADC0Seq2_Handler                         0x00000745   Thumb Code    78  adc.o(i.ADC0Seq2_Handler)
    ADC0_InitTimer0ATriggerSeq2              0x000007c1   Thumb Code  1092  adc.o(i.ADC0_InitTimer0ATriggerSeq2)
    ADCS_Interpret                           0x00000c05   Thumb Code   146  interpreter.o(i.ADCS_Interpret)
    ADC_Collect                              0x00000ca9   Thumb Code   292  adc.o(i.ADC_Collect)
    ADC_In                                   0x00000df9   Thumb Code    36  adc.o(i.ADC_In)
    ADC_Init                                 0x00000e25   Thumb Code   204  adc.o(i.ADC_Init)
    Array_to_number                          0x00000f0d   Thumb Code    56  interpreter.o(i.Array_to_number)
    ButtonWork                               0x00000f45   Thumb Code   112  lab2.o(i.ButtonWork)
    Consumer                                 0x00001009   Thumb Code   118  lab2.o(i.Consumer)
    DAS                                      0x0000109d   Thumb Code   172  lab2.o(i.DAS)
    Delay1ms                                 0x00001165   Thumb Code    32  st7735.o(i.Delay1ms)
    Display                                  0x00001185   Thumb Code    76  lab2.o(i.Display)
    Fifo_Get                                 0x000011f1   Thumb Code    62  fifo.o(i.Fifo_Get)
    Fifo_Init                                0x00001241   Thumb Code    38  fifo.o(i.Fifo_Init)
    Fifo_Put                                 0x00001281   Thumb Code    52  fifo.o(i.Fifo_Put)
    Filter                                   0x000012c5   Thumb Code   186  lab2.o(i.Filter)
    GPIOPortF_Handler                        0x00001405   Thumb Code    20  timer2.o(i.GPIOPortF_Handler)
    Interpret                                0x0000141d   Thumb Code    74  interpreter.o(i.Interpret)
    Interpreter                              0x0000146d   Thumb Code     8  lab2.o(i.Interpreter)
    LCD_Interpret                            0x00001475   Thumb Code   200  interpreter.o(i.LCD_Interpret)
    NLO                                      0x00001569   Thumb Code    22  uart.o(i.NLO)
    OS_AddPeriodicThread                     0x00001589   Thumb Code    22  os.o(i.OS_AddPeriodicThread)
    OS_AddSW1Task                            0x0000159f   Thumb Code    32  os.o(i.OS_AddSW1Task)
    OS_AddSW2Task                            0x000015bf   Thumb Code    32  os.o(i.OS_AddSW2Task)
    OS_AddThread                             0x000015e1   Thumb Code   310  os.o(i.OS_AddThread)
    OS_ClearMsTime                           0x00001731   Thumb Code     8  os.o(i.OS_ClearMsTime)
    OS_DisableInterrupts                     0x0000173d   Thumb Code     8  os.o(i.OS_DisableInterrupts)
    OS_Fifo_Get                              0x00001745   Thumb Code    26  os.o(i.OS_Fifo_Get)
    OS_Fifo_Init                             0x0000175f   Thumb Code    10  os.o(i.OS_Fifo_Init)
    OS_Fifo_Put                              0x00001769   Thumb Code    18  os.o(i.OS_Fifo_Put)
    OS_Id                                    0x0000177d   Thumb Code     8  os.o(i.OS_Id)
    OS_Init                                  0x00001789   Thumb Code   126  os.o(i.OS_Init)
    OS_InitSemaphore                         0x0000181d   Thumb Code    10  os.o(i.OS_InitSemaphore)
    OS_Kill                                  0x00001829   Thumb Code   144  os.o(i.OS_Kill)
    OS_Launch                                0x000018c5   Thumb Code    34  os.o(i.OS_Launch)
    OS_MailBox_Init                          0x000018ed   Thumb Code    26  os.o(i.OS_MailBox_Init)
    OS_MailBox_Recv                          0x00001915   Thumb Code    24  os.o(i.OS_MailBox_Recv)
    OS_MailBox_Send                          0x00001939   Thumb Code    22  os.o(i.OS_MailBox_Send)
    OS_Signal                                0x0000195d   Thumb Code   154  os.o(i.OS_Signal)
    OS_Sleep                                 0x000019fd   Thumb Code   232  os.o(i.OS_Sleep)
    OS_Suspend                               0x00001af1   Thumb Code    18  os.o(i.OS_Suspend)
    OS_Time                                  0x00001b09   Thumb Code    12  os.o(i.OS_Time)
    OS_TimeDifference                        0x00001b19   Thumb Code     6  os.o(i.OS_TimeDifference)
    OS_Wait                                  0x00001b21   Thumb Code   362  os.o(i.OS_Wait)
    OS_bSignal                               0x00001c95   Thumb Code   154  os.o(i.OS_bSignal)
    OS_bWait                                 0x00001d35   Thumb Code   356  os.o(i.OS_bWait)
    Output_Clear                             0x00001ea1   Thumb Code    10  st7735.o(i.Output_Clear)
    PID                                      0x00001ead   Thumb Code    96  lab2.o(i.PID)
    PLL_Init                                 0x00001f29   Thumb Code   118  pll.o(i.PLL_Init)
    PortE_Init                               0x00001fa5   Thumb Code    86  lab2.o(i.PortE_Init)
    Producer                                 0x0000200d   Thumb Code    44  lab2.o(i.Producer)
    ST7735_DrawCharS                         0x00002041   Thumb Code   232  st7735.o(i.ST7735_DrawCharS)
    ST7735_DrawFastHLine                     0x00002135   Thumb Code   116  st7735.o(i.ST7735_DrawFastHLine)
    ST7735_DrawPixel                         0x000021b1   Thumb Code    64  st7735.o(i.ST7735_DrawPixel)
    ST7735_DrawString                        0x000021f9   Thumb Code    86  st7735.o(i.ST7735_DrawString)
    ST7735_FillRect                          0x00002251   Thumb Code   164  st7735.o(i.ST7735_FillRect)
    ST7735_FillScreen                        0x000022fd   Thumb Code    28  st7735.o(i.ST7735_FillScreen)
    ST7735_InitR                             0x00002321   Thumb Code    90  st7735.o(i.ST7735_InitR)
    ST7735_Message                           0x0000239d   Thumb Code   138  st7735.o(i.ST7735_Message)
    ST7735_OutUDec                           0x0000242d   Thumb Code   118  st7735.o(i.ST7735_OutUDec)
    ST7735_SetCursor                         0x000024b9   Thumb Code    22  st7735.o(i.ST7735_SetCursor)
    ST7735_SetRotation                       0x000024d9   Thumb Code   196  st7735.o(i.ST7735_SetRotation)
    SW1Push                                  0x000025ad   Thumb Code    30  lab2.o(i.SW1Push)
    SW2Push                                  0x000025d5   Thumb Code    30  lab2.o(i.SW2Push)
    SetInitialStack                          0x000025fd   Thumb Code   424  os.o(i.SetInitialStack)
    Switch_Init                              0x000027ad   Thumb Code   160  timer2.o(i.Switch_Init)
    Switch_Init2                             0x00002861   Thumb Code   176  timer2.o(i.Switch_Init2)
    Timer1A_Handler                          0x00002929   Thumb Code    50  adc.o(i.Timer1A_Handler)
    Timer2A_Handler                          0x00002969   Thumb Code    98  timer2.o(i.Timer2A_Handler)
    Timer2_Init                              0x000029dd   Thumb Code   104  timer2.o(i.Timer2_Init)
    Timer3A_Handler                          0x00002a5d   Thumb Code    82  timer2.o(i.Timer3A_Handler)
    Timer3_Init                              0x00002b11   Thumb Code    62  timer2.o(i.Timer3_Init)
    Timer5A_Handler                          0x00002b61   Thumb Code   222  os.o(i.Timer5A_Handler)
    UART0_Handler                            0x00002c55   Thumb Code    82  uart.o(i.UART0_Handler)
    UART_InChar                              0x00002cad   Thumb Code    20  uart.o(i.UART_InChar)
    UART_InString                            0x00002cc1   Thumb Code    70  uart.o(i.UART_InString)
    UART_Init                                0x00002d09   Thumb Code   180  uart.o(i.UART_Init)
    UART_Interpret                           0x00002dd5   Thumb Code   262  interpreter.o(i.UART_Interpret)
    UART_OutChar                             0x00002f31   Thumb Code    46  uart.o(i.UART_OutChar)
    UART_OutString                           0x00002f65   Thumb Code    24  uart.o(i.UART_OutString)
    UART_OutUDec                             0x00002f7d   Thumb Code    42  uart.o(i.UART_OutUDec)
    UART_compare                             0x00002fa7   Thumb Code    78  interpreter.o(i.UART_compare)
    UART_invalid_command                     0x00002ff5   Thumb Code    20  interpreter.o(i.UART_invalid_command)
    URxFifo_Init                             0x0000301d   Thumb Code    26  uart.o(i.URxFifo_Init)
    URxFifo_Put                              0x00003041   Thumb Code    48  uart.o(i.URxFifo_Put)
    URxFifo_Size                             0x0000307d   Thumb Code    12  uart.o(i.URxFifo_Size)
    UTxFifo_Get                              0x00003091   Thumb Code    46  uart.o(i.UTxFifo_Get)
    UTxFifo_Init                             0x000030cd   Thumb Code    26  uart.o(i.UTxFifo_Init)
    UTxFifo_Put                              0x000030f1   Thumb Code    48  uart.o(i.UTxFifo_Put)
    UTxFifo_Size                             0x0000312d   Thumb Code    12  uart.o(i.UTxFifo_Size)
    UUUTxFifo_Get                            0x00003141   Thumb Code    46  uart.o(i.UUUTxFifo_Get)
    fillmessage                              0x000033ad   Thumb Code    64  st7735.o(i.fillmessage)
    lights                                   0x000033f5   Thumb Code   248  interpreter.o(i.lights)
    main                                     0x00003579   Thumb Code   158  lab2.o(i.main)
    menu                                     0x00003649   Thumb Code    96  interpreter.o(i.menu)
    dBfs                                     0x00003f10   Data         512  st7735.o(.constdata)
    Region$$Table$$Base                      0x00004110   Number         0  anon$$obj.o(Region$$Table)
    Region$$Table$$Limit                     0x00004130   Number         0  anon$$obj.o(Region$$Table)
    jmax                                     0x20000000   Data           4  lab2.o(.data)
    NumCreated                               0x20000014   Data           4  lab2.o(.data)
    PIDWork                                  0x20000018   Data           4  lab2.o(.data)
    FilterWork                               0x2000001c   Data           4  lab2.o(.data)
    NumSamples                               0x20000020   Data           4  lab2.o(.data)
    DataLost                                 0x20000024   Data           4  lab2.o(.data)
    MaxJitter                                0x20000028   Data           4  lab2.o(.data)
    TotalWithI1                              0x2000002c   Data           4  lab2.o(.data)
    MaxWithI1                                0x20000030   Data           2  lab2.o(.data)
    DASoutput                                0x20000034   Data           4  lab2.o(.data)
    IntTerm                                  0x20000038   Data           2  lab2.o(.data)
    PrevError                                0x2000003a   Data           2  lab2.o(.data)
    Coeff                                    0x2000003c   Data           6  lab2.o(.data)
    Actuator                                 0x20000042   Data           2  lab2.o(.data)
    Count1                                   0x20000044   Data           4  lab2.o(.data)
    Count2                                   0x20000048   Data           4  lab2.o(.data)
    Count3                                   0x2000004c   Data           4  lab2.o(.data)
    Count4                                   0x20000050   Data           4  lab2.o(.data)
    Count5                                   0x20000054   Data           4  lab2.o(.data)
    Lost                                     0x20000058   Data           4  lab2.o(.data)
    OtherCount1                              0x2000005c   Data           4  lab2.o(.data)
    Expected8                                0x20000060   Data           4  lab2.o(.data)
    Error8                                   0x20000064   Data           4  lab2.o(.data)
    CountA                                   0x20000068   Data           4  lab2.o(.data)
    CountB                                   0x2000006c   Data           4  lab2.o(.data)
    newTime                                  0x20000074   Data           4  lab2.o(.data)
    SignalCount1                             0x20000078   Data           4  lab2.o(.data)
    SignalCount2                             0x2000007c   Data           4  lab2.o(.data)
    SignalCount3                             0x20000080   Data           4  lab2.o(.data)
    WaitCount1                               0x20000084   Data           4  lab2.o(.data)
    WaitCount2                               0x20000088   Data           4  lab2.o(.data)
    WaitCount3                               0x2000008c   Data           4  lab2.o(.data)
    delay                                    0x20000090   Data           4  interpreter.o(.data)
    samples                                  0x20000094   Data           4  interpreter.o(.data)
    fsize                                    0x20000098   Data           4  fifo.o(.data)
    PutPt                                    0x2000009c   Data           4  fifo.o(.data)
    GetPt                                    0x200000a0   Data           4  fifo.o(.data)
    StX                                      0x200000a4   Data           4  st7735.o(.data)
    StY                                      0x200000a8   Data           4  st7735.o(.data)
    StTextColor                              0x200000ac   Data           2  st7735.o(.data)
    lastj                                    0x200000b4   Data           4  st7735.o(.data)
    Messageindex                             0x200000bc   Data           4  st7735.o(.data)
    Ymax                                     0x200000c0   Data           4  st7735.o(.data)
    Ymin                                     0x200000c4   Data           4  st7735.o(.data)
    X                                        0x200000c8   Data           4  st7735.o(.data)
    Yrange                                   0x200000cc   Data           4  st7735.o(.data)
    current_sample                           0x200000d0   Data           4  adc.o(.data)
    ADCvalue                                 0x200000d4   Data           4  adc.o(.data)
    ADC_Collect_Task                         0x200000d8   Data           4  adc.o(.data)
    count                                    0x200000dc   Data           4  os.o(.data)
    MailBox                                  0x200000e0   Data           4  os.o(.data)
    OSTimerCount                             0x200000e4   Data           4  os.o(.data)
    SleepPt                                  0x200000e8   Data           4  os.o(.data)
    threadCount                              0x200000ec   Data           4  os.o(.data)
    RunPt                                    0x200000f0   Data           4  os.o(.data)
    RxPutI                                   0x200000f4   Data           4  uart.o(.data)
    RxGetI                                   0x200000f8   Data           4  uart.o(.data)
    UTxPutI                                  0x200000fc   Data           4  uart.o(.data)
    UTxGetI                                  0x20000100   Data           4  uart.o(.data)
    PeriodicTask                             0x20000104   Data           4  timer2.o(.data)
    PeriodicTask4                            0x20000108   Data           4  timer2.o(.data)
    last                                     0x2000010c   Data           4  timer2.o(.data)
    periodicity                              0x20000110   Data           4  timer2.o(.data)
    PeriodicTask2                            0x20000114   Data           4  timer2.o(.data)
    PeriodicTask3                            0x20000118   Data           4  timer2.o(.data)
    JitterHistogram                          0x2000011c   Data         256  lab2.o(.bss)
    x                                        0x2000024c   Data         256  lab2.o(.bss)
    y                                        0x2000034c   Data         256  lab2.o(.bss)
    Readyc                                   0x2000044c   Data          12  lab2.o(.bss)
    Readyd                                   0x20000458   Data          12  lab2.o(.bss)
    s                                        0x20000464   Data          12  lab2.o(.bss)
    instring                                 0x20000470   Data          64  interpreter.o(.bss)
    Message                                  0x200006b0   Data          12  st7735.o(.bss)
    RoomLeft                                 0x200006bc   Data          12  os.o(.bss)
    mutex                                    0x200006c8   Data          12  os.o(.bss)
    CurrentSize                              0x200006d4   Data          12  os.o(.bss)
    DataValid                                0x200006e0   Data          12  os.o(.bss)
    BoxFree                                  0x200006ec   Data          12  os.o(.bss)
    dummy                                    0x200006f8   Data          32  os.o(.bss)
    sleepingThreads                          0x20000718   Data          12  os.o(.bss)
    tcbs                                     0x20000724   Data        1792  os.o(.bss)
    priorityPts                              0x20000e24   Data          28  os.o(.bss)
    LCDFree                                  0x20000e40   Data          12  os.o(.bss)
    Stacks                                   0x20000e4c   Data       26880  os.o(.bss)
    priorityCount                            0x2000774c   Data          28  os.o(.bss)
    __libspace_start                         0x200077e8   Data          96  libspace.o(.bss)
    __temporary_stack_top$libspace           0x20007848   Data           0  libspace.o(.bss)



==============================================================================

Memory Map of the image

  Image Entry point : 0x0000026d

  Load Region LR_1 (Base: 0x00000000, Size: 0x0000424c, Max: 0xffffffff, ABSOLUTE)

    Execution Region ER_RO (Base: 0x00000000, Size: 0x00004130, Max: 0xffffffff, ABSOLUTE)

    Base Addr    Size         Type   Attr      Idx    E Section Name        Object

    0x00000000   0x00000284   Code   RO            3  * RESET               startup.o
    0x00000284   0x00000008   Code   RO         1261  * !!!main             c_w.l(__main.o)
    0x0000028c   0x00000034   Code   RO         1415    !!!scatter          c_w.l(__scatter.o)
    0x000002c0   0x0000001a   Code   RO         1417    !!handler_copy      c_w.l(__scatter_copy.o)
    0x000002da   0x00000002   PAD
    0x000002dc   0x0000001c   Code   RO         1419    !!handler_zi        c_w.l(__scatter_zi.o)
    0x000002f8   0x00000002   Code   RO         1288    .ARM.Collect$$libinit$$00000000  c_w.l(libinit.o)
    0x000002fa   0x00000000   Code   RO         1295    .ARM.Collect$$libinit$$00000002  c_w.l(libinit2.o)
    0x000002fa   0x00000000   Code   RO         1298    .ARM.Collect$$libinit$$00000008  c_w.l(libinit2.o)
    0x000002fa   0x00000000   Code   RO         1300    .ARM.Collect$$libinit$$0000000A  c_w.l(libinit2.o)
    0x000002fa   0x00000000   Code   RO         1302    .ARM.Collect$$libinit$$0000000C  c_w.l(libinit2.o)
    0x000002fa   0x00000000   Code   RO         1305    .ARM.Collect$$libinit$$0000000F  c_w.l(libinit2.o)
    0x000002fa   0x00000000   Code   RO         1307    .ARM.Collect$$libinit$$00000011  c_w.l(libinit2.o)
    0x000002fa   0x00000000   Code   RO         1309    .ARM.Collect$$libinit$$00000013  c_w.l(libinit2.o)
    0x000002fa   0x00000000   Code   RO         1311    .ARM.Collect$$libinit$$00000015  c_w.l(libinit2.o)
    0x000002fa   0x00000000   Code   RO         1313    .ARM.Collect$$libinit$$00000017  c_w.l(libinit2.o)
    0x000002fa   0x00000000   Code   RO         1315    .ARM.Collect$$libinit$$00000019  c_w.l(libinit2.o)
    0x000002fa   0x00000000   Code   RO         1317    .ARM.Collect$$libinit$$0000001B  c_w.l(libinit2.o)
    0x000002fa   0x00000000   Code   RO         1319    .ARM.Collect$$libinit$$0000001D  c_w.l(libinit2.o)
    0x000002fa   0x00000000   Code   RO         1321    .ARM.Collect$$libinit$$0000001F  c_w.l(libinit2.o)
    0x000002fa   0x00000000   Code   RO         1323    .ARM.Collect$$libinit$$00000021  c_w.l(libinit2.o)
    0x000002fa   0x00000000   Code   RO         1325    .ARM.Collect$$libinit$$00000023  c_w.l(libinit2.o)
    0x000002fa   0x00000000   Code   RO         1329    .ARM.Collect$$libinit$$0000002A  c_w.l(libinit2.o)
    0x000002fa   0x00000000   Code   RO         1331    .ARM.Collect$$libinit$$0000002C  c_w.l(libinit2.o)
    0x000002fa   0x00000000   Code   RO         1333    .ARM.Collect$$libinit$$0000002E  c_w.l(libinit2.o)
    0x000002fa   0x00000000   Code   RO         1335    .ARM.Collect$$libinit$$00000030  c_w.l(libinit2.o)
    0x000002fa   0x00000002   Code   RO         1336    .ARM.Collect$$libinit$$00000031  c_w.l(libinit2.o)
    0x000002fc   0x00000002   Code   RO         1356    .ARM.Collect$$libshutdown$$00000000  c_w.l(libshutdown.o)
    0x000002fe   0x00000000   Code   RO         1370    .ARM.Collect$$libshutdown$$00000003  c_w.l(libshutdown2.o)
    0x000002fe   0x00000000   Code   RO         1373    .ARM.Collect$$libshutdown$$00000006  c_w.l(libshutdown2.o)
    0x000002fe   0x00000000   Code   RO         1376    .ARM.Collect$$libshutdown$$00000009  c_w.l(libshutdown2.o)
    0x000002fe   0x00000000   Code   RO         1378    .ARM.Collect$$libshutdown$$0000000B  c_w.l(libshutdown2.o)
    0x000002fe   0x00000000   Code   RO         1381    .ARM.Collect$$libshutdown$$0000000E  c_w.l(libshutdown2.o)
    0x000002fe   0x00000002   Code   RO         1382    .ARM.Collect$$libshutdown$$0000000F  c_w.l(libshutdown2.o)
    0x00000300   0x00000000   Code   RO         1263    .ARM.Collect$$rtentry$$00000000  c_w.l(rtentry.o)
    0x00000300   0x00000000   Code   RO         1265    .ARM.Collect$$rtentry$$00000002  c_w.l(rtentry2.o)
    0x00000300   0x00000006   Code   RO         1277    .ARM.Collect$$rtentry$$00000004  c_w.l(rtentry4.o)
    0x00000306   0x00000000   Code   RO         1267    .ARM.Collect$$rtentry$$00000009  c_w.l(rtentry2.o)
    0x00000306   0x00000004   Code   RO         1268    .ARM.Collect$$rtentry$$0000000A  c_w.l(rtentry2.o)
    0x0000030a   0x00000000   Code   RO         1270    .ARM.Collect$$rtentry$$0000000C  c_w.l(rtentry2.o)
    0x0000030a   0x00000008   Code   RO         1271    .ARM.Collect$$rtentry$$0000000D  c_w.l(rtentry2.o)
    0x00000312   0x00000002   Code   RO         1292    .ARM.Collect$$rtexit$$00000000  c_w.l(rtexit.o)
    0x00000314   0x00000000   Code   RO         1338    .ARM.Collect$$rtexit$$00000002  c_w.l(rtexit2.o)
    0x00000314   0x00000004   Code   RO         1339    .ARM.Collect$$rtexit$$00000003  c_w.l(rtexit2.o)
    0x00000318   0x00000006   Code   RO         1340    .ARM.Collect$$rtexit$$00000004  c_w.l(rtexit2.o)
    0x0000031e   0x00000002   PAD
    0x00000320   0x00000030   Code   RO            4    .text               startup.o
    0x00000350   0x000002ce   Code   RO           34    .text               cr4_fft_64_stm32.o
    0x0000061e   0x00000002   PAD
    0x00000620   0x00000048   Code   RO           37    .text               pid_stm32.o
    0x00000668   0x00000068   Code   RO         1254    .text               os_asm.o
    0x000006d0   0x00000006   Code   RO         1259    .text               c_w.l(heapauxi.o)
    0x000006d6   0x0000004a   Code   RO         1279    .text               c_w.l(sys_stackheap_outer.o)
    0x00000720   0x0000000c   Code   RO         1281    .text               c_w.l(exit.o)
    0x0000072c   0x00000008   Code   RO         1289    .text               c_w.l(libspace.o)
    0x00000734   0x0000000c   Code   RO         1348    .text               c_w.l(sys_exit.o)
    0x00000740   0x00000002   Code   RO         1359    .text               c_w.l(use_no_semi.o)
    0x00000742   0x00000000   Code   RO         1361    .text               c_w.l(indicate_semi.o)
    0x00000742   0x00000002   PAD
    0x00000744   0x0000007c   Code   RO          793    i.ADC0Seq2_Handler  adc.o
    0x000007c0   0x00000444   Code   RO          794    i.ADC0_InitTimer0ATriggerSeq2  adc.o
    0x00000c04   0x000000a4   Code   RO          403    i.ADCS_Interpret    interpreter.o
    0x00000ca8   0x00000150   Code   RO          795    i.ADC_Collect       adc.o
    0x00000df8   0x0000002c   Code   RO          796    i.ADC_In            adc.o
    0x00000e24   0x000000e8   Code   RO          797    i.ADC_Init          adc.o
    0x00000f0c   0x00000038   Code   RO          404    i.Array_to_number   interpreter.o
    0x00000f44   0x000000c4   Code   RO           45    i.ButtonWork        lab2.o
    0x00001008   0x00000094   Code   RO           46    i.Consumer          lab2.o
    0x0000109c   0x000000c8   Code   RO           48    i.DAS               lab2.o
    0x00001164   0x00000020   Code   RO          513    i.Delay1ms          st7735.o
    0x00001184   0x0000006c   Code   RO           49    i.Display           lab2.o
    0x000011f0   0x00000050   Code   RO          475    i.Fifo_Get          fifo.o
    0x00001240   0x00000040   Code   RO          476    i.Fifo_Init         fifo.o
    0x00001280   0x00000044   Code   RO          477    i.Fifo_Put          fifo.o
    0x000012c4   0x000000c8   Code   RO           51    i.Filter            lab2.o
    0x0000138c   0x0000003c   Code   RO         1181    i.GPIOArm           timer2.o
    0x000013c8   0x0000003c   Code   RO         1182    i.GPIOArm2          timer2.o
    0x00001404   0x00000018   Code   RO         1183    i.GPIOPortF_Handler  timer2.o
    0x0000141c   0x00000050   Code   RO          405    i.Interpret         interpreter.o
    0x0000146c   0x00000008   Code   RO           52    i.Interpreter       lab2.o
    0x00001474   0x000000f4   Code   RO          406    i.LCD_Interpret     interpreter.o
    0x00001568   0x00000020   Code   RO         1029    i.NLO               uart.o
    0x00001588   0x00000016   Code   RO          839    i.OS_AddPeriodicThread  os.o
    0x0000159e   0x00000020   Code   RO          840    i.OS_AddSW1Task     os.o
    0x000015be   0x00000020   Code   RO          841    i.OS_AddSW2Task     os.o
    0x000015de   0x00000002   PAD
    0x000015e0   0x00000150   Code   RO          842    i.OS_AddThread      os.o
    0x00001730   0x0000000c   Code   RO          843    i.OS_ClearMsTime    os.o
    0x0000173c   0x00000008   Code   RO          844    i.OS_DisableInterrupts  os.o
    0x00001744   0x0000001a   Code   RO          846    i.OS_Fifo_Get       os.o
    0x0000175e   0x0000000a   Code   RO          847    i.OS_Fifo_Init      os.o
    0x00001768   0x00000012   Code   RO          848    i.OS_Fifo_Put       os.o
    0x0000177a   0x00000002   PAD
    0x0000177c   0x0000000c   Code   RO          850    i.OS_Id             os.o
    0x00001788   0x00000094   Code   RO          851    i.OS_Init           os.o
    0x0000181c   0x0000000a   Code   RO          852    i.OS_InitSemaphore  os.o
    0x00001826   0x00000002   PAD
    0x00001828   0x0000009c   Code   RO          853    i.OS_Kill           os.o
    0x000018c4   0x00000028   Code   RO          854    i.OS_Launch         os.o
    0x000018ec   0x00000028   Code   RO          855    i.OS_MailBox_Init   os.o
    0x00001914   0x00000024   Code   RO          856    i.OS_MailBox_Recv   os.o
    0x00001938   0x00000024   Code   RO          857    i.OS_MailBox_Send   os.o
    0x0000195c   0x000000a0   Code   RO          859    i.OS_Signal         os.o
    0x000019fc   0x000000f4   Code   RO          860    i.OS_Sleep          os.o
    0x00001af0   0x00000018   Code   RO          861    i.OS_Suspend        os.o
    0x00001b08   0x00000010   Code   RO          862    i.OS_Time           os.o
    0x00001b18   0x00000006   Code   RO          863    i.OS_TimeDifference  os.o
    0x00001b1e   0x00000002   PAD
    0x00001b20   0x00000174   Code   RO          864    i.OS_Wait           os.o
    0x00001c94   0x000000a0   Code   RO          865    i.OS_bSignal        os.o
    0x00001d34   0x0000016c   Code   RO          866    i.OS_bWait          os.o
    0x00001ea0   0x0000000a   Code   RO          514    i.Output_Clear      st7735.o
    0x00001eaa   0x00000002   PAD
    0x00001eac   0x0000007c   Code   RO           55    i.PID               lab2.o
    0x00001f28   0x0000007c   Code   RO           12    i.PLL_Init          pll.o
    0x00001fa4   0x00000068   Code   RO           56    i.PortE_Init        lab2.o
    0x0000200c   0x00000034   Code   RO           57    i.Producer          lab2.o
    0x00002040   0x000000f4   Code   RO          522    i.ST7735_DrawCharS  st7735.o
    0x00002134   0x0000007c   Code   RO          523    i.ST7735_DrawFastHLine  st7735.o
    0x000021b0   0x00000048   Code   RO          525    i.ST7735_DrawPixel  st7735.o
    0x000021f8   0x00000056   Code   RO          526    i.ST7735_DrawString  st7735.o
    0x0000224e   0x00000002   PAD
    0x00002250   0x000000ac   Code   RO          527    i.ST7735_FillRect   st7735.o
    0x000022fc   0x00000024   Code   RO          528    i.ST7735_FillScreen  st7735.o
    0x00002320   0x0000007c   Code   RO          530    i.ST7735_InitR      st7735.o
    0x0000239c   0x00000090   Code   RO          532    i.ST7735_Message    st7735.o
    0x0000242c   0x0000008c   Code   RO          535    i.ST7735_OutUDec    st7735.o
    0x000024b8   0x00000020   Code   RO          544    i.ST7735_SetCursor  st7735.o
    0x000024d8   0x000000d4   Code   RO          545    i.ST7735_SetRotation  st7735.o
    0x000025ac   0x00000028   Code   RO           59    i.SW1Push           lab2.o
    0x000025d4   0x00000028   Code   RO           60    i.SW2Push           lab2.o
    0x000025fc   0x000001b0   Code   RO          867    i.SetInitialStack   os.o
    0x000027ac   0x000000b4   Code   RO         1184    i.Switch_Init       timer2.o
    0x00002860   0x000000c8   Code   RO         1185    i.Switch_Init2      timer2.o
    0x00002928   0x00000040   Code   RO          798    i.Timer1A_Handler   adc.o
    0x00002968   0x00000074   Code   RO         1186    i.Timer2A_Handler   timer2.o
    0x000029dc   0x00000080   Code   RO         1187    i.Timer2_Init       timer2.o
    0x00002a5c   0x00000068   Code   RO         1188    i.Timer3A_Handler   timer2.o
    0x00002ac4   0x0000004c   Code   RO         1189    i.Timer3Arm         timer2.o
    0x00002b10   0x00000050   Code   RO         1190    i.Timer3_Init       timer2.o
    0x00002b60   0x000000f4   Code   RO          868    i.Timer5A_Handler   os.o
    0x00002c54   0x00000058   Code   RO         1030    i.UART0_Handler     uart.o
    0x00002cac   0x00000014   Code   RO         1031    i.UART_InChar       uart.o
    0x00002cc0   0x00000046   Code   RO         1033    i.UART_InString     uart.o
    0x00002d06   0x00000002   PAD
    0x00002d08   0x000000cc   Code   RO         1036    i.UART_Init         uart.o
    0x00002dd4   0x0000015c   Code   RO          407    i.UART_Interpret    interpreter.o
    0x00002f30   0x00000034   Code   RO         1037    i.UART_OutChar      uart.o
    0x00002f64   0x00000018   Code   RO         1038    i.UART_OutString    uart.o
    0x00002f7c   0x0000002a   Code   RO         1039    i.UART_OutUDec      uart.o
    0x00002fa6   0x0000004e   Code   RO          408    i.UART_compare      interpreter.o
    0x00002ff4   0x00000028   Code   RO          409    i.UART_invalid_command  interpreter.o
    0x0000301c   0x00000024   Code   RO         1041    i.URxFifo_Init      uart.o
    0x00003040   0x0000003c   Code   RO         1042    i.URxFifo_Put       uart.o
    0x0000307c   0x00000014   Code   RO         1043    i.URxFifo_Size      uart.o
    0x00003090   0x0000003c   Code   RO         1044    i.UTxFifo_Get       uart.o
    0x000030cc   0x00000024   Code   RO         1045    i.UTxFifo_Init      uart.o
    0x000030f0   0x0000003c   Code   RO         1046    i.UTxFifo_Put       uart.o
    0x0000312c   0x00000014   Code   RO         1047    i.UTxFifo_Size      uart.o
    0x00003140   0x0000003c   Code   RO         1048    i.UUUTxFifo_Get     uart.o
    0x0000317c   0x00000056   Code   RO          548    i.commandList       st7735.o
    0x000031d2   0x00000002   PAD
    0x000031d4   0x00000184   Code   RO          549    i.commonInit        st7735.o
    0x00003358   0x00000028   Code   RO         1049    i.copyHardwareToSoftware  uart.o
    0x00003380   0x0000002c   Code   RO         1050    i.copySoftwareToHardware  uart.o
    0x000033ac   0x00000048   Code   RO          552    i.fillmessage       st7735.o
    0x000033f4   0x00000184   Code   RO          410    i.lights            interpreter.o
    0x00003578   0x000000d0   Code   RO           87    i.main              lab2.o
    0x00003648   0x0000010c   Code   RO          411    i.menu              interpreter.o
    0x00003754   0x00000012   Code   RO          554    i.pushColor         st7735.o
    0x00003766   0x00000002   PAD
    0x00003768   0x00000074   Code   RO          555    i.setAddrWindow     st7735.o
    0x000037dc   0x00000030   Code   RO          556    i.writecommand      st7735.o
    0x0000380c   0x00000020   Code   RO          557    i.writedata         st7735.o
    0x0000382c   0x00000102   Data   RO          413    .constdata          interpreter.o
    0x0000392e   0x000007e2   Data   RO          559    .constdata          st7735.o
    0x00004110   0x00000020   Data   RO         1413    Region$$Table       anon$$obj.o


    Execution Region ER_RW (Base: 0x20000000, Size: 0x0000011c, Max: 0xffffffff, ABSOLUTE)

    Base Addr    Size         Type   Attr      Idx    E Section Name        Object

    0x20000000   0x00000090   Data   RW           97    .data               lab2.o
    0x20000090   0x00000008   Data   RW          414    .data               interpreter.o
    0x20000098   0x0000000c   Data   RW          480    .data               fifo.o
    0x200000a4   0x0000002c   Data   RW          560    .data               st7735.o
    0x200000d0   0x0000000c   Data   RW          799    .data               adc.o
    0x200000dc   0x00000018   Data   RW          870    .data               os.o
    0x200000f4   0x00000010   Data   RW         1052    .data               uart.o
    0x20000104   0x00000018   Data   RW         1192    .data               timer2.o


    Execution Region ER_ZI (Base: 0x2000011c, Size: 0x00007b2c, Max: 0xffffffff, ABSOLUTE)

    Base Addr    Size         Type   Attr      Idx    E Section Name        Object

    0x2000011c   0x00000354   Zero   RW           95    .bss                lab2.o
    0x20000470   0x00000040   Zero   RW          412    .bss                interpreter.o
    0x200004b0   0x00000200   Zero   RW          479    .bss                fifo.o
    0x200006b0   0x0000000c   Zero   RW          558    .bss                st7735.o
    0x200006bc   0x000070ac   Zero   RW          869    .bss                os.o
    0x20007768   0x00000080   Zero   RW         1051    .bss                uart.o
    0x200077e8   0x00000060   Zero   RW         1290    .bss                c_w.l(libspace.o)
    0x20007848   0x00000000   Zero   RW            2    HEAP                startup.o
    0x20007848   0x00000400   Zero   RW            1    STACK               startup.o


==============================================================================

Image component sizes


      Code (inc. data)   RO Data    RW Data    ZI Data      Debug   Object Name

      1892        222          0         12          0       4978   adc.o
       718        240          0          0          0        276   cr4_fft_64_stm32.o
       212         60          0         12        512       2563   fifo.o
      1666        492        258          8         64       6591   interpreter.o
      1428        312          0        144        852      10343   lab2.o
      2996        196          0         24      28844      15634   os.o
       104          8          0          0          0        248   os_asm.o
        72          8          0          0          0        240   pid_stm32.o
       124          6          0          0          0       4663   pll.o
      2188        214       2018         44         12      14739   st7735.o
       692        632          0          0       1024        972   startup.o
      1028        172          0         24          0       5374   timer2.o
       968        144          0         16        128       9585   uart.o

    ----------------------------------------------------------------------
     14108       2708       2308        284      31436      76206   Object Totals
         0          0         32          0          0          0   (incl. Generated)
        20          2          0          0          0          0   (incl. Padding)

    ----------------------------------------------------------------------

      Code (inc. data)   RO Data    RW Data    ZI Data      Debug   Library Member Name

         8          0          0          0          0         68   __main.o
        52          8          0          0          0          0   __scatter.o
        26          0          0          0          0          0   __scatter_copy.o
        28          0          0          0          0          0   __scatter_zi.o
        12          0          0          0          0         72   exit.o
         6          0          0          0          0        152   heapauxi.o
         0          0          0          0          0          0   indicate_semi.o
         2          0          0          0          0          0   libinit.o
         2          0          0          0          0          0   libinit2.o
         2          0          0          0          0          0   libshutdown.o
         2          0          0          0          0          0   libshutdown2.o
         8          4          0          0         96         68   libspace.o
         0          0          0          0          0          0   rtentry.o
        12          0          0          0          0          0   rtentry2.o
         6          0          0          0          0          0   rtentry4.o
         2          0          0          0          0          0   rtexit.o
        10          0          0          0          0          0   rtexit2.o
        12          4          0          0          0         68   sys_exit.o
        74          0          0          0          0         80   sys_stackheap_outer.o
         2          0          0          0          0         68   use_no_semi.o

    ----------------------------------------------------------------------
       272         16          0          0         96        576   Library Totals
         6          0          0          0          0          0   (incl. Padding)

    ----------------------------------------------------------------------

      Code (inc. data)   RO Data    RW Data    ZI Data      Debug   Library Name

       266         16          0          0         96        576   c_w.l

    ----------------------------------------------------------------------
       272         16          0          0         96        576   Library Totals

    ----------------------------------------------------------------------

==============================================================================


      Code (inc. data)   RO Data    RW Data    ZI Data      Debug   

     14380       2724       2308        284      31532      71166   Grand Totals
     14380       2724       2308        284      31532      71166   ELF Image Totals
     14380       2724       2308        284          0          0   ROM Totals

==============================================================================

    Total RO  Size (Code + RO Data)                16688 (  16.30kB)
    Total RW  Size (RW Data + ZI Data)             31816 (  31.07kB)
    Total ROM Size (Code + RO Data + RW Data)      16972 (  16.57kB)

==============================================================================

