<html>
<body>
<pre>
<h1>µVision Build Log</h1>
<h2>Project:</h2>
C:\Users\hyder\Downloads\lab-3-jak3692_hs25796-sleep_mod\lab-3-jak3692_hs25796-sleep_mod\PeriodicTimer0AInts.uvproj
Project File Date:  03/13/2019

<h2>Output:</h2>
Rebuild target 'PeriodicTimer0AInts'
assembling startup.s...
compiling PLL.c...
assembling cr4_fft_64_stm32.s...
assembling PID_stm32.s...
compiling lab2.c...
compiling interpreter.c...
compiling FIFO.c...
compiling ST7735.c...
compiling ADC.c...
compiling OS.c...
compiling UART.c...
compiling SysTickInts.c...
compiling Timer2.c...
assembling OS_asm.s...
linking...
Program Size: Code=14380 RO-data=2308 RW-data=284 ZI-data=31532  
".\PeriodicTimer0AInts.axf" - 0 Error(s), 0 Warning(s).
</pre>
</body>
</html>
nloads\\lab-3-jak3692_hs25796-sleep_mod\\lab-3-jak3692_hs25796-sleep_mod\\PeriodicTimer0AInts.axf" 
Connecting: Mode=JTAG, Speed=1000000Hz
Erase Done.
Programming Done.
Verify OK.

d "C:\\Users\\hyder\\Downloads\\lab-3-jak3692_hs25796-sleep_mod\\lab-3-jak3692_hs25796-sleep_mod\\PeriodicTimer0AInts.axf" 
Connecting: Mode=JTAG, Speed=1000000Hz
Connection failed!, error code=&d
Error: Flash Download failed  -  Target DLL has been cancelled
Load "C:\\Users\\hyder\\Downloads\\lab-3-jak3692_hs25796-sleep_mod\\lab-3-jak3692_hs25796-sleep_mod\\PeriodicTimer0AInts.axf" 
Connecting: Mode=JTAG, Speed=1000000Hz
Erase Done.
Programming Done.
Verify OK.
