ARM Linker, 5.03 [Build 76] [MDK-ARM Professional]

==============================================================================

Section Cross References

    startup.o(STACK) refers (Special) to heapauxi.o(.text) for __use_two_region_memory
    startup.o(HEAP) refers (Special) to heapauxi.o(.text) for __use_two_region_memory
    startup.o(RESET) refers (Special) to heapauxi.o(.text) for __use_two_region_memory
    startup.o(RESET) refers to startup.o(STACK) for StackMem
    startup.o(RESET) refers to uart.o(i.UART0_Handler) for UART0_Handler
    startup.o(RESET) refers to adc.o(i.ADC0Seq3_Handler) for ADC0Seq3_Handler
    startup.o(RESET) refers to timer0a.o(i.Timer0A_Handler) for Timer0A_Handler
    startup.o(RESET) refers to __main.o(!!!main) for __main
    startup.o(.text) refers (Special) to heapauxi.o(.text) for __use_two_region_memory
    startup.o(.text) refers to startup.o(HEAP) for HeapMem
    startup.o(.text) refers to startup.o(STACK) for StackMem
    periodictimer0aints.o(i.UserTask) refers to periodictimer0aints.o(.data) for i
    periodictimer0aints.o(i.UserTask) refers to periodictimer0aints.o(.constdata) for COLORWHEEL
    periodictimer0aints.o(i.main2) refers to pll.o(i.PLL_Init) for PLL_Init
    periodictimer0aints.o(i.main2) refers to timer0a.o(i.Timer0A_Init) for Timer0A_Init
    periodictimer0aints.o(i.main2) refers to startup.o(.text) for EnableInterrupts
    periodictimer0aints.o(i.main2) refers to periodictimer0aints.o(i.UserTask) for UserTask
    timer0a.o(i.Timer0A_Handler) refers to timer0a.o(.data) for PeriodicTask
    timer0a.o(i.Timer0A_Init) refers to startup.o(.text) for StartCritical
    timer0a.o(i.Timer0A_Init) refers to timer0a.o(.data) for PeriodicTask
    pid_stm32.o(.text) refers to lab2.o(.data) for IntTerm
    lab2.o(i.BackgroundThread1c) refers to os.o(i.OS_Signal) for OS_Signal
    lab2.o(i.BackgroundThread1c) refers to lab2.o(.data) for Count1
    lab2.o(i.BackgroundThread1d) refers to lab2.o(.data) for i
    lab2.o(i.BackgroundThread5c) refers to os.o(i.OS_AddThread) for OS_AddThread
    lab2.o(i.BackgroundThread5c) refers to lab2.o(i.Thread4c) for Thread4c
    lab2.o(i.BackgroundThread5c) refers to lab2.o(.data) for NumCreated
    lab2.o(i.BackgroundThread5d) refers to os.o(i.OS_AddThread) for OS_AddThread
    lab2.o(i.BackgroundThread5d) refers to lab2.o(i.Thread4d) for Thread4d
    lab2.o(i.BackgroundThread5d) refers to lab2.o(.data) for NumCreated
    lab2.o(i.BackgroundThread8Producer) refers to lab2.o(.data) for Count1
    lab2.o(i.ButtonWork) refers to st7735.o(i.ST7735_Message) for ST7735_Message
    lab2.o(i.ButtonWork) refers to lab2.o(.data) for NumCreated
    lab2.o(i.Consumer) refers to os.o(i.OS_AddThread) for OS_AddThread
    lab2.o(i.Consumer) refers to cr4_fft_64_stm32.o(.text) for cr4_fft_64_stm32
    lab2.o(i.Consumer) refers to lab2.o(i.Producer) for Producer
    lab2.o(i.Consumer) refers to lab2.o(i.Display) for Display
    lab2.o(i.Consumer) refers to lab2.o(.data) for NumCreated
    lab2.o(i.Consumer) refers to lab2.o(.bss) for x
    lab2.o(i.ConsumerThread8) refers to lab2.o(.data) for Count2
    lab2.o(i.DAS) refers to os.o(i.OS_Time) for OS_Time
    lab2.o(i.DAS) refers to lab2.o(i.Filter) for Filter
    lab2.o(i.DAS) refers to os.o(i.OS_TimeDifference) for OS_TimeDifference
    lab2.o(i.DAS) refers to lab2.o(.data) for NumSamples
    lab2.o(i.DAS) refers to lab2.o(.bss) for JitterHistogram
    lab2.o(i.Display) refers to st7735.o(i.ST7735_Message) for ST7735_Message
    lab2.o(i.Display) refers to lab2.o(.data) for NumSamples
    lab2.o(i.FillerThread8) refers to lab2.o(.data) for Count3
    lab2.o(i.Filter) refers to lab2.o(.data) for n
    lab2.o(i.Filter) refers to lab2.o(.bss) for x
    lab2.o(i.Interpreter) refers to rt_memclr_w.o(.text) for __aeabi_memclr4
    lab2.o(i.Interpreter) refers to uart.o(i.UART_InString) for UART_InString
    lab2.o(i.Interpreter) refers to interpreter.o(i.UART_Interpret) for UART_Interpret
    lab2.o(i.OutputThread) refers to uart.o(i.UART_OutString) for UART_OutString
    lab2.o(i.OutputThread) refers to uart.o(i.UART_OutUDec) for UART_OutUDec
    lab2.o(i.OutputThread) refers to lab2.o(.data) for SignalCount1
    lab2.o(i.PID) refers to pid_stm32.o(.text) for PID_stm32
    lab2.o(i.PID) refers to lab2.o(.data) for PIDWork
    lab2.o(i.Producer) refers to lab2.o(.data) for NumSamples
    lab2.o(i.PseudoWork) refers to os.o(i.OS_Time) for OS_Time
    lab2.o(i.PseudoWork) refers to os.o(i.OS_TimeDifference) for OS_TimeDifference
    lab2.o(i.SW1Push) refers to os.o(i.OS_AddThread) for OS_AddThread
    lab2.o(i.SW1Push) refers to lab2.o(i.ButtonWork) for ButtonWork
    lab2.o(i.SW1Push) refers to lab2.o(.data) for NumCreated
    lab2.o(i.SW2Push) refers to os.o(i.OS_AddThread) for OS_AddThread
    lab2.o(i.SW2Push) refers to lab2.o(i.ButtonWork) for ButtonWork
    lab2.o(i.SW2Push) refers to lab2.o(.data) for NumCreated
    lab2.o(i.Signal1) refers to os.o(i.OS_Signal) for OS_Signal
    lab2.o(i.Signal1) refers to lab2.o(.data) for SignalCount1
    lab2.o(i.Signal2) refers to os.o(i.OS_Signal) for OS_Signal
    lab2.o(i.Signal2) refers to lab2.o(.data) for SignalCount2
    lab2.o(i.Signal3) refers to os.o(i.OS_Signal) for OS_Signal
    lab2.o(i.Signal3) refers to lab2.o(.data) for s
    lab2.o(i.TaskA) refers to lab2.o(i.PseudoWork) for PseudoWork
    lab2.o(i.TaskA) refers to lab2.o(.data) for CountA
    lab2.o(i.TaskB) refers to lab2.o(i.PseudoWork) for PseudoWork
    lab2.o(i.TaskB) refers to lab2.o(.data) for CountB
    lab2.o(i.Testmain1) refers to lab2.o(i.PortE_Init) for PortE_Init
    lab2.o(i.Testmain1) refers to os.o(i.OS_AddThread) for OS_AddThread
    lab2.o(i.Testmain1) refers to lab2.o(.data) for NumCreated
    lab2.o(i.Testmain1) refers to lab2.o(i.Thread1) for Thread1
    lab2.o(i.Testmain1) refers to lab2.o(i.Thread2) for Thread2
    lab2.o(i.Testmain1) refers to lab2.o(i.Thread3) for Thread3
    lab2.o(i.Testmain3) refers to os.o(i.OS_AddThread) for OS_AddThread
    lab2.o(i.Testmain3) refers to lab2.o(.data) for Count4
    lab2.o(i.Testmain3) refers to lab2.o(i.BackgroundThread5c) for BackgroundThread5c
    lab2.o(i.Testmain3) refers to lab2.o(i.Thread2c) for Thread2c
    lab2.o(i.Testmain3) refers to lab2.o(i.Thread3c) for Thread3c
    lab2.o(i.Testmain3) refers to lab2.o(i.Thread4c) for Thread4c
    lab2.o(i.Testmain4) refers to os.o(i.OS_AddThread) for OS_AddThread
    lab2.o(i.Testmain4) refers to lab2.o(.data) for Count4
    lab2.o(i.Testmain4) refers to lab2.o(i.BackgroundThread1d) for BackgroundThread1d
    lab2.o(i.Testmain4) refers to lab2.o(i.BackgroundThread5d) for BackgroundThread5d
    lab2.o(i.Testmain4) refers to lab2.o(i.Thread2d) for Thread2d
    lab2.o(i.Testmain4) refers to lab2.o(i.Thread3d) for Thread3d
    lab2.o(i.Testmain4) refers to lab2.o(i.Thread4d) for Thread4d
    lab2.o(i.Testmain5) refers to lab2.o(i.PortE_Init) for PortE_Init
    lab2.o(i.Testmain5) refers to os.o(i.OS_AddThread) for OS_AddThread
    lab2.o(i.Testmain5) refers to lab2.o(.data) for NumCreated
    lab2.o(i.Testmain5) refers to lab2.o(i.Thread6) for Thread6
    lab2.o(i.Testmain5) refers to lab2.o(i.Thread7) for Thread7
    lab2.o(i.Testmain5) refers to lab2.o(i.TaskA) for TaskA
    lab2.o(i.Testmain5) refers to lab2.o(i.TaskB) for TaskB
    lab2.o(i.Testmain6) refers to lab2.o(i.add) for add
    lab2.o(i.Testmain6) refers to lab2.o(i.PortE_Init) for PortE_Init
    lab2.o(i.Testmain6) refers to os.o(i.OS_InitSemaphore) for OS_InitSemaphore
    lab2.o(i.Testmain6) refers to os.o(i.OS_AddThread) for OS_AddThread
    lab2.o(i.Testmain6) refers to lab2.o(.data) for SignalCount1
    lab2.o(i.Testmain6) refers to lab2.o(i.Signal1) for Signal1
    lab2.o(i.Testmain6) refers to lab2.o(i.Signal2) for Signal2
    lab2.o(i.Testmain6) refers to lab2.o(i.Thread6) for Thread6
    lab2.o(i.Testmain6) refers to lab2.o(i.OutputThread) for OutputThread
    lab2.o(i.Testmain6) refers to lab2.o(i.Signal3) for Signal3
    lab2.o(i.Testmain6) refers to lab2.o(i.Wait1) for Wait1
    lab2.o(i.Testmain6) refers to lab2.o(i.Wait2) for Wait2
    lab2.o(i.Testmain6) refers to lab2.o(i.Wait3) for Wait3
    lab2.o(i.Testmain7) refers to lab2.o(i.PortE_Init) for PortE_Init
    lab2.o(i.Testmain7) refers to os.o(i.OS_AddThread) for OS_AddThread
    lab2.o(i.Testmain7) refers to lab2.o(.data) for NumCreated
    lab2.o(i.Testmain7) refers to lab2.o(i.Thread8) for Thread8
    lab2.o(i.Testmain8) refers to os.o(i.OS_AddThread) for OS_AddThread
    lab2.o(i.Testmain8) refers to lab2.o(.data) for Count1
    lab2.o(i.Testmain8) refers to lab2.o(i.BackgroundThread8Producer) for BackgroundThread8Producer
    lab2.o(i.Testmain8) refers to lab2.o(i.ConsumerThread8) for ConsumerThread8
    lab2.o(i.Testmain8) refers to lab2.o(i.FillerThread8) for FillerThread8
    lab2.o(i.Thread1) refers to lab2.o(.data) for Count1
    lab2.o(i.Thread1b) refers to lab2.o(.data) for Count1
    lab2.o(i.Thread2) refers to lab2.o(.data) for Count2
    lab2.o(i.Thread2b) refers to lab2.o(.data) for Count2
    lab2.o(i.Thread2c) refers to os.o(i.OS_InitSemaphore) for OS_InitSemaphore
    lab2.o(i.Thread2c) refers to os.o(i.OS_AddThread) for OS_AddThread
    lab2.o(i.Thread2c) refers to os.o(i.OS_Wait) for OS_Wait
    lab2.o(i.Thread2c) refers to lab2.o(.data) for Readyc
    lab2.o(i.Thread2c) refers to lab2.o(i.Thread5c) for Thread5c
    lab2.o(i.Thread2c) refers to lab2.o(i.BackgroundThread1c) for BackgroundThread1c
    lab2.o(i.Thread2d) refers to os.o(i.OS_InitSemaphore) for OS_InitSemaphore
    lab2.o(i.Thread2d) refers to lab2.o(.data) for Readyd
    lab2.o(i.Thread3) refers to lab2.o(.data) for Count3
    lab2.o(i.Thread3b) refers to lab2.o(.data) for Count3
    lab2.o(i.Thread3c) refers to lab2.o(.data) for Count3
    lab2.o(i.Thread3d) refers to lab2.o(.data) for Count3
    lab2.o(i.Thread4c) refers to lab2.o(.data) for Count4
    lab2.o(i.Thread4d) refers to lab2.o(.data) for Count4
    lab2.o(i.Thread5c) refers to os.o(i.OS_Wait) for OS_Wait
    lab2.o(i.Thread5c) refers to lab2.o(.data) for Readyc
    lab2.o(i.Thread6) refers to lab2.o(.data) for Count1
    lab2.o(i.Thread7) refers to uart.o(i.UART_OutString) for UART_OutString
    lab2.o(i.Wait1) refers to os.o(i.OS_Wait) for OS_Wait
    lab2.o(i.Wait1) refers to lab2.o(.data) for s
    lab2.o(i.Wait2) refers to os.o(i.OS_Wait) for OS_Wait
    lab2.o(i.Wait2) refers to lab2.o(.data) for s
    lab2.o(i.Wait3) refers to os.o(i.OS_Wait) for OS_Wait
    lab2.o(i.Wait3) refers to lab2.o(.data) for s
    lab2.o(i.add) refers to lab2.o(.data) for result
    lab2.o(i.main) refers to lab2.o(i.PortE_Init) for PortE_Init
    lab2.o(i.main) refers to os.o(i.OS_AddThread) for OS_AddThread
    lab2.o(i.main) refers to lab2.o(.data) for NumCreated
    lab2.o(i.main) refers to lab2.o(i.Thread1b) for Thread1b
    lab2.o(i.main) refers to lab2.o(i.Thread2b) for Thread2b
    lab2.o(i.main) refers to lab2.o(i.Thread3b) for Thread3b
    lab2.o(i.realmain) refers to lab2.o(i.PortE_Init) for PortE_Init
    lab2.o(i.realmain) refers to os.o(i.OS_AddThread) for OS_AddThread
    lab2.o(i.realmain) refers to lab2.o(.data) for DataLost
    lab2.o(i.realmain) refers to lab2.o(i.SW1Push) for SW1Push
    lab2.o(i.realmain) refers to lab2.o(i.DAS) for DAS
    lab2.o(i.realmain) refers to lab2.o(i.Interpreter) for Interpreter
    lab2.o(i.realmain) refers to lab2.o(i.Consumer) for Consumer
    lab2.o(i.realmain) refers to lab2.o(i.PID) for PID
    interpreter.o(i.ADCS_Interpret) refers to interpreter.o(i.UART_compare) for UART_compare
    interpreter.o(i.ADCS_Interpret) refers to interpreter.o(i.UART_invalid_command) for UART_invalid_command
    interpreter.o(i.ADCS_Interpret) refers to interpreter.o(i.Array_to_number) for Array_to_number
    interpreter.o(i.ADCS_Interpret) refers to startup.o(.text) for DisableInterrupts
    interpreter.o(i.ADCS_Interpret) refers to adc.o(i.ADC0_InitTimer0ATriggerSeq3) for ADC0_InitTimer0ATriggerSeq3
    interpreter.o(i.ADCS_Interpret) refers to interpreter.o(.data) for samples
    interpreter.o(i.LCD_Interpret) refers to interpreter.o(i.UART_compare) for UART_compare
    interpreter.o(i.LCD_Interpret) refers to interpreter.o(i.UART_invalid_command) for UART_invalid_command
    interpreter.o(i.LCD_Interpret) refers to startup.o(.text) for DisableInterrupts
    interpreter.o(i.LCD_Interpret) refers to st7735.o(i.Output_Clear) for Output_Clear
    interpreter.o(i.LCD_Interpret) refers to st7735.o(i.ST7735_DrawFastHLine) for ST7735_DrawFastHLine
    interpreter.o(i.LCD_Interpret) refers to st7735.o(i.ST7735_Message) for ST7735_Message
    interpreter.o(i.LCD_Interpret) refers to uart.o(i.NLO) for NLO
    interpreter.o(i.LCD_Interpret) refers to uart.o(i.UART_OutString) for UART_OutString
    interpreter.o(i.LCD_Interpret) refers to uart.o(i.UART_OutUDec) for UART_OutUDec
    interpreter.o(i.LCD_Interpret) refers to uart.o(i.UART_OutChar) for UART_OutChar
    interpreter.o(i.LCD_Interpret) refers to interpreter.o(.data) for tron_active
    interpreter.o(i.UART_Interpret) refers to interpreter.o(i.LCD_Interpret) for LCD_Interpret
    interpreter.o(i.UART_Interpret) refers to interpreter.o(i.ADCS_Interpret) for ADCS_Interpret
    interpreter.o(i.UART_Interpret) refers to interpreter.o(i.UART_compare) for UART_compare
    interpreter.o(i.UART_Interpret) refers to st7735.o(i.Output_Clear) for Output_Clear
    interpreter.o(i.UART_Interpret) refers to st7735.o(i.ST7735_DrawFastHLine) for ST7735_DrawFastHLine
    interpreter.o(i.UART_Interpret) refers to uart.o(i.NLO) for NLO
    interpreter.o(i.UART_Interpret) refers to uart.o(i.UART_OutString) for UART_OutString
    interpreter.o(i.UART_Interpret) refers to uart.o(i.UART_OutChar) for UART_OutChar
    interpreter.o(i.UART_Interpret) refers to interpreter.o(i.menu) for menu
    interpreter.o(i.UART_Interpret) refers to startup.o(.text) for DisableInterrupts
    interpreter.o(i.UART_Interpret) refers to adc.o(i.ADC0_InitTimer0ATriggerSeq3) for ADC0_InitTimer0ATriggerSeq3
    interpreter.o(i.UART_Interpret) refers to interpreter.o(i.lights) for lights
    interpreter.o(i.UART_Interpret) refers to st7735.o(i.ST7735_SetRotation) for ST7735_SetRotation
    interpreter.o(i.UART_Interpret) refers to st7735.o(i.ST7735_DrawBitmap) for ST7735_DrawBitmap
    interpreter.o(i.UART_Interpret) refers to interpreter.o(i.UART_invalid_command) for UART_invalid_command
    interpreter.o(i.UART_Interpret) refers to interpreter.o(.data) for samples
    interpreter.o(i.UART_Interpret) refers to lab2.o(.constdata) for tronboot
    interpreter.o(i.UART_Interpret) refers to interpreter.o(.constdata) for tronboot
    interpreter.o(i.UART_invalid_command) refers to uart.o(i.NLO) for NLO
    interpreter.o(i.UART_invalid_command) refers to uart.o(i.UART_OutString) for UART_OutString
    interpreter.o(i.UART_invalid_command) refers to uart.o(i.UART_OutChar) for UART_OutChar
    interpreter.o(i.lights) refers to uart.o(i.NLO) for NLO
    interpreter.o(i.lights) refers to uart.o(i.UART_OutString) for UART_OutString
    interpreter.o(i.lights) refers to uart.o(i.UART_OutChar) for UART_OutChar
    interpreter.o(i.menu) refers to uart.o(i.NLO) for NLO
    interpreter.o(i.menu) refers to uart.o(i.UART_OutString) for UART_OutString
    interpreter.o(i.menu) refers to uart.o(i.UART_OutChar) for UART_OutChar
    interpreter.o(i.menu) refers to interpreter.o(.constdata) for .constdata
    st7735.o(i.Output_Clear) refers to st7735.o(i.ST7735_FillScreen) for ST7735_FillScreen
    st7735.o(i.Output_Color) refers to st7735.o(i.ST7735_SetTextColor) for ST7735_SetTextColor
    st7735.o(i.Output_Init) refers to st7735.o(i.ST7735_InitR) for ST7735_InitR
    st7735.o(i.Output_Init) refers to st7735.o(i.ST7735_FillScreen) for ST7735_FillScreen
    st7735.o(i.Output_Off) refers to st7735.o(i.Output_Clear) for Output_Clear
    st7735.o(i.Output_On) refers to st7735.o(i.Output_Init) for Output_Init
    st7735.o(i.ST7735_DrawBitmap) refers to st7735.o(i.setAddrWindow) for setAddrWindow
    st7735.o(i.ST7735_DrawBitmap) refers to st7735.o(i.writedata) for writedata
    st7735.o(i.ST7735_DrawBitmap) refers to st7735.o(.data) for _width
    st7735.o(i.ST7735_DrawChar) refers to st7735.o(i.setAddrWindow) for setAddrWindow
    st7735.o(i.ST7735_DrawChar) refers to st7735.o(i.pushColor) for pushColor
    st7735.o(i.ST7735_DrawChar) refers to st7735.o(.data) for _width
    st7735.o(i.ST7735_DrawChar) refers to st7735.o(.constdata) for Font
    st7735.o(i.ST7735_DrawCharS) refers to st7735.o(i.ST7735_DrawPixel) for ST7735_DrawPixel
    st7735.o(i.ST7735_DrawCharS) refers to st7735.o(i.ST7735_FillRect) for ST7735_FillRect
    st7735.o(i.ST7735_DrawCharS) refers to st7735.o(.data) for _width
    st7735.o(i.ST7735_DrawCharS) refers to st7735.o(.constdata) for Font
    st7735.o(i.ST7735_DrawFastHLine) refers to st7735.o(i.setAddrWindow) for setAddrWindow
    st7735.o(i.ST7735_DrawFastHLine) refers to st7735.o(i.writedata) for writedata
    st7735.o(i.ST7735_DrawFastHLine) refers to st7735.o(.data) for _width
    st7735.o(i.ST7735_DrawFastVLine) refers to st7735.o(i.setAddrWindow) for setAddrWindow
    st7735.o(i.ST7735_DrawFastVLine) refers to st7735.o(i.writedata) for writedata
    st7735.o(i.ST7735_DrawFastVLine) refers to st7735.o(.data) for _width
    st7735.o(i.ST7735_DrawPixel) refers to st7735.o(i.setAddrWindow) for setAddrWindow
    st7735.o(i.ST7735_DrawPixel) refers to st7735.o(i.pushColor) for pushColor
    st7735.o(i.ST7735_DrawPixel) refers to st7735.o(.data) for _width
    st7735.o(i.ST7735_DrawString) refers to st7735.o(i.ST7735_DrawCharS) for ST7735_DrawCharS
    st7735.o(i.ST7735_FillRect) refers to st7735.o(i.setAddrWindow) for setAddrWindow
    st7735.o(i.ST7735_FillRect) refers to st7735.o(i.writedata) for writedata
    st7735.o(i.ST7735_FillRect) refers to st7735.o(.data) for _width
    st7735.o(i.ST7735_FillScreen) refers to st7735.o(i.ST7735_FillRect) for ST7735_FillRect
    st7735.o(i.ST7735_FillScreen) refers to st7735.o(.data) for _height
    st7735.o(i.ST7735_InitB) refers to st7735.o(i.commonInit) for commonInit
    st7735.o(i.ST7735_InitB) refers to st7735.o(i.ST7735_SetCursor) for ST7735_SetCursor
    st7735.o(i.ST7735_InitB) refers to st7735.o(i.ST7735_FillScreen) for ST7735_FillScreen
    st7735.o(i.ST7735_InitB) refers to st7735.o(.constdata) for Bcmd
    st7735.o(i.ST7735_InitB) refers to st7735.o(.data) for StTextColor
    st7735.o(i.ST7735_InitR) refers to st7735.o(i.commonInit) for commonInit
    st7735.o(i.ST7735_InitR) refers to st7735.o(i.commandList) for commandList
    st7735.o(i.ST7735_InitR) refers to st7735.o(i.writecommand) for writecommand
    st7735.o(i.ST7735_InitR) refers to st7735.o(i.writedata) for writedata
    st7735.o(i.ST7735_InitR) refers to st7735.o(i.ST7735_SetCursor) for ST7735_SetCursor
    st7735.o(i.ST7735_InitR) refers to st7735.o(i.ST7735_FillScreen) for ST7735_FillScreen
    st7735.o(i.ST7735_InitR) refers to st7735.o(.constdata) for Rcmd1
    st7735.o(i.ST7735_InitR) refers to st7735.o(.data) for ColStart
    st7735.o(i.ST7735_InvertDisplay) refers to st7735.o(i.writecommand) for writecommand
    st7735.o(i.ST7735_Message) refers to st7735.o(i.ST7735_DrawString) for ST7735_DrawString
    st7735.o(i.ST7735_OutChar) refers to st7735.o(i.ST7735_DrawString) for ST7735_DrawString
    st7735.o(i.ST7735_OutChar) refers to st7735.o(i.ST7735_DrawCharS) for ST7735_DrawCharS
    st7735.o(i.ST7735_OutChar) refers to st7735.o(.data) for StY
    st7735.o(i.ST7735_OutString) refers to st7735.o(i.ST7735_OutChar) for ST7735_OutChar
    st7735.o(i.ST7735_OutUDec) refers to st7735.o(i.fillmessage) for fillmessage
    st7735.o(i.ST7735_OutUDec) refers to st7735.o(i.ST7735_DrawString) for ST7735_DrawString
    st7735.o(i.ST7735_OutUDec) refers to st7735.o(i.ST7735_DrawCharS) for ST7735_DrawCharS
    st7735.o(i.ST7735_OutUDec) refers to st7735.o(.data) for Messageindex
    st7735.o(i.ST7735_OutUDec) refers to st7735.o(.bss) for Message
    st7735.o(i.ST7735_PlotBar) refers to st7735.o(i.ST7735_DrawFastVLine) for ST7735_DrawFastVLine
    st7735.o(i.ST7735_PlotBar) refers to st7735.o(.data) for Ymin
    st7735.o(i.ST7735_PlotClear) refers to st7735.o(i.ST7735_Color565) for ST7735_Color565
    st7735.o(i.ST7735_PlotClear) refers to st7735.o(i.ST7735_FillRect) for ST7735_FillRect
    st7735.o(i.ST7735_PlotClear) refers to st7735.o(.data) for Ymax
    st7735.o(i.ST7735_PlotLine) refers to st7735.o(i.ST7735_DrawPixel) for ST7735_DrawPixel
    st7735.o(i.ST7735_PlotLine) refers to st7735.o(.data) for Ymin
    st7735.o(i.ST7735_PlotNext) refers to st7735.o(.data) for X
    st7735.o(i.ST7735_PlotNextErase) refers to st7735.o(i.ST7735_Color565) for ST7735_Color565
    st7735.o(i.ST7735_PlotNextErase) refers to st7735.o(i.ST7735_DrawFastVLine) for ST7735_DrawFastVLine
    st7735.o(i.ST7735_PlotNextErase) refers to st7735.o(.data) for X
    st7735.o(i.ST7735_PlotPoint) refers to st7735.o(i.ST7735_DrawPixel) for ST7735_DrawPixel
    st7735.o(i.ST7735_PlotPoint) refers to st7735.o(.data) for Ymin
    st7735.o(i.ST7735_PlotPoints) refers to st7735.o(i.ST7735_DrawPixel) for ST7735_DrawPixel
    st7735.o(i.ST7735_PlotPoints) refers to st7735.o(.data) for Ymin
    st7735.o(i.ST7735_PlotdBfs) refers to st7735.o(i.ST7735_DrawFastVLine) for ST7735_DrawFastVLine
    st7735.o(i.ST7735_PlotdBfs) refers to st7735.o(.constdata) for dBfs
    st7735.o(i.ST7735_PlotdBfs) refers to st7735.o(.data) for X
    st7735.o(i.ST7735_SetCursor) refers to st7735.o(.data) for StX
    st7735.o(i.ST7735_SetRotation) refers to st7735.o(i.writecommand) for writecommand
    st7735.o(i.ST7735_SetRotation) refers to st7735.o(i.writedata) for writedata
    st7735.o(i.ST7735_SetRotation) refers to st7735.o(.data) for Rotation
    st7735.o(i.ST7735_SetTextColor) refers to st7735.o(.data) for StTextColor
    st7735.o(i.commandList) refers to st7735.o(i.writecommand) for writecommand
    st7735.o(i.commandList) refers to st7735.o(i.writedata) for writedata
    st7735.o(i.commandList) refers to st7735.o(i.Delay1ms) for Delay1ms
    st7735.o(i.commonInit) refers to st7735.o(i.Delay1ms) for Delay1ms
    st7735.o(i.commonInit) refers to st7735.o(i.commandList) for commandList
    st7735.o(i.commonInit) refers to st7735.o(.data) for RowStart
    st7735.o(i.fillmessage) refers to st7735.o(.bss) for Message
    st7735.o(i.fillmessage) refers to st7735.o(.data) for Messageindex
    st7735.o(i.fputc) refers to st7735.o(i.ST7735_OutChar) for ST7735_OutChar
    st7735.o(i.pushColor) refers to st7735.o(i.writedata) for writedata
    st7735.o(i.setAddrWindow) refers to st7735.o(i.writecommand) for writecommand
    st7735.o(i.setAddrWindow) refers to st7735.o(i.writedata) for writedata
    st7735.o(i.setAddrWindow) refers to st7735.o(.data) for ColStart
    uart.o(i.NLO) refers to uart.o(i.UART_OutChar) for UART_OutChar
    uart.o(i.NLO) refers to uart.o(i.UART_OutString) for UART_OutString
    uart.o(i.RxFifo_Get) refers to uart.o(.data) for RxPutI
    uart.o(i.RxFifo_Get) refers to uart.o(.bss) for RxFifo
    uart.o(i.RxFifo_Init) refers to startup.o(.text) for StartCritical
    uart.o(i.RxFifo_Init) refers to uart.o(.data) for RxGetI
    uart.o(i.RxFifo_Put) refers to uart.o(.data) for RxPutI
    uart.o(i.RxFifo_Put) refers to uart.o(.bss) for RxFifo
    uart.o(i.RxFifo_Size) refers to uart.o(.data) for RxPutI
    uart.o(i.TxFifo_Get) refers to uart.o(.data) for TxPutI
    uart.o(i.TxFifo_Get) refers to uart.o(.bss) for TxFifo
    uart.o(i.TxFifo_Init) refers to startup.o(.text) for StartCritical
    uart.o(i.TxFifo_Init) refers to uart.o(.data) for TxGetI
    uart.o(i.TxFifo_Put) refers to uart.o(.data) for TxPutI
    uart.o(i.TxFifo_Put) refers to uart.o(.bss) for TxFifo
    uart.o(i.TxFifo_Size) refers to uart.o(.data) for TxPutI
    uart.o(i.UART0_Handler) refers to uart.o(i.copySoftwareToHardware) for copySoftwareToHardware
    uart.o(i.UART0_Handler) refers to uart.o(i.TxFifo_Size) for TxFifo_Size
    uart.o(i.UART0_Handler) refers to uart.o(i.copyHardwareToSoftware) for copyHardwareToSoftware
    uart.o(i.UART_InChar) refers to uart.o(i.RxFifo_Get) for RxFifo_Get
    uart.o(i.UART_InCharNonBlock) refers to uart.o(i.RxFifo_Get) for RxFifo_Get
    uart.o(i.UART_InString) refers to uart.o(i.UART_InChar) for UART_InChar
    uart.o(i.UART_InString) refers to uart.o(i.UART_OutChar) for UART_OutChar
    uart.o(i.UART_InUDec) refers to uart.o(i.UART_InChar) for UART_InChar
    uart.o(i.UART_InUDec) refers to uart.o(i.UART_OutChar) for UART_OutChar
    uart.o(i.UART_InUHex) refers to uart.o(i.UART_InChar) for UART_InChar
    uart.o(i.UART_InUHex) refers to uart.o(i.UART_OutChar) for UART_OutChar
    uart.o(i.UART_Init) refers to uart.o(i.RxFifo_Init) for RxFifo_Init
    uart.o(i.UART_Init) refers to uart.o(i.TxFifo_Init) for TxFifo_Init
    uart.o(i.UART_Init) refers to startup.o(.text) for EnableInterrupts
    uart.o(i.UART_OutChar) refers to uart.o(i.TxFifo_Put) for TxFifo_Put
    uart.o(i.UART_OutChar) refers to uart.o(i.copySoftwareToHardware) for copySoftwareToHardware
    uart.o(i.UART_OutString) refers to uart.o(i.UART_OutChar) for UART_OutChar
    uart.o(i.UART_OutUDec) refers to uart.o(i.UART_OutChar) for UART_OutChar
    uart.o(i.UART_OutUHex) refers to uart.o(i.UART_OutChar) for UART_OutChar
    uart.o(i.copyHardwareToSoftware) refers to uart.o(i.RxFifo_Put) for RxFifo_Put
    uart.o(i.copyHardwareToSoftware) refers to uart.o(i.RxFifo_Size) for RxFifo_Size
    uart.o(i.copySoftwareToHardware) refers to uart.o(i.TxFifo_Get) for TxFifo_Get
    uart.o(i.copySoftwareToHardware) refers to uart.o(i.TxFifo_Size) for TxFifo_Size
    adc.o(i.ADC0Seq3_Handler) refers to adc.o(.data) for ADCvalue
    adc.o(i.ADC0Seq3_Handler) refers to interpreter.o(.data) for samples
    adc.o(i.ADC0_InitTimer0ATriggerSeq3) refers to startup.o(.text) for DisableInterrupts
    adc.o(i.ADC0_InitTimer0ATriggerSeq3) refers to adc.o(.data) for current_sample
    os.o(i.OS_AddThread) refers to startup.o(.text) for StartCritical
    os.o(i.OS_AddThread) refers to os.o(i.SetInitialStack) for SetInitialStack
    os.o(i.OS_AddThread) refers to os.o(.data) for threadCount
    os.o(i.OS_AddThread) refers to os.o(.bss) for tcbs
    os.o(i.OS_Time) refers to os.o(.data) for OSTimerCount
    os.o(i.SetInitialStack) refers to os.o(.bss) for Stacks
    __main.o(!!!main) refers to rtentry.o(.ARM.Collect$$rtentry$$00000000) for __rt_entry
    rtentry.o(.ARM.Collect$$rtentry$$00000000) refers (Special) to rtentry2.o(.ARM.Collect$$rtentry$$0000000A) for __rt_entry_li
    rtentry.o(.ARM.Collect$$rtentry$$00000000) refers (Special) to rtentry2.o(.ARM.Collect$$rtentry$$0000000D) for __rt_entry_main
    rtentry.o(.ARM.Collect$$rtentry$$00000000) refers (Special) to rtentry2.o(.ARM.Collect$$rtentry$$0000000C) for __rt_entry_postli_1
    rtentry.o(.ARM.Collect$$rtentry$$00000000) refers (Special) to rtentry2.o(.ARM.Collect$$rtentry$$00000009) for __rt_entry_postsh_1
    rtentry.o(.ARM.Collect$$rtentry$$00000000) refers (Special) to rtentry2.o(.ARM.Collect$$rtentry$$00000002) for __rt_entry_presh_1
    rtentry.o(.ARM.Collect$$rtentry$$00000000) refers (Special) to rtentry4.o(.ARM.Collect$$rtentry$$00000004) for __rt_entry_sh
    rtentry2.o(.ARM.Collect$$rtentry$$00000008) refers to boardinit2.o(.text) for _platform_post_stackheap_init
    rtentry2.o(.ARM.Collect$$rtentry$$0000000A) refers to libinit.o(.ARM.Collect$$libinit$$00000000) for __rt_lib_init
    rtentry2.o(.ARM.Collect$$rtentry$$0000000B) refers to boardinit3.o(.text) for _platform_post_lib_init
    rtentry2.o(.ARM.Collect$$rtentry$$0000000D) refers to lab2.o(i.main) for main
    rtentry2.o(.ARM.Collect$$rtentry$$0000000D) refers to exit.o(.text) for exit
    rtentry2.o(.ARM.exidx) refers to rtentry2.o(.ARM.Collect$$rtentry$$00000001) for .ARM.Collect$$rtentry$$00000001
    rtentry2.o(.ARM.exidx) refers to rtentry2.o(.ARM.Collect$$rtentry$$00000008) for .ARM.Collect$$rtentry$$00000008
    rtentry2.o(.ARM.exidx) refers to rtentry2.o(.ARM.Collect$$rtentry$$0000000A) for .ARM.Collect$$rtentry$$0000000A
    rtentry2.o(.ARM.exidx) refers to rtentry2.o(.ARM.Collect$$rtentry$$0000000B) for .ARM.Collect$$rtentry$$0000000B
    rtentry2.o(.ARM.exidx) refers to rtentry2.o(.ARM.Collect$$rtentry$$0000000D) for .ARM.Collect$$rtentry$$0000000D
    rtentry4.o(.ARM.Collect$$rtentry$$00000004) refers to sys_stackheap_outer.o(.text) for __user_setup_stackheap
    rtentry4.o(.ARM.exidx) refers to rtentry4.o(.ARM.Collect$$rtentry$$00000004) for .ARM.Collect$$rtentry$$00000004
    sys_stackheap_outer.o(.text) refers to libspace.o(.text) for __user_perproc_libspace
    sys_stackheap_outer.o(.text) refers to startup.o(.text) for __user_initial_stackheap
    exit.o(.text) refers to rtexit.o(.ARM.Collect$$rtexit$$00000000) for __rt_exit
    libinit.o(.ARM.Collect$$libinit$$00000000) refers (Special) to libinit2.o(.ARM.Collect$$libinit$$0000002C) for __rt_lib_init_alloca_1
    libinit.o(.ARM.Collect$$libinit$$00000000) refers (Special) to libinit2.o(.ARM.Collect$$libinit$$0000002A) for __rt_lib_init_argv_1
    libinit.o(.ARM.Collect$$libinit$$00000000) refers (Special) to libinit2.o(.ARM.Collect$$libinit$$00000019) for __rt_lib_init_atexit_1
    libinit.o(.ARM.Collect$$libinit$$00000000) refers (Special) to libinit2.o(.ARM.Collect$$libinit$$0000001F) for __rt_lib_init_clock_1
    libinit.o(.ARM.Collect$$libinit$$00000000) refers (Special) to libinit2.o(.ARM.Collect$$libinit$$00000030) for __rt_lib_init_cpp_1
    libinit.o(.ARM.Collect$$libinit$$00000000) refers (Special) to libinit2.o(.ARM.Collect$$libinit$$0000002E) for __rt_lib_init_exceptions_1
    libinit.o(.ARM.Collect$$libinit$$00000000) refers (Special) to libinit2.o(.ARM.Collect$$libinit$$00000002) for __rt_lib_init_fp_1
    libinit.o(.ARM.Collect$$libinit$$00000000) refers (Special) to libinit2.o(.ARM.Collect$$libinit$$0000001D) for __rt_lib_init_fp_trap_1
    libinit.o(.ARM.Collect$$libinit$$00000000) refers (Special) to libinit2.o(.ARM.Collect$$libinit$$00000021) for __rt_lib_init_getenv_1
    libinit.o(.ARM.Collect$$libinit$$00000000) refers (Special) to libinit2.o(.ARM.Collect$$libinit$$00000008) for __rt_lib_init_heap_1
    libinit.o(.ARM.Collect$$libinit$$00000000) refers (Special) to libinit2.o(.ARM.Collect$$libinit$$0000000F) for __rt_lib_init_lc_collate_1
    libinit.o(.ARM.Collect$$libinit$$00000000) refers (Special) to libinit2.o(.ARM.Collect$$libinit$$00000011) for __rt_lib_init_lc_ctype_1
    libinit.o(.ARM.Collect$$libinit$$00000000) refers (Special) to libinit2.o(.ARM.Collect$$libinit$$00000013) for __rt_lib_init_lc_monetary_1
    libinit.o(.ARM.Collect$$libinit$$00000000) refers (Special) to libinit2.o(.ARM.Collect$$libinit$$00000015) for __rt_lib_init_lc_numeric_1
    libinit.o(.ARM.Collect$$libinit$$00000000) refers (Special) to libinit2.o(.ARM.Collect$$libinit$$00000017) for __rt_lib_init_lc_time_1
    libinit.o(.ARM.Collect$$libinit$$00000000) refers (Special) to libinit2.o(.ARM.Collect$$libinit$$0000000C) for __rt_lib_init_rand_1
    libinit.o(.ARM.Collect$$libinit$$00000000) refers (Special) to libinit2.o(.ARM.Collect$$libinit$$00000031) for __rt_lib_init_return
    libinit.o(.ARM.Collect$$libinit$$00000000) refers (Special) to libinit2.o(.ARM.Collect$$libinit$$0000001B) for __rt_lib_init_signal_1
    libinit.o(.ARM.Collect$$libinit$$00000000) refers (Special) to libinit2.o(.ARM.Collect$$libinit$$00000023) for __rt_lib_init_stdio_1
    libinit.o(.ARM.Collect$$libinit$$00000000) refers (Special) to libinit2.o(.ARM.Collect$$libinit$$0000000A) for __rt_lib_init_user_alloc_1
    libspace.o(.text) refers to libspace.o(.bss) for __libspace_start
    rtexit.o(.ARM.Collect$$rtexit$$00000000) refers (Special) to rtexit2.o(.ARM.Collect$$rtexit$$00000004) for __rt_exit_exit
    rtexit.o(.ARM.Collect$$rtexit$$00000000) refers (Special) to rtexit2.o(.ARM.Collect$$rtexit$$00000003) for __rt_exit_ls
    rtexit.o(.ARM.Collect$$rtexit$$00000000) refers (Special) to rtexit2.o(.ARM.Collect$$rtexit$$00000002) for __rt_exit_prels_1
    rtexit.o(.ARM.exidx) refers (Special) to rtexit2.o(.ARM.Collect$$rtexit$$00000004) for __rt_exit_exit
    rtexit.o(.ARM.exidx) refers (Special) to rtexit2.o(.ARM.Collect$$rtexit$$00000003) for __rt_exit_ls
    rtexit.o(.ARM.exidx) refers (Special) to rtexit2.o(.ARM.Collect$$rtexit$$00000002) for __rt_exit_prels_1
    rtexit.o(.ARM.exidx) refers to rtexit.o(.ARM.Collect$$rtexit$$00000000) for .ARM.Collect$$rtexit$$00000000
    libinit2.o(.ARM.Collect$$libinit$$0000000E) refers to libinit2.o(.ARM.Collect$$libinit$$0000000D) for .ARM.Collect$$libinit$$0000000D
    libinit2.o(.ARM.Collect$$libinit$$00000010) refers to libinit2.o(.ARM.Collect$$libinit$$0000000D) for .ARM.Collect$$libinit$$0000000D
    libinit2.o(.ARM.Collect$$libinit$$00000012) refers to libinit2.o(.ARM.Collect$$libinit$$0000000D) for .ARM.Collect$$libinit$$0000000D
    libinit2.o(.ARM.Collect$$libinit$$00000014) refers to libinit2.o(.ARM.Collect$$libinit$$0000000D) for .ARM.Collect$$libinit$$0000000D
    libinit2.o(.ARM.Collect$$libinit$$00000016) refers to libinit2.o(.ARM.Collect$$libinit$$0000000D) for .ARM.Collect$$libinit$$0000000D
    libinit2.o(.ARM.Collect$$libinit$$00000024) refers to argv_veneer.o(.emb_text) for __ARM_argv_veneer
    libinit2.o(.ARM.Collect$$libinit$$00000025) refers to argv_veneer.o(.emb_text) for __ARM_argv_veneer
    rtexit2.o(.ARM.Collect$$rtexit$$00000003) refers to libshutdown.o(.ARM.Collect$$libshutdown$$00000000) for __rt_lib_shutdown
    rtexit2.o(.ARM.Collect$$rtexit$$00000004) refers to sys_exit.o(.text) for _sys_exit
    rtexit2.o(.ARM.exidx) refers to rtexit2.o(.ARM.Collect$$rtexit$$00000001) for .ARM.Collect$$rtexit$$00000001
    rtexit2.o(.ARM.exidx) refers to rtexit2.o(.ARM.Collect$$rtexit$$00000003) for .ARM.Collect$$rtexit$$00000003
    rtexit2.o(.ARM.exidx) refers to rtexit2.o(.ARM.Collect$$rtexit$$00000004) for .ARM.Collect$$rtexit$$00000004
    argv_veneer.o(.emb_text) refers to no_argv.o(.text) for __ARM_get_argv
    sys_exit.o(.text) refers (Special) to use_no_semi.o(.text) for __I$use$semihosting
    sys_exit.o(.text) refers (Special) to indicate_semi.o(.text) for __semihosting_library_function
    _get_argv_nomalloc.o(.text) refers (Special) to hrguard.o(.text) for __heap_region$guard
    _get_argv_nomalloc.o(.text) refers to defsig_rtmem_outer.o(.text) for __rt_SIGRTMEM
    _get_argv_nomalloc.o(.text) refers to sys_command.o(.text) for _sys_command_string
    libshutdown.o(.ARM.Collect$$libshutdown$$00000000) refers (Special) to libshutdown2.o(.ARM.Collect$$libshutdown$$00000006) for __rt_lib_shutdown_fp_trap_1
    libshutdown.o(.ARM.Collect$$libshutdown$$00000000) refers (Special) to libshutdown2.o(.ARM.Collect$$libshutdown$$0000000E) for __rt_lib_shutdown_heap_1
    libshutdown.o(.ARM.Collect$$libshutdown$$00000000) refers (Special) to libshutdown2.o(.ARM.Collect$$libshutdown$$0000000F) for __rt_lib_shutdown_return
    libshutdown.o(.ARM.Collect$$libshutdown$$00000000) refers (Special) to libshutdown2.o(.ARM.Collect$$libshutdown$$00000009) for __rt_lib_shutdown_signal_1
    libshutdown.o(.ARM.Collect$$libshutdown$$00000000) refers (Special) to libshutdown2.o(.ARM.Collect$$libshutdown$$00000003) for __rt_lib_shutdown_stdio_1
    libshutdown.o(.ARM.Collect$$libshutdown$$00000000) refers (Special) to libshutdown2.o(.ARM.Collect$$libshutdown$$0000000B) for __rt_lib_shutdown_user_alloc_1
    sys_command.o(.text) refers (Special) to use_no_semi.o(.text) for __I$use$semihosting
    sys_command.o(.text) refers (Special) to indicate_semi.o(.text) for __semihosting_library_function
    defsig_rtmem_outer.o(.text) refers to defsig_rtmem_inner.o(.text) for __rt_SIGRTMEM_inner
    defsig_rtmem_outer.o(.text) refers to defsig_exit.o(.text) for __sig_exit
    defsig_rtmem_formal.o(.text) refers to rt_raise.o(.text) for __rt_raise
    rt_raise.o(.text) refers to __raise.o(.text) for __raise
    rt_raise.o(.text) refers to sys_exit.o(.text) for _sys_exit
    defsig_exit.o(.text) refers to sys_exit.o(.text) for _sys_exit
    defsig_rtmem_inner.o(.text) refers to defsig_general.o(.text) for __default_signal_display
    __raise.o(.text) refers to defsig.o(CL$$defsig) for __default_signal_handler
    defsig_general.o(.text) refers to sys_wrch.o(.text) for _ttywrch
    sys_wrch.o(.text) refers (Special) to use_no_semi.o(.text) for __I$use$semihosting
    sys_wrch.o(.text) refers (Special) to indicate_semi.o(.text) for __semihosting_library_function
    defsig.o(CL$$defsig) refers to defsig_rtmem_inner.o(.text) for __rt_SIGRTMEM_inner
    defsig_abrt_inner.o(.text) refers to defsig_general.o(.text) for __default_signal_display
    defsig_fpe_inner.o(.text) refers to defsig_general.o(.text) for __default_signal_display
    defsig_rtred_inner.o(.text) refers to defsig_general.o(.text) for __default_signal_display
    defsig_stak_inner.o(.text) refers to defsig_general.o(.text) for __default_signal_display
    defsig_pvfn_inner.o(.text) refers to defsig_general.o(.text) for __default_signal_display
    defsig_cppl_inner.o(.text) refers to defsig_general.o(.text) for __default_signal_display
    defsig_segv_inner.o(.text) refers to defsig_general.o(.text) for __default_signal_display
    defsig_other.o(.text) refers to defsig_general.o(.text) for __default_signal_display

