<html>
<body>
<pre>
<h1>µVision Build Log</h1>
<h2>Project:</h2>
D:\UT\SPRING 2019\EE 445M - Real Time Emb. Systems\L5\L5 code\PeriodicTimer0AInts.uvproj
Project File Date:  04/09/2019

<h2>Output:</h2>
Rebuild target 'PeriodicTimer0AInts'
assembling startup.s...
compiling PLL.c...
compiling interpreter.c...
compiling FIFO.c...
compiling ST7735.c...
compiling ADC.c...
compiling OS.c...
compiling UART.c...
compiling Timer2.c...
assembling OS_asm.s...
compiling diskio.c...
compiling ff.c...
compiling SDCFile.c...
compiling heap.c...
compiling loader.c...
loader.c(671): warning:  #111-D: statement is unreachable
    return -1;
loader.c(147): warning:  #177-D: function "swabo" was declared but never referenced
  static uint32_t swabo(uint32_t hl) {
loader.c(249): warning:  #177-D: function "readSegment" was declared but never referenced
  static int readSegment(ELFExec_t *e, int n, Elf32_Phdr *h, size_t nlen) {
loader.c(273): warning:  #177-D: function "typeStr" was declared but never referenced
  static const char *typeStr(int symt) {
loader.c: 4 warnings, 0 errors
linking...
Program Size: Code=23896 RO-data=2436 RW-data=192 ZI-data=27064  
".\PeriodicTimer0AInts.axf" - 0 Error(s), 4 Warning(s).
</pre>
</body>
</html>
\EE 445M - Real Time Emb. Systems\\L5\\L5 code\\PeriodicTimer0AInts.axf" 
Connecting: Mode=JTAG, Speed=1000000Hz
Erase Done.
Programming Done.
Verify OK.
ash Download failed  -  Target DLL has been cancelled
Load "D:\\UT\\SPRING 2019\\EE 445M - Real Time Emb. Systems\\L5\\L5 code\\PeriodicTimer0AInts.axf" 
Connecting: Mode=JTAG, Speed=1000000Hz
Erase Done.
Programming Done.
Verify OK.
