ARM Linker, 5.03 [Build 76] [MDK-ARM Professional]

==============================================================================

Section Cross References

    startup.o(STACK) refers (Special) to heapauxi.o(.text) for __use_two_region_memory
    startup.o(HEAP) refers (Special) to heapauxi.o(.text) for __use_two_region_memory
    startup.o(RESET) refers (Special) to heapauxi.o(.text) for __use_two_region_memory
    startup.o(RESET) refers to startup.o(STACK) for StackMem
    startup.o(RESET) refers to os_asm.o(.text) for SVC_Handler
    startup.o(RESET) refers to uart.o(i.UART0_Handler) for UART0_Handler
    startup.o(RESET) refers to adc.o(i.ADC0Seq2_Handler) for ADC0Seq2_Handler
    startup.o(RESET) refers to os.o(i.Timer1A_Handler) for Timer1A_Handler
    startup.o(RESET) refers to timer2.o(i.Timer2A_Handler) for Timer2A_Handler
    startup.o(RESET) refers to timer2.o(i.GPIOPortF_Handler) for GPIOPortF_Handler
    startup.o(RESET) refers to timer2.o(i.Timer3A_Handler) for Timer3A_Handler
    startup.o(RESET) refers to diskio.o(i.Timer5A_Handler) for Timer5A_Handler
    startup.o(RESET) refers to __main.o(!!!main) for __main
    startup.o(.text) refers (Special) to heapauxi.o(.text) for __use_two_region_memory
    startup.o(.text) refers to startup.o(HEAP) for HeapMem
    startup.o(.text) refers to startup.o(STACK) for StackMem
    interpreter.o(i.Interpret) refers to startup.o(.text) for DisableInterrupts
    interpreter.o(i.Interpret) refers to uart.o(i.UART_Init) for UART_Init
    interpreter.o(i.Interpret) refers to st7735.o(i.ST7735_SetRotation) for ST7735_SetRotation
    interpreter.o(i.Interpret) refers to st7735.o(i.Output_Clear) for Output_Clear
    interpreter.o(i.Interpret) refers to st7735.o(i.ST7735_DrawFastHLine) for ST7735_DrawFastHLine
    interpreter.o(i.Interpret) refers to interpreter.o(i.menu) for menu
    interpreter.o(i.Interpret) refers to uart.o(i.UART_InString) for UART_InString
    interpreter.o(i.Interpret) refers to interpreter.o(i.UART_Interpret) for UART_Interpret
    interpreter.o(i.Interpret) refers to interpreter.o(.bss) for instring
    interpreter.o(i.LCD_Interpret) refers to interpreter.o(i.UART_compare) for UART_compare
    interpreter.o(i.LCD_Interpret) refers to interpreter.o(i.UART_invalid_command) for UART_invalid_command
    interpreter.o(i.LCD_Interpret) refers to st7735.o(i.ST7735_Message) for ST7735_Message
    interpreter.o(i.LCD_Interpret) refers to uart.o(i.NLO) for NLO
    interpreter.o(i.LCD_Interpret) refers to uart.o(i.UART_OutString) for UART_OutString
    interpreter.o(i.LCD_Interpret) refers to uart.o(i.UART_OutUDec) for UART_OutUDec
    interpreter.o(i.LCD_Interpret) refers to uart.o(i.UART_OutChar) for UART_OutChar
    interpreter.o(i.ThreeWord_Interpret) refers to interpreter.o(i.UART_compare) for UART_compare
    interpreter.o(i.ThreeWord_Interpret) refers to interpreter.o(i.substring) for substring
    interpreter.o(i.ThreeWord_Interpret) refers to interpreter.o(i.UART_invalid_command) for UART_invalid_command
    interpreter.o(i.ThreeWord_Interpret) refers to uart.o(i.NLO) for NLO
    interpreter.o(i.ThreeWord_Interpret) refers to uart.o(i.UART_OutString) for UART_OutString
    interpreter.o(i.ThreeWord_Interpret) refers to interpreter.o(i.Array_to_number) for Array_to_number
    interpreter.o(i.ThreeWord_Interpret) refers to startup.o(.text) for DisableInterrupts
    interpreter.o(i.ThreeWord_Interpret) refers to adc.o(i.ADC0_InitTimer0ATriggerSeq2) for ADC0_InitTimer0ATriggerSeq2
    interpreter.o(i.ThreeWord_Interpret) refers to interpreter.o(.bss) for heap_variable
    interpreter.o(i.ThreeWord_Interpret) refers to interpreter.o(.data) for samples
    interpreter.o(i.TwoWord_Interpret) refers to interpreter.o(i.UART_compare) for UART_compare
    interpreter.o(i.TwoWord_Interpret) refers to interpreter.o(i.UART_invalid_command) for UART_invalid_command
    interpreter.o(i.TwoWord_Interpret) refers to uart.o(i.NLO) for NLO
    interpreter.o(i.TwoWord_Interpret) refers to uart.o(i.UART_OutString) for UART_OutString
    interpreter.o(i.TwoWord_Interpret) refers to interpreter.o(.bss) for heap_variable
    interpreter.o(i.UART_Interpret) refers to interpreter.o(i.LCD_Interpret) for LCD_Interpret
    interpreter.o(i.UART_Interpret) refers to interpreter.o(i.ThreeWord_Interpret) for ThreeWord_Interpret
    interpreter.o(i.UART_Interpret) refers to interpreter.o(i.UART_compare) for UART_compare
    interpreter.o(i.UART_Interpret) refers to st7735.o(i.Output_Clear) for Output_Clear
    interpreter.o(i.UART_Interpret) refers to st7735.o(i.ST7735_DrawFastHLine) for ST7735_DrawFastHLine
    interpreter.o(i.UART_Interpret) refers to uart.o(i.NLO) for NLO
    interpreter.o(i.UART_Interpret) refers to uart.o(i.UART_OutString) for UART_OutString
    interpreter.o(i.UART_Interpret) refers to uart.o(i.UART_OutChar) for UART_OutChar
    interpreter.o(i.UART_Interpret) refers to interpreter.o(i.menu) for menu
[...]
    i.OS_AddProcess                          0x00000e94   Section        0  os.o(i.OS_AddProcess)
    i.OS_AddThread                           0x00000f24   Section        0  os.o(i.OS_AddThread)
    i.OS_AddThread1                          0x0000114c   Section        0  os.o(i.OS_AddThread1)
    i.OS_DisableInterrupts                   0x00001324   Section        0  os.o(i.OS_DisableInterrupts)
    i.OS_EnableInterrupts                    0x00001344   Section        0  os.o(i.OS_EnableInterrupts)
    i.OS_Fifo_Init                           0x0000138c   Section        0  os.o(i.OS_Fifo_Init)
    i.OS_Id                                  0x00001398   Section        0  os.o(i.OS_Id)
    i.OS_Init                                0x000013a4   Section        0  os.o(i.OS_Init)
    i.OS_InitSemaphore                       0x0000142c   Section        0  os.o(i.OS_InitSemaphore)
    i.OS_Kill                                0x00001438   Section        0  os.o(i.OS_Kill)
    i.OS_Launch                              0x0000150c   Section        0  os.o(i.OS_Launch)
    i.OS_MailBox_Init                        0x00001548   Section        0  os.o(i.OS_MailBox_Init)
    i.OS_Sleep                               0x00001570   Section        0  os.o(i.OS_Sleep)
    i.OS_Suspend                             0x00001664   Section        0  os.o(i.OS_Suspend)
    i.OS_Time                                0x0000167c   Section        0  os.o(i.OS_Time)
    i.OS_bSignal                             0x000016ac   Section        0  os.o(i.OS_bSignal)
    i.OS_bWait                               0x0000174c   Section        0  os.o(i.OS_bWait)
    i.Output_Clear                           0x000018b8   Section        0  st7735.o(i.Output_Clear)
    i.PLL_Init                               0x000018c4   Section        0  pll.o(i.PLL_Init)
    i.PortE_Init                             0x00001940   Section        0  sdcfile.o(i.PortE_Init)
    i.SDC_CS_Init                            0x000019a8   Section        0  st7735.o(i.SDC_CS_Init)
    i.SSI0_Init                              0x00001a40   Section        0  diskio.o(i.SSI0_Init)
    i.ST7735_Color565                        0x00001b88   Section        0  st7735.o(i.ST7735_Color565)
    i.ST7735_DrawCharS                       0x00001ba0   Section        0  st7735.o(i.ST7735_DrawCharS)
    i.ST7735_DrawFastHLine                   0x00001c94   Section        0  st7735.o(i.ST7735_DrawFastHLine)
    i.ST7735_DrawPixel                       0x00001d10   Section        0  st7735.o(i.ST7735_DrawPixel)
    i.ST7735_DrawString                      0x00001d58   Section        0  st7735.o(i.ST7735_DrawString)
    i.ST7735_FillRect                        0x00001dac   Section        0  st7735.o(i.ST7735_FillRect)
    i.ST7735_FillScreen                      0x00001e58   Section        0  st7735.o(i.ST7735_FillScreen)
    i.ST7735_InitR                           0x00001e7c   Section        0  st7735.o(i.ST7735_InitR)
    i.ST7735_Message                         0x00001ef8   Section        0  st7735.o(i.ST7735_Message)
    i.ST7735_SetCursor                       0x00001f60   Section        0  st7735.o(i.ST7735_SetCursor)
    i.ST7735_SetRotation                     0x00001f80   Section        0  st7735.o(i.ST7735_SetRotation)
    i.SetInitialStack                        0x00002054   Section        0  os.o(i.SetInitialStack)
    i.ThreeWord_Interpret                    0x00002250   Section        0  interpreter.o(i.ThreeWord_Interpret)
    i.Timer1A_Handler                        0x0000241c   Section        0  os.o(i.Timer1A_Handler)
    i.Timer2A_Handler                        0x00002510   Section        0  timer2.o(i.Timer2A_Handler)
    i.Timer3A_Handler                        0x00002598   Section        0  timer2.o(i.Timer3A_Handler)
    i.Timer3Arm                              0x00002600   Section        0  timer2.o(i.Timer3Arm)
    Timer3Arm                                0x00002601   Thumb Code    58  timer2.o(i.Timer3Arm)
    i.Timer5A_Handler                        0x0000264c   Section        0  diskio.o(i.Timer5A_Handler)
    i.Timer5_Init                            0x00002660   Section        0  diskio.o(i.Timer5_Init)
    i.TwoWord_Interpret                      0x000026cc   Section        0  interpreter.o(i.TwoWord_Interpret)
    i.UART0_Handler                          0x00002788   Section        0  uart.o(i.UART0_Handler)
    i.UART_InChar                            0x000027e0   Section        0  uart.o(i.UART_InChar)
    i.UART_InString                          0x000027f4   Section        0  uart.o(i.UART_InString)
    i.UART_Init                              0x0000283c   Section        0  uart.o(i.UART_Init)
    i.UART_Interpret                         0x00002904   Section        0  interpreter.o(i.UART_Interpret)
    i.UART_OutChar                           0x00002a8c   Section        0  uart.o(i.UART_OutChar)
    i.UART_OutString                         0x00002ac0   Section        0  uart.o(i.UART_OutString)
    i.UART_OutUDec                           0x00002ad6   Section        0  uart.o(i.UART_OutUDec)
    i.UART_compare                           0x00002b00   Section        0  interpreter.o(i.UART_compare)
    i.UART_invalid_command                   0x00002b50   Section        0  interpreter.o(i.UART_invalid_command)
    i.URxFifo_Init                           0x00002b78   Section        0  uart.o(i.URxFifo_Init)
    i.URxFifo_Put                            0x00002b9c   Section        0  uart.o(i.URxFifo_Put)
    i.URxFifo_Size                           0x00002bd8   Section        0  uart.o(i.URxFifo_Size)
    i.UTxFifo_Get                            0x00002bec   Section        0  uart.o(i.UTxFifo_Get)
    i.UTxFifo_Init                           0x00002c28   Section        0  uart.o(i.UTxFifo_Init)
    i.UTxFifo_Put                            0x00002c4c   Section        0  uart.o(i.UTxFifo_Put)
    i.UTxFifo_Size                           0x00002c88   Section        0  uart.o(i.UTxFifo_Size)
    i.UUUTxFifo_Get                          0x00002c9c   Section        0  uart.o(i.UUUTxFifo_Get)
    i.addressOf                              0x00002cd8   Section        0  loader.o(i.addressOf)
    addressOf                                0x00002cd9   Thumb Code    88  loader.o(i.addressOf)
    i.blockHeader                            0x00002d30   Section        0  heap.o(i.blockHeader)
    blockHeader                              0x00002d31   Thumb Code    18  heap.o(i.blockHeader)
    i.blockRoom                              0x00002d42   Section        0  heap.o(i.blockRoom)
    blockRoom                                0x00002d43   Thumb Code    18  heap.o(i.blockRoom)
    i.blockTrailer                           0x00002d54   Section        0  heap.o(i.blockTrailer)
    blockTrailer                             0x00002d55   Thumb Code    18  heap.o(i.blockTrailer)
    i.blockUnused                            0x00002d66   Section        0  heap.o(i.blockUnused)
    blockUnused                              0x00002d67   Thumb Code     8  heap.o(i.blockUnused)
    i.blockUsed                              0x00002d6e   Section        0  heap.o(i.blockUsed)
    blockUsed                                0x00002d6f   Thumb Code    16  heap.o(i.blockUsed)
    i.check_fs                               0x00002d80   Section        0  ff.o(i.check_fs)
    check_fs                                 0x00002d81   Thumb Code   140  ff.o(i.check_fs)
    i.chk_chr                                0x00002e10   Section        0  ff.o(i.chk_chr)
    chk_chr                                  0x00002e11   Thumb Code    20  ff.o(i.chk_chr)
    i.clust2sect                             0x00002e24   Section        0  ff.o(i.clust2sect)
    i.commandList                            0x00002e3e   Section        0  st7735.o(i.commandList)
    commandList                              0x00002e3f   Thumb Code    86  st7735.o(i.commandList)
    i.commonInit                             0x00002e94   Section        0  st7735.o(i.commonInit)
    commonInit                               0x00002e95   Thumb Code   382  st7735.o(i.commonInit)
    i.copyHardwareToSoftware                 0x00003048   Section        0  uart.o(i.copyHardwareToSoftware)
    copyHardwareToSoftware                   0x00003049   Thumb Code    36  uart.o(i.copyHardwareToSoftware)
    i.copySoftwareToHardware                 0x00003070   Section        0  uart.o(i.copySoftwareToHardware)
    copySoftwareToHardware                   0x00003071   Thumb Code    38  uart.o(i.copySoftwareToHardware)
    i.create_chain                           0x0000309c   Section        0  ff.o(i.create_chain)
    create_chain                             0x0000309d   Thumb Code   214  ff.o(i.create_chain)
    i.create_name                            0x00003174   Section        0  ff.o(i.create_name)
    create_name                              0x00003175   Thumb Code   418  ff.o(i.create_name)
    i.deselect                               0x00003328   Section        0  diskio.o(i.deselect)
    deselect                                 0x00003329   Thumb Code    16  diskio.o(i.deselect)
    i.dir_alloc                              0x0000333c   Section        0  ff.o(i.dir_alloc)
    dir_alloc                                0x0000333d   Thumb Code    92  ff.o(i.dir_alloc)
    i.dir_find                               0x00003398   Section        0  ff.o(i.dir_find)
    dir_find                                 0x00003399   Thumb Code    92  ff.o(i.dir_find)
    i.dir_next                               0x000033f4   Section        0  ff.o(i.dir_next)
    dir_next                                 0x000033f5   Thumb Code   270  ff.o(i.dir_next)
    i.dir_register                           0x00003502   Section        0  ff.o(i.dir_register)
    dir_register                             0x00003503   Thumb Code    58  ff.o(i.dir_register)
    i.dir_sdi                                0x0000353c   Section        0  ff.o(i.dir_sdi)
    dir_sdi                                  0x0000353d   Thumb Code   158  ff.o(i.dir_sdi)
    i.disk_initialize                        0x000035dc   Section        0  diskio.o(i.disk_initialize)
    i.disk_ioctl                             0x00003738   Section        0  diskio.o(i.disk_ioctl)
    i.disk_read                              0x00003960   Section        0  diskio.o(i.disk_read)
    i.disk_status                            0x000039f0   Section        0  diskio.o(i.disk_status)
    i.disk_timerproc                         0x00003a04   Section        0  diskio.o(i.disk_timerproc)
    i.disk_write                             0x00003a44   Section        0  diskio.o(i.disk_write)
    i.dumpData                               0x00003af8   Section        0  loader.o(i.dumpData)
    dumpData                                 0x00003af9   Thumb Code     2  loader.o(i.dumpData)
    i.exec_elf                               0x00003afc   Section        0  loader.o(i.exec_elf)
    i.f_close                                0x00003be4   Section        0  ff.o(i.f_close)
    i.f_lseek                                0x00003c04   Section        0  ff.o(i.f_lseek)
    i.f_mount                                0x00003d84   Section        0  ff.o(i.f_mount)
    i.f_open                                 0x00003de0   Section        0  ff.o(i.f_open)
    i.f_read                                 0x00003f40   Section        0  ff.o(i.f_read)
    i.f_sync                                 0x000040e0   Section        0  ff.o(i.f_sync)
    i.find_volume                            0x00004190   Section        0  ff.o(i.find_volume)
    find_volume                              0x00004191   Thumb Code   890  ff.o(i.find_volume)
    i.follow_path                            0x0000451c   Section        0  ff.o(i.follow_path)
    follow_path                              0x0000451d   Thumb Code   174  ff.o(i.follow_path)
    i.freeElf                                0x000045ca   Section        0  loader.o(i.freeElf)
    freeElf                                  0x000045cb   Thumb Code    12  loader.o(i.freeElf)
    i.freeSection                            0x000045d6   Section        0  loader.o(i.freeSection)
    freeSection                              0x000045d7   Thumb Code    16  loader.o(i.freeSection)
    i.freeSegment                            0x000045e6   Section        0  loader.o(i.freeSegment)
    freeSegment                              0x000045e7   Thumb Code    16  loader.o(i.freeSegment)
    i.get_fat                                0x000045f6   Section        0  ff.o(i.get_fat)
    i.get_ldnumber                           0x000046e8   Section        0  ff.o(i.get_ldnumber)
    get_ldnumber                             0x000046e9   Thumb Code    72  ff.o(i.get_ldnumber)
    i.inHeapRange                            0x00004730   Section        0  heap.o(i.inHeapRange)
    inHeapRange                              0x00004731   Thumb Code    24  heap.o(i.inHeapRange)
    i.initElf                                0x0000474c   Section        0  loader.o(i.initElf)
    initElf                                  0x0000474d   Thumb Code   134  loader.o(i.initElf)
    i.init_spi                               0x000047d4   Section        0  diskio.o(i.init_spi)
    init_spi                                 0x000047d5   Thumb Code    32  diskio.o(i.init_spi)
    i.jumpTo                                 0x000047fc   Section        0  loader.o(i.jumpTo)
    jumpTo                                   0x000047fd   Thumb Code    42  loader.o(i.jumpTo)
    i.ld_clust                               0x00004844   Section        0  ff.o(i.ld_clust)
    ld_clust                                 0x00004845   Thumb Code    32  ff.o(i.ld_clust)
    i.loadProgram                            0x00004864   Section        0  loader.o(i.loadProgram)
    loadProgram                              0x00004865   Thumb Code   178  loader.o(i.loadProgram)
    i.loadSecData                            0x00004960   Section        0  loader.o(i.loadSecData)
    loadSecData                              0x00004961   Thumb Code   128  loader.o(i.loadSecData)
    i.loadSegData                            0x00004a4c   Section        0  loader.o(i.loadSegData)
    loadSegData                              0x00004a4d   Thumb Code   136  loader.o(i.loadSegData)
    i.loadSymbols                            0x00004b40   Section        0  loader.o(i.loadSymbols)
    loadSymbols                              0x00004b41   Thumb Code   122  loader.o(i.loadSymbols)
    i.main                                   0x00004c08   Section        0  sdcfile.o(i.main)
    i.markBlockUnused                        0x00004ce4   Section        0  heap.o(i.markBlockUnused)
    markBlockUnused                          0x00004ce5   Thumb Code    48  heap.o(i.markBlockUnused)
    i.markBlockUsed                          0x00004d14   Section        0  heap.o(i.markBlockUsed)
    markBlockUsed                            0x00004d15   Thumb Code    48  heap.o(i.markBlockUsed)
    i.mem_cmp                                0x00004d44   Section        0  ff.o(i.mem_cmp)
    mem_cmp                                  0x00004d45   Thumb Code    38  ff.o(i.mem_cmp)
    i.mem_cpy                                0x00004d6a   Section        0  ff.o(i.mem_cpy)
    mem_cpy                                  0x00004d6b   Thumb Code    26  ff.o(i.mem_cpy)
    i.mem_set                                0x00004d84   Section        0  ff.o(i.mem_set)
    mem_set                                  0x00004d85   Thumb Code    20  ff.o(i.mem_set)
    i.menu                                   0x00004d98   Section        0  interpreter.o(i.menu)
    i.mergeBlockWithBelow                    0x00004f2c   Section        0  heap.o(i.mergeBlockWithBelow)
    mergeBlockWithBelow                      0x00004f2d   Thumb Code    46  heap.o(i.mergeBlockWithBelow)
    i.move_window                            0x00004f5a   Section        0  ff.o(i.move_window)
    move_window                              0x00004f5b   Thumb Code    52  ff.o(i.move_window)
    i.nextBlockHeader                        0x00004f8e   Section        0  heap.o(i.nextBlockHeader)
    nextBlockHeader                          0x00004f8f   Thumb Code    14  heap.o(i.nextBlockHeader)
    i.placeDynamic                           0x00004f9c   Section        0  loader.o(i.placeDynamic)
    placeDynamic                             0x00004f9d   Thumb Code   132  loader.o(i.placeDynamic)
    i.placeInfo                              0x00005020   Section        0  loader.o(i.placeInfo)
    placeInfo                                0x00005021   Thumb Code   248  loader.o(i.placeInfo)
    i.previousBlockHeader                    0x0000516c   Section        0  heap.o(i.previousBlockHeader)
    previousBlockHeader                      0x0000516d   Thumb Code    12  heap.o(i.previousBlockHeader)
    i.printFile                              0x00005178   Section        0  interpreter.o(i.printFile)
    i.pushColor                              0x000051be   Section        0  st7735.o(i.pushColor)
    pushColor                                0x000051bf   Thumb Code    18  st7735.o(i.pushColor)
    i.put_fat                                0x000051d0   Section        0  ff.o(i.put_fat)
    i.rcvr_datablock                         0x00005318   Section        0  diskio.o(i.rcvr_datablock)
    rcvr_datablock                           0x00005319   Thumb Code    66  diskio.o(i.rcvr_datablock)
    i.rcvr_spi                               0x00005360   Section        0  diskio.o(i.rcvr_spi)
    rcvr_spi                                 0x00005361   Thumb Code    40  diskio.o(i.rcvr_spi)
    i.rcvr_spi_multi                         0x0000538c   Section        0  diskio.o(i.rcvr_spi_multi)
    rcvr_spi_multi                           0x0000538d   Thumb Code    24  diskio.o(i.rcvr_spi_multi)
    i.readSecHeader                          0x000053a4   Section        0  loader.o(i.readSecHeader)
    readSecHeader                            0x000053a5   Thumb Code    62  loader.o(i.readSecHeader)
    i.readSection                            0x000053e2   Section        0  loader.o(i.readSection)
    readSection                              0x000053e3   Thumb Code    58  loader.o(i.readSection)
    i.readSectionName                        0x0000541c   Section        0  loader.o(i.readSectionName)
    readSectionName                          0x0000541d   Thumb Code    68  loader.o(i.readSectionName)
    i.readSegHeader                          0x00005460   Section        0  loader.o(i.readSegHeader)
    readSegHeader                            0x00005461   Thumb Code    58  loader.o(i.readSegHeader)
    i.readSymbol                             0x0000549a   Section        0  loader.o(i.readSymbol)
    readSymbol                               0x0000549b   Thumb Code   114  loader.o(i.readSymbol)
    i.readSymbolName                         0x0000550c   Section        0  loader.o(i.readSymbolName)
    readSymbolName                           0x0000550d   Thumb Code    68  loader.o(i.readSymbolName)
    i.relJmpCall                             0x00005550   Section        0  loader.o(i.relJmpCall)
    relJmpCall                               0x00005551   Thumb Code   166  loader.o(i.relJmpCall)
    i.relocate                               0x000055f8   Section        0  loader.o(i.relocate)
    relocate                                 0x000055f9   Thumb Code   168  loader.o(i.relocate)
    i.relocateProgram                        0x000056c0   Section        0  loader.o(i.relocateProgram)
    relocateProgram                          0x000056c1   Thumb Code    32  loader.o(i.relocateProgram)
    i.relocateSection                        0x00005700   Section        0  loader.o(i.relocateSection)
    relocateSection                          0x00005701   Thumb Code    66  loader.o(i.relocateSection)
    i.relocateSections                       0x00005784   Section        0  loader.o(i.relocateSections)
    relocateSections                         0x00005785   Thumb Code    48  loader.o(i.relocateSections)
    i.relocateSymbol                         0x000057cc   Section        0  loader.o(i.relocateSymbol)
    relocateSymbol                           0x000057cd   Thumb Code    56  loader.o(i.relocateSymbol)
    i.remove_chain                           0x00005804   Section        0  ff.o(i.remove_chain)
    remove_chain                             0x00005805   Thumb Code   108  ff.o(i.remove_chain)
    i.sectionOf                              0x00005870   Section        0  loader.o(i.sectionOf)
    sectionOf                                0x00005871   Thumb Code    70  loader.o(i.sectionOf)
    i.select                                 0x000058b8   Section        0  diskio.o(i.select)
    select                                   0x000058b9   Thumb Code    44  diskio.o(i.select)
    i.send_cmd                               0x000058e8   Section        0  diskio.o(i.send_cmd)
    send_cmd                                 0x000058e9   Thumb Code   150  diskio.o(i.send_cmd)
    i.setAddrWindow                          0x00005980   Section        0  st7735.o(i.setAddrWindow)
    setAddrWindow                            0x00005981   Thumb Code   106  st7735.o(i.setAddrWindow)
    i.splitAndMarkBlockUsed                  0x000059f4   Section        0  heap.o(i.splitAndMarkBlockUsed)
    splitAndMarkBlockUsed                    0x000059f5   Thumb Code    76  heap.o(i.splitAndMarkBlockUsed)
    i.st_clust                               0x00005a40   Section        0  ff.o(i.st_clust)
    st_clust                                 0x00005a41   Thumb Code    16  ff.o(i.st_clust)
    i.substring                              0x00005a50   Section        0  interpreter.o(i.substring)
    i.sync_fs                                0x00005a8c   Section        0  ff.o(i.sync_fs)
    sync_fs                                  0x00005a8d   Thumb Code   200  ff.o(i.sync_fs)
    i.sync_window                            0x00005b54   Section        0  ff.o(i.sync_window)
    sync_window                              0x00005b55   Thumb Code    82  ff.o(i.sync_window)
    i.validate                               0x00005ba6   Section        0  ff.o(i.validate)
    validate                                 0x00005ba7   Thumb Code    54  ff.o(i.validate)
    i.wait_ready                             0x00005bdc   Section        0  diskio.o(i.wait_ready)
    wait_ready                               0x00005bdd   Thumb Code    42  diskio.o(i.wait_ready)
    i.writecommand                           0x00005c0c   Section        0  st7735.o(i.writecommand)
    writecommand                             0x00005c0d   Thumb Code    66  st7735.o(i.writecommand)
    i.writedata                              0x00005c5c   Section        0  st7735.o(i.writedata)
    writedata                                0x00005c5d   Thumb Code    68  st7735.o(i.writedata)
    i.xchg_spi                               0x00005cac   Section        0  diskio.o(i.xchg_spi)
    xchg_spi                                 0x00005cad   Thumb Code    48  diskio.o(i.xchg_spi)
    i.xmit_datablock                         0x00005ce0   Section        0  diskio.o(i.xmit_datablock)
    xmit_datablock                           0x00005ce1   Thumb Code    76  diskio.o(i.xmit_datablock)
    i.xmit_spi_multi                         0x00005d2c   Section        0  diskio.o(i.xmit_spi_multi)
    xmit_spi_multi                           0x00005d2d   Thumb Code    40  diskio.o(i.xmit_spi_multi)
    .constdata                               0x00005d58   Section      206  interpreter.o(.constdata)
    symtab                                   0x00005d58   Data           8  interpreter.o(.constdata)
    .constdata                               0x00005e26   Section     2114  st7735.o(.constdata)
    Font                                     0x00005e26   Data        1275  st7735.o(.constdata)
    Bcmd                                     0x00006321   Data         103  st7735.o(.constdata)
    Rcmd1                                    0x00006388   Data          59  st7735.o(.constdata)
    Rcmd2green                               0x000063c3   Data          13  st7735.o(.constdata)
    Rcmd2red                                 0x000063d0   Data          13  st7735.o(.constdata)
    Rcmd3                                    0x000063dd   Data          43  st7735.o(.constdata)
    .constdata                               0x00006668   Section       69  loader.o(.constdata)
    .conststring                             0x000066ad   Section       15  interpreter.o(.conststring)
    .data                                    0x20000000   Section        8  interpreter.o(.data)
    .data                                    0x20000008   Section       12  fifo.o(.data)
    .data                                    0x20000014   Section       44  st7735.o(.data)
    _width                                   0x2000001e   Data           2  st7735.o(.data)
    _height                                  0x20000020   Data           2  st7735.o(.data)
    ColStart                                 0x20000028   Data           1  st7735.o(.data)
    RowStart                                 0x20000029   Data           1  st7735.o(.data)
    Rotation                                 0x2000002a   Data           1  st7735.o(.data)
    TabColor                                 0x2000002b   Data           1  st7735.o(.data)
    .data                                    0x20000040   Section       12  adc.o(.data)
    .data                                    0x2000004c   Section       36  os.o(.data)
    .data                                    0x20000070   Section       16  uart.o(.data)
    .data                                    0x20000080   Section       32  timer2.o(.data)
    .data                                    0x200000a0   Section       13  diskio.o(.data)
    Stat                                     0x200000a0   Data           1  diskio.o(.data)
    Timer1                                   0x200000a4   Data           4  diskio.o(.data)
    Timer2                                   0x200000a8   Data           4  diskio.o(.data)
    CardType                                 0x200000ac   Data           1  diskio.o(.data)
    .data                                    0x200000b0   Section        6  ff.o(.data)
    FatFs                                    0x200000b0   Data           4  ff.o(.data)
    Fsid                                     0x200000b4   Data           2  ff.o(.data)
    .data                                    0x200000b8   Section        8  sdcfile.o(.data)
    .bss                                     0x200000c0   Section      104  interpreter.o(.bss)
    .bss                                     0x20000128   Section      128  fifo.o(.bss)
    Fifo                                     0x20000128   Data         128  fifo.o(.bss)
    .bss                                     0x200001a8   Section    18640  os.o(.bss)
    .bss                                     0x20004a78   Section      128  uart.o(.bss)
    RxFifo                                   0x20004a78   Data          64  uart.o(.bss)
    TxFifo                                   0x20004ab8   Data          64  uart.o(.bss)
    .bss                                     0x20004af8   Section     2172  sdcfile.o(.bss)
    g_sFatFs                                 0x20004af8   Data         564  sdcfile.o(.bss)
    .bss                                     0x20005374   Section     4096  heap.o(.bss)
    Heap                                     0x20005374   Data        4096  heap.o(.bss)
    .bss                                     0x20006374   Section      672  loader.o(.bss)
    fd                                       0x20006374   Data         548  loader.o(.bss)
    exec                                     0x20006598   Data         124  loader.o(.bss)
    .bss                                     0x20006614   Section       96  libspace.o(.bss)
    HEAP                                     0x20006678   Section        0  startup.o(HEAP)
    STACK                                    0x20006678   Section     1024  startup.o(STACK)
    HeapMem                                  0x20006678   Data           0  startup.o(HEAP)
    StackMem                                 0x20006678   Data           0  startup.o(STACK)

    Global Symbols

    Symbol Name                              Value     Ov Type        Size  Object(Section)

    BuildAttributes$$THM_ISAv4$E$P$D$K$B$S$7EM$PE$A:L22UL41UL21$X:L11$S22US41US21$IEEE1$IW$USESV6$~STKCKD$USESV7$~SHL$OSPACE$ROPI$EBA8$UX$STANDARDLIB$REQ8$PRES8$EABIv2 0x00000000   Number         0  anon$$obj.o ABSOLUTE
    __ARM_use_no_argv                        0x00000000   Number         0  sdcfile.o ABSOLUTE
    __Vectors                                0x00000000   Data           0  startup.o(RESET)
    __ARM_exceptions_init                     - Undefined Weak Reference
    __alloca_initialize                       - Undefined Weak Reference
    __cpp_initialize__aeabi_                  - Undefined Weak Reference
    __cxa_finalize                            - Undefined Weak Reference
    __rt_locale                               - Undefined Weak Reference
    __sigvec_lookup                           - Undefined Weak Reference
    _atexit_init                              - Undefined Weak Reference
    _call_atexit_fns                          - Undefined Weak Reference
    _clock_init                               - Undefined Weak Reference
    _fp_trap_init                             - Undefined Weak Reference
    _fp_trap_shutdown                         - Undefined Weak Reference
    _get_lc_collate                           - Undefined Weak Reference
    _get_lc_ctype                             - Undefined Weak Reference
    _get_lc_monetary                          - Undefined Weak Reference
    _get_lc_numeric                           - Undefined Weak Reference
    _get_lc_time                              - Undefined Weak Reference
    _getenv_init                              - Undefined Weak Reference
    _handle_redirection                       - Undefined Weak Reference
    _init_alloc                               - Undefined Weak Reference
    _init_user_alloc                          - Undefined Weak Reference
    _initio                                   - Undefined Weak Reference
    _rand_init                                - Undefined Weak Reference
    _signal_finish                            - Undefined Weak Reference
    _signal_init                              - Undefined Weak Reference
    _terminate_alloc                          - Undefined Weak Reference
    _terminate_user_alloc                     - Undefined Weak Reference
    _terminateio                              - Undefined Weak Reference
    Reset_Handler                            0x0000026d   Thumb Code     0  startup.o(RESET)
    NMI_Handler                              0x00000271   Thumb Code     2  startup.o(RESET)
    HardFault_Handler                        0x00000273   Thumb Code     2  startup.o(RESET)
    MemManage_Handler                        0x00000275   Thumb Code     2  startup.o(RESET)
    BusFault_Handler                         0x00000277   Thumb Code     2  startup.o(RESET)
    UsageFault_Handler                       0x00000279   Thumb Code     2  startup.o(RESET)
    DebugMon_Handler                         0x0000027d   Thumb Code     2  startup.o(RESET)
    PendSV_Handler                           0x0000027f   Thumb Code     2  startup.o(RESET)
    ADC0Seq0_Handler                         0x00000283   Thumb Code     0  startup.o(RESET)
    ADC0Seq1_Handler                         0x00000283   Thumb Code     0  startup.o(RESET)
    ADC0Seq3_Handler                         0x00000283   Thumb Code     0  startup.o(RESET)
    ADC1Seq0_Handler                         0x00000283   Thumb Code     0  startup.o(RESET)
    ADC1Seq1_Handler                         0x00000283   Thumb Code     0  startup.o(RESET)
    ADC1Seq2_Handler                         0x00000283   Thumb Code     0  startup.o(RESET)
    ADC1Seq3_Handler                         0x00000283   Thumb Code     0  startup.o(RESET)
    CAN0_Handler                             0x00000283   Thumb Code     0  startup.o(RESET)
    CAN1_Handler                             0x00000283   Thumb Code     0  startup.o(RESET)
    CAN2_Handler                             0x00000283   Thumb Code     0  startup.o(RESET)
    Comp0_Handler                            0x00000283   Thumb Code     0  startup.o(RESET)
    Comp1_Handler                            0x00000283   Thumb Code     0  startup.o(RESET)
    Comp2_Handler                            0x00000283   Thumb Code     0  startup.o(RESET)
    Ethernet_Handler                         0x00000283   Thumb Code     0  startup.o(RESET)
    ExtBus_Handler                           0x00000283   Thumb Code     0  startup.o(RESET)
    FPU_Handler                              0x00000283   Thumb Code     0  startup.o(RESET)
    Fan0_Handler                             0x00000283   Thumb Code     0  startup.o(RESET)
    FlashCtl_Handler                         0x00000283   Thumb Code     0  startup.o(RESET)
    GPIOPortA_Handler                        0x00000283   Thumb Code     0  startup.o(RESET)
    GPIOPortB_Handler                        0x00000283   Thumb Code     0  startup.o(RESET)
    GPIOPortC_Handler                        0x00000283   Thumb Code     0  startup.o(RESET)
    GPIOPortD_Handler                        0x00000283   Thumb Code     0  startup.o(RESET)
    GPIOPortE_Handler                        0x00000283   Thumb Code     0  startup.o(RESET)
    GPIOPortG_Handler                        0x00000283   Thumb Code     0  startup.o(RESET)
    GPIOPortH_Handler                        0x00000283   Thumb Code     0  startup.o(RESET)
    GPIOPortJ_Handler                        0x00000283   Thumb Code     0  startup.o(RESET)
    GPIOPortK_Handler                        0x00000283   Thumb Code     0  startup.o(RESET)
    GPIOPortL_Handler                        0x00000283   Thumb Code     0  startup.o(RESET)
    GPIOPortM_Handler                        0x00000283   Thumb Code     0  startup.o(RESET)
    GPIOPortN_Handler                        0x00000283   Thumb Code     0  startup.o(RESET)
    GPIOPortP1_Handler                       0x00000283   Thumb Code     0  startup.o(RESET)
    GPIOPortP2_Handler                       0x00000283   Thumb Code     0  startup.o(RESET)
    GPIOPortP3_Handler                       0x00000283   Thumb Code     0  startup.o(RESET)
    GPIOPortP4_Handler                       0x00000283   Thumb Code     0  startup.o(RESET)
    GPIOPortP5_Handler                       0x00000283   Thumb Code     0  startup.o(RESET)
    GPIOPortP6_Handler                       0x00000283   Thumb Code     0  startup.o(RESET)
    GPIOPortP7_Handler                       0x00000283   Thumb Code     0  startup.o(RESET)
    GPIOPortP_Handler                        0x00000283   Thumb Code     0  startup.o(RESET)
    GPIOPortQ1_Handler                       0x00000283   Thumb Code     0  startup.o(RESET)
    GPIOPortQ2_Handler                       0x00000283   Thumb Code     0  startup.o(RESET)
    GPIOPortQ3_Handler                       0x00000283   Thumb Code     0  startup.o(RESET)
    GPIOPortQ4_Handler                       0x00000283   Thumb Code     0  startup.o(RESET)
    GPIOPortQ5_Handler                       0x00000283   Thumb Code     0  startup.o(RESET)
    GPIOPortQ6_Handler                       0x00000283   Thumb Code     0  startup.o(RESET)
    GPIOPortQ7_Handler                       0x00000283   Thumb Code     0  startup.o(RESET)
    GPIOPortQ_Handler                        0x00000283   Thumb Code     0  startup.o(RESET)
    GPIOPortR_Handler                        0x00000283   Thumb Code     0  startup.o(RESET)
    GPIOPortS_Handler                        0x00000283   Thumb Code     0  startup.o(RESET)
    Hibernate_Handler                        0x00000283   Thumb Code     0  startup.o(RESET)
    I2C0_Handler                             0x00000283   Thumb Code     0  startup.o(RESET)
    I2C1_Handler                             0x00000283   Thumb Code     0  startup.o(RESET)
    I2C2_Handler                             0x00000283   Thumb Code     0  startup.o(RESET)
    I2C3_Handler                             0x00000283   Thumb Code     0  startup.o(RESET)
    I2C4_Handler                             0x00000283   Thumb Code     0  startup.o(RESET)
    I2C5_Handler                             0x00000283   Thumb Code     0  startup.o(RESET)
    I2S0_Handler                             0x00000283   Thumb Code     0  startup.o(RESET)
    LPC0_Handler                             0x00000283   Thumb Code     0  startup.o(RESET)
    PECI0_Handler                            0x00000283   Thumb Code     0  startup.o(RESET)
    PWM0Fault_Handler                        0x00000283   Thumb Code     0  startup.o(RESET)
    PWM0Generator0_Handler                   0x00000283   Thumb Code     0  startup.o(RESET)
    PWM0Generator1_Handler                   0x00000283   Thumb Code     0  startup.o(RESET)
    PWM0Generator2_Handler                   0x00000283   Thumb Code     0  startup.o(RESET)
    PWM0Generator3_Handler                   0x00000283   Thumb Code     0  startup.o(RESET)
    PWM1Fault_Handler                        0x00000283   Thumb Code     0  startup.o(RESET)
    PWM1Generator0_Handler                   0x00000283   Thumb Code     0  startup.o(RESET)
    PWM1Generator1_Handler                   0x00000283   Thumb Code     0  startup.o(RESET)
    PWM1Generator2_Handler                   0x00000283   Thumb Code     0  startup.o(RESET)
    PWM1Generator3_Handler                   0x00000283   Thumb Code     0  startup.o(RESET)
    Quadrature0_Handler                      0x00000283   Thumb Code     0  startup.o(RESET)
    Quadrature1_Handler                      0x00000283   Thumb Code     0  startup.o(RESET)
    Quadrature2_Handler                      0x00000283   Thumb Code     0  startup.o(RESET)
    SSI0_Handler                             0x00000283   Thumb Code     0  startup.o(RESET)
    SSI1_Handler                             0x00000283   Thumb Code     0  startup.o(RESET)
    SSI2_Handler                             0x00000283   Thumb Code     0  startup.o(RESET)
    SSI3_Handler                             0x00000283   Thumb Code     0  startup.o(RESET)
    SysCtl_Handler                           0x00000283   Thumb Code     0  startup.o(RESET)
    Timer0A_Handler                          0x00000283   Thumb Code     0  startup.o(RESET)
    Timer0B_Handler                          0x00000283   Thumb Code     0  startup.o(RESET)
    Timer1B_Handler                          0x00000283   Thumb Code     0  startup.o(RESET)
    Timer2B_Handler                          0x00000283   Thumb Code     0  startup.o(RESET)
    Timer3B_Handler                          0x00000283   Thumb Code     0  startup.o(RESET)
    Timer4A_Handler                          0x00000283   Thumb Code     0  startup.o(RESET)
    Timer4B_Handler                          0x00000283   Thumb Code     0  startup.o(RESET)
    Timer5B_Handler                          0x00000283   Thumb Code     0  startup.o(RESET)
    UART1_Handler                            0x00000283   Thumb Code     0  startup.o(RESET)
    UART2_Handler                            0x00000283   Thumb Code     0  startup.o(RESET)
    UART3_Handler                            0x00000283   Thumb Code     0  startup.o(RESET)
    UART4_Handler                            0x00000283   Thumb Code     0  startup.o(RESET)
    UART5_Handler                            0x00000283   Thumb Code     0  startup.o(RESET)
    UART6_Handler                            0x00000283   Thumb Code     0  startup.o(RESET)
    UART7_Handler                            0x00000283   Thumb Code     0  startup.o(RESET)
    USB0_Handler                             0x00000283   Thumb Code     0  startup.o(RESET)
    WDT_Handler                              0x00000283   Thumb Code     0  startup.o(RESET)
    WideTimer0A_Handler                      0x00000283   Thumb Code     0  startup.o(RESET)
    WideTimer0B_Handler                      0x00000283   Thumb Code     0  startup.o(RESET)
    WideTimer1A_Handler                      0x00000283   Thumb Code     0  startup.o(RESET)
    WideTimer1B_Handler                      0x00000283   Thumb Code     0  startup.o(RESET)
    WideTimer2A_Handler                      0x00000283   Thumb Code     0  startup.o(RESET)
    WideTimer2B_Handler                      0x00000283   Thumb Code     0  startup.o(RESET)
    WideTimer3A_Handler                      0x00000283   Thumb Code     0  startup.o(RESET)
    WideTimer3B_Handler                      0x00000283   Thumb Code     0  startup.o(RESET)
    WideTimer4A_Handler                      0x00000283   Thumb Code     0  startup.o(RESET)
    WideTimer4B_Handler                      0x00000283   Thumb Code     0  startup.o(RESET)
    WideTimer5A_Handler                      0x00000283   Thumb Code     0  startup.o(RESET)
    WideTimer5B_Handler                      0x00000283   Thumb Code     0  startup.o(RESET)
    uDMA_Error                               0x00000283   Thumb Code     0  startup.o(RESET)
    uDMA_Handler                             0x00000283   Thumb Code     0  startup.o(RESET)
    __main                                   0x00000285   Thumb Code     8  __main.o(!!!main)
    __scatterload                            0x0000028d   Thumb Code     0  __scatter.o(!!!scatter)
    __scatterload_rt2                        0x0000028d   Thumb Code    44  __scatter.o(!!!scatter)
    __scatterload_rt2_thumb_only             0x0000028d   Thumb Code     0  __scatter.o(!!!scatter)
    __scatterload_null                       0x0000029b   Thumb Code     0  __scatter.o(!!!scatter)
    __scatterload_copy                       0x000002c1   Thumb Code    26  __scatter_copy.o(!!handler_copy)
    __scatterload_zeroinit                   0x000002dd   Thumb Code    28  __scatter_zi.o(!!handler_zi)
    __rt_lib_init                            0x000002f9   Thumb Code     0  libinit.o(.ARM.Collect$$libinit$$00000000)
    __rt_lib_init_alloca_1                   0x000002fb   Thumb Code     0  libinit2.o(.ARM.Collect$$libinit$$0000002C)
    __rt_lib_init_argv_1                     0x000002fb   Thumb Code     0  libinit2.o(.ARM.Collect$$libinit$$0000002A)
    __rt_lib_init_atexit_1                   0x000002fb   Thumb Code     0  libinit2.o(.ARM.Collect$$libinit$$00000019)
    __rt_lib_init_clock_1                    0x000002fb   Thumb Code     0  libinit2.o(.ARM.Collect$$libinit$$0000001F)
    __rt_lib_init_cpp_1                      0x000002fb   Thumb Code     0  libinit2.o(.ARM.Collect$$libinit$$00000030)
    __rt_lib_init_exceptions_1               0x000002fb   Thumb Code     0  libinit2.o(.ARM.Collect$$libinit$$0000002E)
    __rt_lib_init_fp_1                       0x000002fb   Thumb Code     0  libinit2.o(.ARM.Collect$$libinit$$00000002)
    __rt_lib_init_fp_trap_1                  0x000002fb   Thumb Code     0  libinit2.o(.ARM.Collect$$libinit$$0000001D)
    __rt_lib_init_getenv_1                   0x000002fb   Thumb Code     0  libinit2.o(.ARM.Collect$$libinit$$00000021)
    __rt_lib_init_heap_1                     0x000002fb   Thumb Code     0  libinit2.o(.ARM.Collect$$libinit$$00000008)
    __rt_lib_init_lc_collate_1               0x000002fb   Thumb Code     0  libinit2.o(.ARM.Collect$$libinit$$0000000F)
    __rt_lib_init_lc_ctype_1                 0x000002fb   Thumb Code     0  libinit2.o(.ARM.Collect$$libinit$$00000011)
    __rt_lib_init_lc_monetary_1              0x000002fb   Thumb Code     0  libinit2.o(.ARM.Collect$$libinit$$00000013)
    __rt_lib_init_lc_numeric_1               0x000002fb   Thumb Code     0  libinit2.o(.ARM.Collect$$libinit$$00000015)
    __rt_lib_init_lc_time_1                  0x000002fb   Thumb Code     0  libinit2.o(.ARM.Collect$$libinit$$00000017)
    __rt_lib_init_rand_1                     0x000002fb   Thumb Code     0  libinit2.o(.ARM.Collect$$libinit$$0000000C)
    __rt_lib_init_return                     0x000002fb   Thumb Code     0  libinit2.o(.ARM.Collect$$libinit$$00000031)
    __rt_lib_init_signal_1                   0x000002fb   Thumb Code     0  libinit2.o(.ARM.Collect$$libinit$$0000001B)
    __rt_lib_init_stdio_1                    0x000002fb   Thumb Code     0  libinit2.o(.ARM.Collect$$libinit$$00000023)
    __rt_lib_init_user_alloc_1               0x000002fb   Thumb Code     0  libinit2.o(.ARM.Collect$$libinit$$0000000A)
    __rt_lib_shutdown                        0x000002fd   Thumb Code     0  libshutdown.o(.ARM.Collect$$libshutdown$$00000000)
    __rt_lib_shutdown_fp_trap_1              0x000002ff   Thumb Code     0  libshutdown2.o(.ARM.Collect$$libshutdown$$00000006)
    __rt_lib_shutdown_heap_1                 0x000002ff   Thumb Code     0  libshutdown2.o(.ARM.Collect$$libshutdown$$0000000E)
    __rt_lib_shutdown_return                 0x000002ff   Thumb Code     0  libshutdown2.o(.ARM.Collect$$libshutdown$$0000000F)
    __rt_lib_shutdown_signal_1               0x000002ff   Thumb Code     0  libshutdown2.o(.ARM.Collect$$libshutdown$$00000009)
    __rt_lib_shutdown_stdio_1                0x000002ff   Thumb Code     0  libshutdown2.o(.ARM.Collect$$libshutdown$$00000003)
    __rt_lib_shutdown_user_alloc_1           0x000002ff   Thumb Code     0  libshutdown2.o(.ARM.Collect$$libshutdown$$0000000B)
    __rt_entry                               0x00000301   Thumb Code     0  rtentry.o(.ARM.Collect$$rtentry$$00000000)
    __rt_entry_presh_1                       0x00000301   Thumb Code     0  rtentry2.o(.ARM.Collect$$rtentry$$00000002)
    __rt_entry_sh                            0x00000301   Thumb Code     0  rtentry4.o(.ARM.Collect$$rtentry$$00000004)
    __rt_entry_li                            0x00000307   Thumb Code     0  rtentry2.o(.ARM.Collect$$rtentry$$0000000A)
    __rt_entry_postsh_1                      0x00000307   Thumb Code     0  rtentry2.o(.ARM.Collect$$rtentry$$00000009)
    __rt_entry_main                          0x0000030b   Thumb Code     0  rtentry2.o(.ARM.Collect$$rtentry$$0000000D)
    __rt_entry_postli_1                      0x0000030b   Thumb Code     0  rtentry2.o(.ARM.Collect$$rtentry$$0000000C)
    __rt_exit                                0x00000313   Thumb Code     0  rtexit.o(.ARM.Collect$$rtexit$$00000000)
    __rt_exit_ls                             0x00000315   Thumb Code     0  rtexit2.o(.ARM.Collect$$rtexit$$00000003)
    __rt_exit_prels_1                        0x00000315   Thumb Code     0  rtexit2.o(.ARM.Collect$$rtexit$$00000002)
    __rt_exit_exit                           0x00000319   Thumb Code     0  rtexit2.o(.ARM.Collect$$rtexit$$00000004)
    Delay                                    0x00000321   Thumb Code     6  st7735.o(.emb_text)
    DisableInterrupts                        0x00000329   Thumb Code     0  startup.o(.text)
    EnableInterrupts                         0x0000032d   Thumb Code     0  startup.o(.text)
    StartCritical                            0x00000331   Thumb Code     0  startup.o(.text)
    EndCritical                              0x00000339   Thumb Code     0  startup.o(.text)
    WaitForInterrupt                         0x0000033f   Thumb Code     0  startup.o(.text)
    __user_initial_stackheap                 0x00000343   Thumb Code     0  startup.o(.text)
    StartOS                                  0x00000359   Thumb Code     2  os_asm.o(.text)
    SysTick_Handler                          0x00000379   Thumb Code     0  os_asm.o(.text)
    SVC_Handler                              0x000003b9   Thumb Code     0  os_asm.o(.text)
    __aeabi_memcpy4                          0x00000411   Thumb Code     0  rt_memcpy_w.o(.text)
    __aeabi_memcpy8                          0x00000411   Thumb Code     0  rt_memcpy_w.o(.text)
    __rt_memcpy_w                            0x00000411   Thumb Code   100  rt_memcpy_w.o(.text)
    _memcpy_lastbytes_aligned                0x00000459   Thumb Code     0  rt_memcpy_w.o(.text)
    strcmp                                   0x00000475   Thumb Code   128  strcmpv7m.o(.text)
    __use_two_region_memory                  0x000004f5   Thumb Code     2  heapauxi.o(.text)
    __rt_heap_escrow$2region                 0x000004f7   Thumb Code     2  heapauxi.o(.text)
    __rt_heap_expand$2region                 0x000004f9   Thumb Code     2  heapauxi.o(.text)
    __user_setup_stackheap                   0x000004fb   Thumb Code    74  sys_stackheap_outer.o(.text)
    exit                                     0x00000545   Thumb Code    12  exit.o(.text)
    __user_libspace                          0x00000551   Thumb Code     8  libspace.o(.text)
    __user_perproc_libspace                  0x00000551   Thumb Code     0  libspace.o(.text)
    __user_perthread_libspace                0x00000551   Thumb Code     0  libspace.o(.text)
    _sys_exit                                0x00000559   Thumb Code     8  sys_exit.o(.text)
    __I$use$semihosting                      0x00000565   Thumb Code     0  use_no_semi.o(.text)
    __use_no_semihosting_swi                 0x00000565   Thumb Code     2  use_no_semi.o(.text)
    __semihosting_library_function           0x00000567   Thumb Code     0  indicate_semi.o(.text)
    ADC0Seq2_Handler                         0x00000569   Thumb Code    78  adc.o(i.ADC0Seq2_Handler)
    ADC0_InitTimer0ATriggerSeq2              0x000005e5   Thumb Code  1092  adc.o(i.ADC0_InitTimer0ATriggerSeq2)
    Array_to_number                          0x00000a29   Thumb Code    56  interpreter.o(i.Array_to_number)
    CS_Init                                  0x00000a61   Thumb Code   132  diskio.o(i.CS_Init)
    Delay1ms                                 0x00000af9   Thumb Code    22  st7735.o(i.Delay1ms)
    Fifo_Init                                0x00000b11   Thumb Code    38  fifo.o(i.Fifo_Init)
    GPIOPortF_Handler                        0x00000bc9   Thumb Code    20  timer2.o(i.GPIOPortF_Handler)
    Heap_Free                                0x00000be1   Thumb Code   140  heap.o(i.Heap_Free)
    Heap_Init                                0x00000c71   Thumb Code    16  heap.o(i.Heap_Init)
    Heap_Malloc                              0x00000c89   Thumb Code    78  heap.o(i.Heap_Malloc)
    Idle                                     0x00000cdd   Thumb Code     4  sdcfile.o(i.Idle)
    Interpret                                0x00000ce1   Thumb Code    74  interpreter.o(i.Interpret)
    LCD_Interpret                            0x00000d31   Thumb Code   194  interpreter.o(i.LCD_Interpret)
    LOADER_CLEAR                             0x00000e21   Thumb Code    24  loader.o(i.LOADER_CLEAR)
    LOADER_OPEN_FOR_RD                       0x00000e39   Thumb Code    24  loader.o(i.LOADER_OPEN_FOR_RD)
    LOADER_READ                              0x00000e55   Thumb Code    30  loader.o(i.LOADER_READ)
    NLO                                      0x00000e75   Thumb Code    22  uart.o(i.NLO)
    OS_AddProcess                            0x00000e95   Thumb Code   138  os.o(i.OS_AddProcess)
    OS_AddThread                             0x00000f25   Thumb Code   522  os.o(i.OS_AddThread)
    OS_AddThread1                            0x0000114d   Thumb Code   446  os.o(i.OS_AddThread1)
    OS_DisableInterrupts                     0x00001325   Thumb Code    22  os.o(i.OS_DisableInterrupts)
    OS_EnableInterrupts                      0x00001345   Thumb Code    54  os.o(i.OS_EnableInterrupts)
    OS_Fifo_Init                             0x0000138d   Thumb Code    10  os.o(i.OS_Fifo_Init)
    OS_Id                                    0x00001399   Thumb Code     8  os.o(i.OS_Id)
    OS_Init                                  0x000013a5   Thumb Code   114  os.o(i.OS_Init)
    OS_InitSemaphore                         0x0000142d   Thumb Code    10  os.o(i.OS_InitSemaphore)
    OS_Kill                                  0x00001439   Thumb Code   196  os.o(i.OS_Kill)
    OS_Launch                                0x0000150d   Thumb Code    52  os.o(i.OS_Launch)
    OS_MailBox_Init                          0x00001549   Thumb Code    26  os.o(i.OS_MailBox_Init)
    OS_Sleep                                 0x00001571   Thumb Code   232  os.o(i.OS_Sleep)
    OS_Suspend                               0x00001665   Thumb Code    18  os.o(i.OS_Suspend)
    OS_Time                                  0x0000167d   Thumb Code    40  os.o(i.OS_Time)
    OS_bSignal                               0x000016ad   Thumb Code   154  os.o(i.OS_bSignal)
    OS_bWait                                 0x0000174d   Thumb Code   356  os.o(i.OS_bWait)
    Output_Clear                             0x000018b9   Thumb Code    10  st7735.o(i.Output_Clear)
    PLL_Init                                 0x000018c5   Thumb Code   118  pll.o(i.PLL_Init)
    PortE_Init                               0x00001941   Thumb Code    86  sdcfile.o(i.PortE_Init)
    SDC_CS_Init                              0x000019a9   Thumb Code   132  st7735.o(i.SDC_CS_Init)
    SSI0_Init                                0x00001a41   Thumb Code   296  diskio.o(i.SSI0_Init)
    ST7735_Color565                          0x00001b89   Thumb Code    24  st7735.o(i.ST7735_Color565)
    ST7735_DrawCharS                         0x00001ba1   Thumb Code   232  st7735.o(i.ST7735_DrawCharS)
    ST7735_DrawFastHLine                     0x00001c95   Thumb Code   116  st7735.o(i.ST7735_DrawFastHLine)
    ST7735_DrawPixel                         0x00001d11   Thumb Code    64  st7735.o(i.ST7735_DrawPixel)
    ST7735_DrawString                        0x00001d59   Thumb Code    84  st7735.o(i.ST7735_DrawString)
    ST7735_FillRect                          0x00001dad   Thumb Code   164  st7735.o(i.ST7735_FillRect)
    ST7735_FillScreen                        0x00001e59   Thumb Code    28  st7735.o(i.ST7735_FillScreen)
    ST7735_InitR                             0x00001e7d   Thumb Code    90  st7735.o(i.ST7735_InitR)
    ST7735_Message                           0x00001ef9   Thumb Code   100  st7735.o(i.ST7735_Message)
    ST7735_SetCursor                         0x00001f61   Thumb Code    22  st7735.o(i.ST7735_SetCursor)
    ST7735_SetRotation                       0x00001f81   Thumb Code   196  st7735.o(i.ST7735_SetRotation)
    SetInitialStack                          0x00002055   Thumb Code   498  os.o(i.SetInitialStack)
    ThreeWord_Interpret                      0x00002251   Thumb Code   302  interpreter.o(i.ThreeWord_Interpret)
    Timer1A_Handler                          0x0000241d   Thumb Code   222  os.o(i.Timer1A_Handler)
    Timer2A_Handler                          0x00002511   Thumb Code   112  timer2.o(i.Timer2A_Handler)
    Timer3A_Handler                          0x00002599   Thumb Code    82  timer2.o(i.Timer3A_Handler)
    Timer5A_Handler                          0x0000264d   Thumb Code    14  diskio.o(i.Timer5A_Handler)
    Timer5_Init                              0x00002661   Thumb Code    84  diskio.o(i.Timer5_Init)
    TwoWord_Interpret                        0x000026cd   Thumb Code   126  interpreter.o(i.TwoWord_Interpret)
    UART0_Handler                            0x00002789   Thumb Code    82  uart.o(i.UART0_Handler)
    UART_InChar                              0x000027e1   Thumb Code    20  uart.o(i.UART_InChar)
    UART_InString                            0x000027f5   Thumb Code    70  uart.o(i.UART_InString)
    UART_Init                                0x0000283d   Thumb Code   176  uart.o(i.UART_Init)
    UART_Interpret                           0x00002905   Thumb Code   266  interpreter.o(i.UART_Interpret)
    UART_OutChar                             0x00002a8d   Thumb Code    46  uart.o(i.UART_OutChar)
    UART_OutString                           0x00002ac1   Thumb Code    22  uart.o(i.UART_OutString)
    UART_OutUDec                             0x00002ad7   Thumb Code    42  uart.o(i.UART_OutUDec)
    UART_compare                             0x00002b01   Thumb Code    78  interpreter.o(i.UART_compare)
    UART_invalid_command                     0x00002b51   Thumb Code    20  interpreter.o(i.UART_invalid_command)
    URxFifo_Init                             0x00002b79   Thumb Code    26  uart.o(i.URxFifo_Init)
    URxFifo_Put                              0x00002b9d   Thumb Code    48  uart.o(i.URxFifo_Put)
    URxFifo_Size                             0x00002bd9   Thumb Code    12  uart.o(i.URxFifo_Size)
    UTxFifo_Get                              0x00002bed   Thumb Code    46  uart.o(i.UTxFifo_Get)
    UTxFifo_Init                             0x00002c29   Thumb Code    26  uart.o(i.UTxFifo_Init)
    UTxFifo_Put                              0x00002c4d   Thumb Code    48  uart.o(i.UTxFifo_Put)
    UTxFifo_Size                             0x00002c89   Thumb Code    12  uart.o(i.UTxFifo_Size)
    UUUTxFifo_Get                            0x00002c9d   Thumb Code    46  uart.o(i.UUUTxFifo_Get)
    clust2sect                               0x00002e25   Thumb Code    26  ff.o(i.clust2sect)
    disk_initialize                          0x000035dd   Thumb Code   330  diskio.o(i.disk_initialize)
    disk_ioctl                               0x00003739   Thumb Code   544  diskio.o(i.disk_ioctl)
    disk_read                                0x00003961   Thumb Code   136  diskio.o(i.disk_read)
    disk_status                              0x000039f1   Thumb Code    14  diskio.o(i.disk_status)
    disk_timerproc                           0x00003a05   Thumb Code    52  diskio.o(i.disk_timerproc)
    disk_write                               0x00003a45   Thumb Code   170  diskio.o(i.disk_write)
    exec_elf                                 0x00003afd   Thumb Code   184  loader.o(i.exec_elf)
    f_close                                  0x00003be5   Thumb Code    32  ff.o(i.f_close)
    f_lseek                                  0x00003c05   Thumb Code   382  ff.o(i.f_lseek)
    f_mount                                  0x00003d85   Thumb Code    86  ff.o(i.f_mount)
    f_open                                   0x00003de1   Thumb Code   348  ff.o(i.f_open)
    f_read                                   0x00003f41   Thumb Code   414  ff.o(i.f_read)
    f_sync                                   0x000040e1   Thumb Code   170  ff.o(i.f_sync)
    get_fat                                  0x000045f7   Thumb Code   242  ff.o(i.get_fat)
    main                                     0x00004c09   Thumb Code   160  sdcfile.o(i.main)
    menu                                     0x00004d99   Thumb Code   118  interpreter.o(i.menu)
    printFile                                0x00005179   Thumb Code    70  interpreter.o(i.printFile)
    put_fat                                  0x000051d1   Thumb Code   326  ff.o(i.put_fat)
    substring                                0x00005a51   Thumb Code    60  interpreter.o(i.substring)
    smallCircle                              0x00006408   Data          36  st7735.o(.constdata)
    circle                                   0x0000642c   Data          60  st7735.o(.constdata)
    dBfs                                     0x00006468   Data         512  st7735.o(.constdata)
    Region$$Table$$Base                      0x000066bc   Number         0  anon$$obj.o(Region$$Table)
    Region$$Table$$Limit                     0x000066dc   Number         0  anon$$obj.o(Region$$Table)
    delay                                    0x20000000   Data           4  interpreter.o(.data)
    samples                                  0x20000004   Data           4  interpreter.o(.data)
    fsize                                    0x20000008   Data           4  fifo.o(.data)
    PutPt                                    0x2000000c   Data           4  fifo.o(.data)
    GetPt                                    0x20000010   Data           4  fifo.o(.data)
    StX                                      0x20000014   Data           4  st7735.o(.data)
    StY                                      0x20000018   Data           4  st7735.o(.data)
    StTextColor                              0x2000001c   Data           2  st7735.o(.data)
    lastj                                    0x20000024   Data           4  st7735.o(.data)
    Messageindex                             0x2000002c   Data           4  st7735.o(.data)
    Ymax                                     0x20000030   Data           4  st7735.o(.data)
    Ymin                                     0x20000034   Data           4  st7735.o(.data)
    X                                        0x20000038   Data           4  st7735.o(.data)
    Yrange                                   0x2000003c   Data           4  st7735.o(.data)
    current_sample                           0x20000040   Data           4  adc.o(.data)
    ADCvalue                                 0x20000044   Data           4  adc.o(.data)
    ADC_Collect_Task                         0x20000048   Data           4  adc.o(.data)
    count                                    0x2000004c   Data           4  os.o(.data)
    MailBox                                  0x20000050   Data           4  os.o(.data)
    OSTimerCount                             0x20000054   Data           4  os.o(.data)
    SleepPt                                  0x20000058   Data           4  os.o(.data)
    threadCount                              0x2000005c   Data           4  os.o(.data)
    maxInterruptTime                         0x20000060   Data           4  os.o(.data)
    disabled                                 0x20000064   Data           4  os.o(.data)
    enabled                                  0x20000068   Data           4  os.o(.data)
    RunPt                                    0x2000006c   Data           4  os.o(.data)
    RxPutI                                   0x20000070   Data           4  uart.o(.data)
    RxGetI                                   0x20000074   Data           4  uart.o(.data)
    UTxPutI                                  0x20000078   Data           4  uart.o(.data)
    UTxGetI                                  0x2000007c   Data           4  uart.o(.data)
    PeriodicTask                             0x20000080   Data           4  timer2.o(.data)
    PeriodicTask4                            0x20000084   Data           4  timer2.o(.data)
    last                                     0x20000088   Data           4  timer2.o(.data)
    periodicity                              0x2000008c   Data           4  timer2.o(.data)
    second_Time                              0x20000090   Data           4  timer2.o(.data)
    PeriodicTask2                            0x20000094   Data           4  timer2.o(.data)
    PeriodicTask3                            0x20000098   Data           4  timer2.o(.data)
    first_Time                               0x2000009c   Data           4  timer2.o(.data)
    MountFresult                             0x200000b8   Data           1  sdcfile.o(.data)
    Fresult                                  0x200000b9   Data           1  sdcfile.o(.data)
    NumCreated                               0x200000bc   Data           4  sdcfile.o(.data)
    instring                                 0x200000c0   Data          64  interpreter.o(.bss)
    heap_variable                            0x20000100   Data          20  interpreter.o(.bss)
    heap_variable_address                    0x20000114   Data          20  interpreter.o(.bss)
    RoomLeft                                 0x200001a8   Data          12  os.o(.bss)
    mutex                                    0x200001b4   Data          12  os.o(.bss)
    CurrentSize                              0x200001c0   Data          12  os.o(.bss)
    DataValid                                0x200001cc   Data          12  os.o(.bss)
    BoxFree                                  0x200001d8   Data          12  os.o(.bss)
    dummy                                    0x200001e4   Data          36  os.o(.bss)
    sleepingThreads                          0x20000208   Data          12  os.o(.bss)
    tcbs                                     0x20000214   Data        1080  os.o(.bss)
    pcbs                                     0x2000064c   Data         120  os.o(.bss)
    priorityPts                              0x200006c4   Data          20  os.o(.bss)
    LCDFree                                  0x200006d8   Data          12  os.o(.bss)
    Stacks                                   0x200006e4   Data       14400  os.o(.bss)
    pStacks                                  0x20003f24   Data        2880  os.o(.bss)
    priorityCount                            0x20004a64   Data          20  os.o(.bss)
    Handle                                   0x20004d2c   Data         548  sdcfile.o(.bss)
    Handle2                                  0x20004f50   Data         548  sdcfile.o(.bss)
    buffer                                   0x20005174   Data         512  sdcfile.o(.bss)
    __libspace_start                         0x20006614   Data          96  libspace.o(.bss)
    __temporary_stack_top$libspace           0x20006674   Data           0  libspace.o(.bss)



==============================================================================

Memory Map of the image

  Image Entry point : 0x0000026d

  Load Region LR_1 (Base: 0x00000000, Size: 0x0000679c, Max: 0xffffffff, ABSOLUTE)

    Execution Region ER_RO (Base: 0x00000000, Size: 0x000066dc, Max: 0xffffffff, ABSOLUTE)

    Base Addr    Size         Type   Attr      Idx    E Section Name        Object

    0x00000000   0x00000284   Code   RO            3  * RESET               startup.o
    0x00000284   0x00000008   Code   RO         1753  * !!!main             c_w.l(__main.o)
    0x0000028c   0x00000034   Code   RO         1907    !!!scatter          c_w.l(__scatter.o)
    0x000002c0   0x0000001a   Code   RO         1909    !!handler_copy      c_w.l(__scatter_copy.o)
    0x000002da   0x00000002   PAD
    0x000002dc   0x0000001c   Code   RO         1911    !!handler_zi        c_w.l(__scatter_zi.o)
    0x000002f8   0x00000002   Code   RO         1780    .ARM.Collect$$libinit$$00000000  c_w.l(libinit.o)
    0x000002fa   0x00000000   Code   RO         1787    .ARM.Collect$$libinit$$00000002  c_w.l(libinit2.o)
    0x000002fa   0x00000000   Code   RO         1790    .ARM.Collect$$libinit$$00000008  c_w.l(libinit2.o)
    0x000002fa   0x00000000   Code   RO         1792    .ARM.Collect$$libinit$$0000000A  c_w.l(libinit2.o)
    0x000002fa   0x00000000   Code   RO         1794    .ARM.Collect$$libinit$$0000000C  c_w.l(libinit2.o)
    0x000002fa   0x00000000   Code   RO         1797    .ARM.Collect$$libinit$$0000000F  c_w.l(libinit2.o)
    0x000002fa   0x00000000   Code   RO         1799    .ARM.Collect$$libinit$$00000011  c_w.l(libinit2.o)
    0x000002fa   0x00000000   Code   RO         1801    .ARM.Collect$$libinit$$00000013  c_w.l(libinit2.o)
    0x000002fa   0x00000000   Code   RO         1803    .ARM.Collect$$libinit$$00000015  c_w.l(libinit2.o)
    0x000002fa   0x00000000   Code   RO         1805    .ARM.Collect$$libinit$$00000017  c_w.l(libinit2.o)
    0x000002fa   0x00000000   Code   RO         1807    .ARM.Collect$$libinit$$00000019  c_w.l(libinit2.o)
    0x000002fa   0x00000000   Code   RO         1809    .ARM.Collect$$libinit$$0000001B  c_w.l(libinit2.o)
    0x000002fa   0x00000000   Code   RO         1811    .ARM.Collect$$libinit$$0000001D  c_w.l(libinit2.o)
    0x000002fa   0x00000000   Code   RO         1813    .ARM.Collect$$libinit$$0000001F  c_w.l(libinit2.o)
    0x000002fa   0x00000000   Code   RO         1815    .ARM.Collect$$libinit$$00000021  c_w.l(libinit2.o)
    0x000002fa   0x00000000   Code   RO         1817    .ARM.Collect$$libinit$$00000023  c_w.l(libinit2.o)
    0x000002fa   0x00000000   Code   RO         1821    .ARM.Collect$$libinit$$0000002A  c_w.l(libinit2.o)
    0x000002fa   0x00000000   Code   RO         1823    .ARM.Collect$$libinit$$0000002C  c_w.l(libinit2.o)
    0x000002fa   0x00000000   Code   RO         1825    .ARM.Collect$$libinit$$0000002E  c_w.l(libinit2.o)
    0x000002fa   0x00000000   Code   RO         1827    .ARM.Collect$$libinit$$00000030  c_w.l(libinit2.o)
    0x000002fa   0x00000002   Code   RO         1828    .ARM.Collect$$libinit$$00000031  c_w.l(libinit2.o)
    0x000002fc   0x00000002   Code   RO         1848    .ARM.Collect$$libshutdown$$00000000  c_w.l(libshutdown.o)
    0x000002fe   0x00000000   Code   RO         1862    .ARM.Collect$$libshutdown$$00000003  c_w.l(libshutdown2.o)
    0x000002fe   0x00000000   Code   RO         1865    .ARM.Collect$$libshutdown$$00000006  c_w.l(libshutdown2.o)
    0x000002fe   0x00000000   Code   RO         1868    .ARM.Collect$$libshutdown$$00000009  c_w.l(libshutdown2.o)
    0x000002fe   0x00000000   Code   RO         1870    .ARM.Collect$$libshutdown$$0000000B  c_w.l(libshutdown2.o)
    0x000002fe   0x00000000   Code   RO         1873    .ARM.Collect$$libshutdown$$0000000E  c_w.l(libshutdown2.o)
    0x000002fe   0x00000002   Code   RO         1874    .ARM.Collect$$libshutdown$$0000000F  c_w.l(libshutdown2.o)
    0x00000300   0x00000000   Code   RO         1755    .ARM.Collect$$rtentry$$00000000  c_w.l(rtentry.o)
    0x00000300   0x00000000   Code   RO         1757    .ARM.Collect$$rtentry$$00000002  c_w.l(rtentry2.o)
    0x00000300   0x00000006   Code   RO         1769    .ARM.Collect$$rtentry$$00000004  c_w.l(rtentry4.o)
    0x00000306   0x00000000   Code   RO         1759    .ARM.Collect$$rtentry$$00000009  c_w.l(rtentry2.o)
    0x00000306   0x00000004   Code   RO         1760    .ARM.Collect$$rtentry$$0000000A  c_w.l(rtentry2.o)
    0x0000030a   0x00000000   Code   RO         1762    .ARM.Collect$$rtentry$$0000000C  c_w.l(rtentry2.o)
    0x0000030a   0x00000008   Code   RO         1763    .ARM.Collect$$rtentry$$0000000D  c_w.l(rtentry2.o)
    0x00000312   0x00000002   Code   RO         1784    .ARM.Collect$$rtexit$$00000000  c_w.l(rtexit.o)
    0x00000314   0x00000000   Code   RO         1830    .ARM.Collect$$rtexit$$00000002  c_w.l(rtexit2.o)
    0x00000314   0x00000004   Code   RO         1831    .ARM.Collect$$rtexit$$00000003  c_w.l(rtexit2.o)
    0x00000318   0x00000006   Code   RO         1832    .ARM.Collect$$rtexit$$00000004  c_w.l(rtexit2.o)
    0x0000031e   0x00000002   PAD
    0x00000320   0x00000006   Code   RO          184    .emb_text           st7735.o
    0x00000326   0x00000002   PAD
    0x00000328   0x00000030   Code   RO            4    .text               startup.o
    0x00000358   0x000000b8   Code   RO          944    .text               os_asm.o
    0x00000410   0x00000064   Code   RO         1747    .text               c_w.l(rt_memcpy_w.o)
    0x00000474   0x00000080   Code   RO         1749    .text               c_w.l(strcmpv7m.o)
    0x000004f4   0x00000006   Code   RO         1751    .text               c_w.l(heapauxi.o)
    0x000004fa   0x0000004a   Code   RO         1771    .text               c_w.l(sys_stackheap_outer.o)
    0x00000544   0x0000000c   Code   RO         1773    .text               c_w.l(exit.o)
    0x00000550   0x00000008   Code   RO         1781    .text               c_w.l(libspace.o)
    0x00000558   0x0000000c   Code   RO         1840    .text               c_w.l(sys_exit.o)
    0x00000564   0x00000002   Code   RO         1851    .text               c_w.l(use_no_semi.o)
    0x00000566   0x00000000   Code   RO         1853    .text               c_w.l(indicate_semi.o)
    0x00000566   0x00000002   PAD
    0x00000568   0x0000007c   Code   RO          486    i.ADC0Seq2_Handler  adc.o
    0x000005e4   0x00000444   Code   RO          487    i.ADC0_InitTimer0ATriggerSeq2  adc.o
    0x00000a28   0x00000038   Code   RO           34    i.Array_to_number   interpreter.o
    0x00000a60   0x00000098   Code   RO          947    i.CS_Init           diskio.o
    0x00000af8   0x00000016   Code   RO          185    i.Delay1ms          st7735.o
    0x00000b0e   0x00000002   PAD
    0x00000b10   0x00000040   Code   RO          144    i.Fifo_Init         fifo.o
    0x00000b50   0x0000003c   Code   RO          871    i.GPIOArm           timer2.o
    0x00000b8c   0x0000003c   Code   RO          872    i.GPIOArm2          timer2.o
    0x00000bc8   0x00000018   Code   RO          873    i.GPIOPortF_Handler  timer2.o
    0x00000be0   0x00000090   Code   RO         1433    i.Heap_Free         heap.o
    0x00000c70   0x00000018   Code   RO         1434    i.Heap_Init         heap.o
    0x00000c88   0x00000054   Code   RO         1435    i.Heap_Malloc       heap.o
    0x00000cdc   0x00000004   Code   RO         1373    i.Idle              sdcfile.o
    0x00000ce0   0x00000050   Code   RO           35    i.Interpret         interpreter.o
    0x00000d30   0x000000f0   Code   RO           36    i.LCD_Interpret     interpreter.o
    0x00000e20   0x00000018   Code   RO         1542    i.LOADER_CLEAR      loader.o
    0x00000e38   0x0000001c   Code   RO         1543    i.LOADER_OPEN_FOR_RD  loader.o
    0x00000e54   0x0000001e   Code   RO         1544    i.LOADER_READ       loader.o
    0x00000e72   0x00000002   PAD
    0x00000e74   0x00000020   Code   RO          731    i.NLO               uart.o
    0x00000e94   0x00000090   Code   RO          527    i.OS_AddProcess     os.o
    0x00000f24   0x00000228   Code   RO          530    i.OS_AddThread      os.o
    0x0000114c   0x000001d8   Code   RO          531    i.OS_AddThread1     os.o
    0x00001324   0x00000020   Code   RO          533    i.OS_DisableInterrupts  os.o
    0x00001344   0x00000048   Code   RO          534    i.OS_EnableInterrupts  os.o
    0x0000138c   0x0000000a   Code   RO          536    i.OS_Fifo_Init      os.o
    0x00001396   0x00000002   PAD
    0x00001398   0x0000000c   Code   RO          539    i.OS_Id             os.o
    0x000013a4   0x00000088   Code   RO          540    i.OS_Init           os.o
    0x0000142c   0x0000000a   Code   RO          541    i.OS_InitSemaphore  os.o
    0x00001436   0x00000002   PAD
    0x00001438   0x000000d4   Code   RO          542    i.OS_Kill           os.o
    0x0000150c   0x0000003c   Code   RO          543    i.OS_Launch         os.o
    0x00001548   0x00000028   Code   RO          544    i.OS_MailBox_Init   os.o
    0x00001570   0x000000f4   Code   RO          549    i.OS_Sleep          os.o
    0x00001664   0x00000018   Code   RO          550    i.OS_Suspend        os.o
    0x0000167c   0x00000030   Code   RO          551    i.OS_Time           os.o
    0x000016ac   0x000000a0   Code   RO          554    i.OS_bSignal        os.o
    0x0000174c   0x0000016c   Code   RO          555    i.OS_bWait          os.o
    0x000018b8   0x0000000a   Code   RO          186    i.Output_Clear      st7735.o
    0x000018c2   0x00000002   PAD
    0x000018c4   0x0000007c   Code   RO           12    i.PLL_Init          pll.o
    0x00001940   0x00000068   Code   RO         1374    i.PortE_Init        sdcfile.o
    0x000019a8   0x00000098   Code   RO          191    i.SDC_CS_Init       st7735.o
    0x00001a40   0x00000148   Code   RO          948    i.SSI0_Init         diskio.o
    0x00001b88   0x00000018   Code   RO          192    i.ST7735_Color565   st7735.o
    0x00001ba0   0x000000f4   Code   RO          195    i.ST7735_DrawCharS  st7735.o
    0x00001c94   0x0000007c   Code   RO          197    i.ST7735_DrawFastHLine  st7735.o
    0x00001d10   0x00000048   Code   RO          199    i.ST7735_DrawPixel  st7735.o
    0x00001d58   0x00000054   Code   RO          201    i.ST7735_DrawString  st7735.o
    0x00001dac   0x000000ac   Code   RO          202    i.ST7735_FillRect   st7735.o
    0x00001e58   0x00000024   Code   RO          203    i.ST7735_FillScreen  st7735.o
    0x00001e7c   0x0000007c   Code   RO          205    i.ST7735_InitR      st7735.o
    0x00001ef8   0x00000068   Code   RO          207    i.ST7735_Message    st7735.o
    0x00001f60   0x00000020   Code   RO          219    i.ST7735_SetCursor  st7735.o
    0x00001f80   0x000000d4   Code   RO          220    i.ST7735_SetRotation  st7735.o
    0x00002054   0x000001fc   Code   RO          556    i.SetInitialStack   os.o
    0x00002250   0x000001cc   Code   RO           37    i.ThreeWord_Interpret  interpreter.o
    0x0000241c   0x000000f4   Code   RO          557    i.Timer1A_Handler   os.o
    0x00002510   0x00000088   Code   RO          876    i.Timer2A_Handler   timer2.o
    0x00002598   0x00000068   Code   RO          878    i.Timer3A_Handler   timer2.o
    0x00002600   0x0000004c   Code   RO          879    i.Timer3Arm         timer2.o
    0x0000264c   0x00000014   Code   RO          949    i.Timer5A_Handler   diskio.o
    0x00002660   0x0000006c   Code   RO          950    i.Timer5_Init       diskio.o
    0x000026cc   0x000000bc   Code   RO           38    i.TwoWord_Interpret  interpreter.o
    0x00002788   0x00000058   Code   RO          732    i.UART0_Handler     uart.o
    0x000027e0   0x00000014   Code   RO          733    i.UART_InChar       uart.o
    0x000027f4   0x00000046   Code   RO          735    i.UART_InString     uart.o
    0x0000283a   0x00000002   PAD
    0x0000283c   0x000000c8   Code   RO          738    i.UART_Init         uart.o
    0x00002904   0x00000188   Code   RO           39    i.UART_Interpret    interpreter.o
    0x00002a8c   0x00000034   Code   RO          739    i.UART_OutChar      uart.o
    0x00002ac0   0x00000016   Code   RO          740    i.UART_OutString    uart.o
    0x00002ad6   0x0000002a   Code   RO          741    i.UART_OutUDec      uart.o
    0x00002b00   0x0000004e   Code   RO           40    i.UART_compare      interpreter.o
    0x00002b4e   0x00000002   PAD
    0x00002b50   0x00000028   Code   RO           41    i.UART_invalid_command  interpreter.o
    0x00002b78   0x00000024   Code   RO          743    i.URxFifo_Init      uart.o
    0x00002b9c   0x0000003c   Code   RO          744    i.URxFifo_Put       uart.o
    0x00002bd8   0x00000014   Code   RO          745    i.URxFifo_Size      uart.o
    0x00002bec   0x0000003c   Code   RO          746    i.UTxFifo_Get       uart.o
    0x00002c28   0x00000024   Code   RO          747    i.UTxFifo_Init      uart.o
    0x00002c4c   0x0000003c   Code   RO          748    i.UTxFifo_Put       uart.o
    0x00002c88   0x00000014   Code   RO          749    i.UTxFifo_Size      uart.o
    0x00002c9c   0x0000003c   Code   RO          750    i.UUUTxFifo_Get     uart.o
    0x00002cd8   0x00000058   Code   RO         1546    i.addressOf         loader.o
    0x00002d30   0x00000012   Code   RO         1439    i.blockHeader       heap.o
    0x00002d42   0x00000012   Code   RO         1440    i.blockRoom         heap.o
    0x00002d54   0x00000012   Code   RO         1441    i.blockTrailer      heap.o
    0x00002d66   0x00000008   Code   RO         1442    i.blockUnused       heap.o
    0x00002d6e   0x00000010   Code   RO         1443    i.blockUsed         heap.o
    0x00002d7e   0x00000002   PAD
    0x00002d80   0x00000090   Code   RO         1079    i.check_fs          ff.o
    0x00002e10   0x00000014   Code   RO         1080    i.chk_chr           ff.o
    0x00002e24   0x0000001a   Code   RO         1081    i.clust2sect        ff.o
    0x00002e3e   0x00000056   Code   RO          223    i.commandList       st7735.o
    0x00002e94   0x000001b4   Code   RO          224    i.commonInit        st7735.o
    0x00003048   0x00000028   Code   RO          751    i.copyHardwareToSoftware  uart.o
    0x00003070   0x0000002c   Code   RO          752    i.copySoftwareToHardware  uart.o
    0x0000309c   0x000000d6   Code   RO         1082    i.create_chain      ff.o
    0x00003172   0x00000002   PAD
    0x00003174   0x000001b4   Code   RO         1083    i.create_name       ff.o
    0x00003328   0x00000014   Code   RO          951    i.deselect          diskio.o
    0x0000333c   0x0000005c   Code   RO         1084    i.dir_alloc         ff.o
    0x00003398   0x0000005c   Code   RO         1085    i.dir_find          ff.o
    0x000033f4   0x0000010e   Code   RO         1086    i.dir_next          ff.o
    0x00003502   0x0000003a   Code   RO         1088    i.dir_register      ff.o
    0x0000353c   0x0000009e   Code   RO         1090    i.dir_sdi           ff.o
    0x000035da   0x00000002   PAD
    0x000035dc   0x0000015c   Code   RO          952    i.disk_initialize   diskio.o
    0x00003738   0x00000228   Code   RO          953    i.disk_ioctl        diskio.o
    0x00003960   0x00000090   Code   RO          954    i.disk_read         diskio.o
    0x000039f0   0x00000014   Code   RO          955    i.disk_status       diskio.o
    0x00003a04   0x00000040   Code   RO          956    i.disk_timerproc    diskio.o
    0x00003a44   0x000000b4   Code   RO          957    i.disk_write        diskio.o
    0x00003af8   0x00000002   Code   RO         1547    i.dumpData          loader.o
    0x00003afa   0x00000002   PAD
    0x00003afc   0x000000e8   Code   RO         1548    i.exec_elf          loader.o
    0x00003be4   0x00000020   Code   RO         1093    i.f_close           ff.o
    0x00003c04   0x0000017e   Code   RO         1098    i.f_lseek           ff.o
    0x00003d82   0x00000002   PAD
    0x00003d84   0x0000005c   Code   RO         1101    i.f_mount           ff.o
    0x00003de0   0x00000160   Code   RO         1102    i.f_open            ff.o
    0x00003f40   0x0000019e   Code   RO         1104    i.f_read            ff.o
    0x000040de   0x00000002   PAD
    0x000040e0   0x000000b0   Code   RO         1109    i.f_sync            ff.o
    0x00004190   0x0000038c   Code   RO         1114    i.find_volume       ff.o
    0x0000451c   0x000000ae   Code   RO         1115    i.follow_path       ff.o
    0x000045ca   0x0000000c   Code   RO         1549    i.freeElf           loader.o
    0x000045d6   0x00000010   Code   RO         1550    i.freeSection       loader.o
    0x000045e6   0x00000010   Code   RO         1551    i.freeSegment       loader.o
    0x000045f6   0x000000f2   Code   RO         1116    i.get_fat           ff.o
    0x000046e8   0x00000048   Code   RO         1118    i.get_ldnumber      ff.o
    0x00004730   0x0000001c   Code   RO         1444    i.inHeapRange       heap.o
    0x0000474c   0x00000086   Code   RO         1552    i.initElf           loader.o
    0x000047d2   0x00000002   PAD
    0x000047d4   0x00000028   Code   RO          958    i.init_spi          diskio.o
    0x000047fc   0x00000048   Code   RO         1553    i.jumpTo            loader.o
    0x00004844   0x00000020   Code   RO         1119    i.ld_clust          ff.o
    0x00004864   0x000000fc   Code   RO         1554    i.loadProgram       loader.o
    0x00004960   0x000000ec   Code   RO         1555    i.loadSecData       loader.o
    0x00004a4c   0x000000f4   Code   RO         1556    i.loadSegData       loader.o
    0x00004b40   0x000000c8   Code   RO         1557    i.loadSymbols       loader.o
    0x00004c08   0x000000dc   Code   RO         1378    i.main              sdcfile.o
    0x00004ce4   0x00000030   Code   RO         1445    i.markBlockUnused   heap.o
    0x00004d14   0x00000030   Code   RO         1446    i.markBlockUsed     heap.o
    0x00004d44   0x00000026   Code   RO         1120    i.mem_cmp           ff.o
    0x00004d6a   0x0000001a   Code   RO         1121    i.mem_cpy           ff.o
    0x00004d84   0x00000014   Code   RO         1122    i.mem_set           ff.o
    0x00004d98   0x00000194   Code   RO           42    i.menu              interpreter.o
    0x00004f2c   0x0000002e   Code   RO         1447    i.mergeBlockWithBelow  heap.o
    0x00004f5a   0x00000034   Code   RO         1123    i.move_window       ff.o
    0x00004f8e   0x0000000e   Code   RO         1448    i.nextBlockHeader   heap.o
    0x00004f9c   0x00000084   Code   RO         1558    i.placeDynamic      loader.o
    0x00005020   0x0000014c   Code   RO         1559    i.placeInfo         loader.o
    0x0000516c   0x0000000c   Code   RO         1449    i.previousBlockHeader  heap.o
    0x00005178   0x00000046   Code   RO           43    i.printFile         interpreter.o
    0x000051be   0x00000012   Code   RO          229    i.pushColor         st7735.o
    0x000051d0   0x00000146   Code   RO         1124    i.put_fat           ff.o
    0x00005316   0x00000002   PAD
    0x00005318   0x00000048   Code   RO          959    i.rcvr_datablock    diskio.o
    0x00005360   0x0000002c   Code   RO          960    i.rcvr_spi          diskio.o
    0x0000538c   0x00000018   Code   RO          961    i.rcvr_spi_multi    diskio.o
    0x000053a4   0x0000003e   Code   RO         1560    i.readSecHeader     loader.o
    0x000053e2   0x0000003a   Code   RO         1561    i.readSection       loader.o
    0x0000541c   0x00000044   Code   RO         1562    i.readSectionName   loader.o
    0x00005460   0x0000003a   Code   RO         1563    i.readSegHeader     loader.o
    0x0000549a   0x00000072   Code   RO         1565    i.readSymbol        loader.o
    0x0000550c   0x00000044   Code   RO         1566    i.readSymbolName    loader.o
    0x00005550   0x000000a6   Code   RO         1567    i.relJmpCall        loader.o
    0x000055f6   0x00000002   PAD
    0x000055f8   0x000000c8   Code   RO         1568    i.relocate          loader.o
    0x000056c0   0x00000040   Code   RO         1569    i.relocateProgram   loader.o
    0x00005700   0x00000084   Code   RO         1570    i.relocateSection   loader.o
    0x00005784   0x00000048   Code   RO         1571    i.relocateSections  loader.o
    0x000057cc   0x00000038   Code   RO         1572    i.relocateSymbol    loader.o
    0x00005804   0x0000006c   Code   RO         1125    i.remove_chain      ff.o
    0x00005870   0x00000046   Code   RO         1573    i.sectionOf         loader.o
    0x000058b6   0x00000002   PAD
    0x000058b8   0x00000030   Code   RO          962    i.select            diskio.o
    0x000058e8   0x00000096   Code   RO          963    i.send_cmd          diskio.o
    0x0000597e   0x00000002   PAD
    0x00005980   0x00000074   Code   RO          230    i.setAddrWindow     st7735.o
    0x000059f4   0x0000004c   Code   RO         1450    i.splitAndMarkBlockUsed  heap.o
    0x00005a40   0x00000010   Code   RO         1126    i.st_clust          ff.o
    0x00005a50   0x0000003c   Code   RO           44    i.substring         interpreter.o
    0x00005a8c   0x000000c8   Code   RO         1127    i.sync_fs           ff.o
    0x00005b54   0x00000052   Code   RO         1128    i.sync_window       ff.o
    0x00005ba6   0x00000036   Code   RO         1129    i.validate          ff.o
    0x00005bdc   0x00000030   Code   RO          965    i.wait_ready        diskio.o
    0x00005c0c   0x00000050   Code   RO          231    i.writecommand      st7735.o
    0x00005c5c   0x00000050   Code   RO          232    i.writedata         st7735.o
    0x00005cac   0x00000034   Code   RO          966    i.xchg_spi          diskio.o
    0x00005ce0   0x0000004c   Code   RO          967    i.xmit_datablock    diskio.o
    0x00005d2c   0x0000002c   Code   RO          968    i.xmit_spi_multi    diskio.o
    0x00005d58   0x000000ce   Data   RO           46    .constdata          interpreter.o
    0x00005e26   0x00000842   Data   RO          234    .constdata          st7735.o
    0x00006668   0x00000045   Data   RO         1577    .constdata          loader.o
    0x000066ad   0x0000000f   Data   RO           47    .conststring        interpreter.o
    0x000066bc   0x00000020   Data   RO         1905    Region$$Table       anon$$obj.o


    Execution Region ER_RW (Base: 0x20000000, Size: 0x000000c0, Max: 0xffffffff, ABSOLUTE)

    Base Addr    Size         Type   Attr      Idx    E Section Name        Object

    0x20000000   0x00000008   Data   RW           48    .data               interpreter.o
    0x20000008   0x0000000c   Data   RW          148    .data               fifo.o
    0x20000014   0x0000002c   Data   RW          235    .data               st7735.o
    0x20000040   0x0000000c   Data   RW          491    .data               adc.o
    0x2000004c   0x00000024   Data   RW          559    .data               os.o
    0x20000070   0x00000010   Data   RW          754    .data               uart.o
    0x20000080   0x00000020   Data   RW          882    .data               timer2.o
    0x200000a0   0x0000000d   Data   RW          969    .data               diskio.o
    0x200000ad   0x00000003   PAD
    0x200000b0   0x00000006   Data   RW         1131    .data               ff.o
    0x200000b6   0x00000002   PAD
    0x200000b8   0x00000008   Data   RW         1381    .data               sdcfile.o


    Execution Region ER_ZI (Base: 0x200000c0, Size: 0x000069b8, Max: 0xffffffff, ABSOLUTE)

    Base Addr    Size         Type   Attr      Idx    E Section Name        Object

    0x200000c0   0x00000068   Zero   RW           45    .bss                interpreter.o
    0x20000128   0x00000080   Zero   RW          147    .bss                fifo.o
    0x200001a8   0x000048d0   Zero   RW          558    .bss                os.o
    0x20004a78   0x00000080   Zero   RW          753    .bss                uart.o
    0x20004af8   0x0000087c   Zero   RW         1379    .bss                sdcfile.o
    0x20005374   0x00001000   Zero   RW         1451    .bss                heap.o
    0x20006374   0x000002a0   Zero   RW         1576    .bss                loader.o
    0x20006614   0x00000060   Zero   RW         1782    .bss                c_w.l(libspace.o)
    0x20006674   0x00000004   PAD
    0x20006678   0x00000000   Zero   RW            2    HEAP                startup.o
    0x20006678   0x00000400   Zero   RW            1    STACK               startup.o


==============================================================================

Image component sizes


      Code (inc. data)   RO Data    RW Data    ZI Data      Debug   Object Name

      1216        128          0         12          0       2830   adc.o
      2534        184          0         13          0      13261   diskio.o
      5308         56          0          6          0      25650   ff.o
        64         26          0         12        128       2137   fifo.o
       602         22          0          0       4096       7878   heap.o
      2068        704        221          8        104      19459   interpreter.o
      3238        688         69          0        672      20988   loader.o
      3344        226          0         36      18640      11461   os.o
       184         14          0          0          0        240   os_asm.o
       124          6          0          0          0       4635   pll.o
       328         78          0          8       2172       2872   sdcfile.o
      2234        218       2114         44          0      16247   st7735.o
       692        632          0          0       1024        924   startup.o
       460         92          0         32          0       3180   timer2.o
       962        144          0         16        128       9029   uart.o

    ----------------------------------------------------------------------
     23396       3218       2436        192      26964     140791   Object Totals
         0          0         32          0          0          0   (incl. Generated)
        38          0          0          5          0          0   (incl. Padding)

    ----------------------------------------------------------------------

      Code (inc. data)   RO Data    RW Data    ZI Data      Debug   Library Member Name

         8          0          0          0          0         68   __main.o
        52          8          0          0          0          0   __scatter.o
        26          0          0          0          0          0   __scatter_copy.o
        28          0          0          0          0          0   __scatter_zi.o
        12          0          0          0          0         72   exit.o
         6          0          0          0          0        152   heapauxi.o
         0          0          0          0          0          0   indicate_semi.o
         2          0          0          0          0          0   libinit.o
         2          0          0          0          0          0   libinit2.o
         2          0          0          0          0          0   libshutdown.o
         2          0          0          0          0          0   libshutdown2.o
         8          4          0          0         96         68   libspace.o
       100          0          0          0          0         80   rt_memcpy_w.o
         0          0          0          0          0          0   rtentry.o
        12          0          0          0          0          0   rtentry2.o
         6          0          0          0          0          0   rtentry4.o
         2          0          0          0          0          0   rtexit.o
        10          0          0          0          0          0   rtexit2.o
       128          0          0          0          0         68   strcmpv7m.o
        12          4          0          0          0         68   sys_exit.o
        74          0          0          0          0         80   sys_stackheap_outer.o
         2          0          0          0          0         68   use_no_semi.o

    ----------------------------------------------------------------------
       500         16          0          0        100        724   Library Totals
         6          0          0          0          4          0   (incl. Padding)

    ----------------------------------------------------------------------

      Code (inc. data)   RO Data    RW Data    ZI Data      Debug   Library Name

       494         16          0          0         96        724   c_w.l

    ----------------------------------------------------------------------
       500         16          0          0        100        724   Library Totals

    ----------------------------------------------------------------------

==============================================================================


      Code (inc. data)   RO Data    RW Data    ZI Data      Debug   

     23896       3234       2436        192      27064     131999   Grand Totals
     23896       3234       2436        192      27064     131999   ELF Image Totals
     23896       3234       2436        192          0          0   ROM Totals

==============================================================================

    Total RO  Size (Code + RO Data)                26332 (  25.71kB)
    Total RW  Size (RW Data + ZI Data)             27256 (  26.62kB)
    Total ROM Size (Code + RO Data + RW Data)      26524 (  25.90kB)

==============================================================================

